\BOOKMARK [0][-]{chapter.1}{\376\377\000M\000u\000l\000t\000i\000m\000e\000d\000i\000a\000\040\000R\000e\000p\000r\000e\000s\000e\000n\000t\000a\000t\000i\000o\000n\000\040\000a\000n\000d\000\040\000P\000e\000r\000c\000e\000p\000t\000i\000o\000n}{}% 1
\BOOKMARK [1][-]{section.1.1}{\376\377\000I\000n\000t\000r\000o\000d\000u\000c\000t\000i\000o\000n}{chapter.1}% 2
\BOOKMARK [1][-]{section.1.2}{\376\377\000T\000h\000e\000\040\000H\000u\000m\000a\000n\000\040\000V\000i\000s\000u\000a\000l\000\040\000S\000y\000s\000t\000e\000m}{chapter.1}% 3
\BOOKMARK [2][-]{subsection.1.2.1}{\376\377\000T\000h\000e\000\040\000E\000y\000e}{section.1.2}% 4
\BOOKMARK [2][-]{subsection.1.2.2}{\376\377\000L\000i\000g\000h\000t\000\040\000P\000e\000r\000c\000e\000p\000t\000i\000o\000n}{section.1.2}% 5
\BOOKMARK [2][-]{subsection.1.2.3}{\376\377\000C\000o\000n\000t\000r\000a\000s\000t\000\040\000S\000e\000n\000s\000i\000t\000i\000v\000i\000t\000y\000\040\000F\000u\000n\000c\000t\000i\000o\000n\000\040\000\050\000C\000S\000F\000\051}{section.1.2}% 6
\BOOKMARK [2][-]{subsection.1.2.4}{\376\377\000C\000o\000l\000o\000r\000\040\000P\000e\000r\000c\000e\000p\000t\000i\000o\000n}{section.1.2}% 7
\BOOKMARK [2][-]{subsection.1.2.5}{\376\377\000C\000o\000l\000o\000r\000\040\000S\000p\000a\000c\000e\000s}{section.1.2}% 8
\BOOKMARK [2][-]{subsection.1.2.6}{\376\377\000R\000G\000B\000\040\000t\000o\000\040\000Y\000C\000b\000C\000r\000\040\000C\000o\000n\000v\000e\000r\000s\000i\000o\000n}{section.1.2}% 9
\BOOKMARK [2][-]{subsection.1.2.7}{\376\377\000B\000e\000y\000o\000n\000d\000\040\000H\000V\000S\000:\000\040\000M\000a\000c\000h\000i\000n\000e\000-\000C\000e\000n\000t\000r\000i\000c\000\040\000M\000u\000l\000t\000i\000m\000e\000d\000i\000a}{section.1.2}% 10
\BOOKMARK [1][-]{section.1.3}{\376\377\000S\000o\000u\000n\000d\000\040\000P\000e\000r\000c\000e\000p\000t\000i\000o\000n}{chapter.1}% 11
\BOOKMARK [2][-]{subsection.1.3.1}{\376\377\000P\000u\000r\000e\000\040\000T\000o\000n\000e\000\040\000P\000e\000r\000c\000e\000p\000t\000i\000o\000n}{section.1.3}% 12
\BOOKMARK [2][-]{subsection.1.3.2}{\376\377\000H\000e\000a\000r\000i\000n\000g\000\040\000T\000h\000r\000e\000s\000h\000o\000l\000d}{section.1.3}% 13
\BOOKMARK [2][-]{subsection.1.3.3}{\376\377\000C\000r\000i\000t\000i\000c\000a\000l\000\040\000B\000a\000n\000d}{section.1.3}% 14
\BOOKMARK [2][-]{subsection.1.3.4}{\376\377\000M\000a\000s\000k\000i\000n\000g\000\040\000C\000u\000r\000v\000e\000s}{section.1.3}% 15
\BOOKMARK [2][-]{subsection.1.3.5}{\376\377\000M\000o\000d\000e\000l\000\040\000A\000p\000p\000l\000i\000c\000a\000t\000i\000o\000n}{section.1.3}% 16
\BOOKMARK [1][-]{section.1.4}{\376\377\000I\000m\000a\000g\000e\000\040\000a\000n\000d\000\040\000V\000i\000d\000e\000o\000\040\000R\000e\000p\000r\000e\000s\000e\000n\000t\000a\000t\000i\000o\000n}{chapter.1}% 17
\BOOKMARK [2][-]{subsection.1.4.1}{\376\377\000G\000r\000a\000y\000\040\000L\000e\000v\000e\000l\000\040\000I\000m\000a\000g\000e\000s}{section.1.4}% 18
\BOOKMARK [2][-]{subsection.1.4.2}{\376\377\000C\000o\000l\000o\000r\000\040\000R\000e\000p\000r\000e\000s\000e\000n\000t\000a\000t\000i\000o\000n\000s}{section.1.4}% 19
\BOOKMARK [2][-]{subsection.1.4.3}{\376\377\000C\000h\000r\000o\000m\000a\000\040\000S\000u\000b\000s\000a\000m\000p\000l\000i\000n\000g}{section.1.4}% 20
\BOOKMARK [2][-]{subsection.1.4.4}{\376\377\000Y\000C\000b\000C\000r\000\040\0004\000:\0002\000:\0000}{section.1.4}% 21
\BOOKMARK [2][-]{subsection.1.4.5}{\376\377\000Q\000u\000a\000n\000t\000i\000z\000a\000t\000i\000o\000n}{section.1.4}% 22
\BOOKMARK [2][-]{subsection.1.4.6}{\376\377\000R\000e\000s\000o\000l\000u\000t\000i\000o\000n\000\040\000S\000t\000a\000n\000d\000a\000r\000d\000s}{section.1.4}% 23
\BOOKMARK [2][-]{subsection.1.4.7}{\376\377\000D\000i\000g\000i\000t\000a\000l\000\040\000V\000i\000d\000e\000o\000\040\000R\000e\000p\000r\000e\000s\000e\000n\000t\000a\000t\000i\000o\000n}{section.1.4}% 24
\BOOKMARK [1][-]{section.1.5}{\376\377\000C\000o\000m\000p\000r\000e\000s\000s\000i\000o\000n\000\040\000P\000r\000i\000n\000c\000i\000p\000l\000e\000s}{chapter.1}% 25
\BOOKMARK [2][-]{subsection.1.5.1}{\376\377\000M\000o\000t\000i\000v\000a\000t\000i\000o\000n}{section.1.5}% 26
\BOOKMARK [2][-]{subsection.1.5.2}{\376\377\000C\000o\000m\000p\000r\000e\000s\000s\000i\000o\000n\000\040\000F\000u\000n\000d\000a\000m\000e\000n\000t\000a\000l\000s}{section.1.5}% 27
\BOOKMARK [2][-]{subsection.1.5.3}{\376\377\000L\000o\000s\000s\000l\000e\000s\000s\000\040\000a\000n\000d\000\040\000L\000o\000s\000s\000y\000\040\000A\000l\000g\000o\000r\000i\000t\000h\000m\000s}{section.1.5}% 28
\BOOKMARK [2][-]{subsection.1.5.4}{\376\377\000B\000a\000s\000i\000c\000\040\000T\000o\000o\000l\000s\000\040\000f\000o\000r\000\040\000C\000o\000m\000p\000r\000e\000s\000s\000i\000o\000n}{section.1.5}% 29
\BOOKMARK [2][-]{subsection.1.5.5}{\376\377\000R\000a\000t\000e\000\040\000a\000n\000d\000\040\000C\000o\000m\000p\000r\000e\000s\000s\000i\000o\000n\000\040\000R\000a\000t\000i\000o}{section.1.5}% 30
\BOOKMARK [2][-]{subsection.1.5.6}{\376\377\000Q\000u\000a\000l\000i\000t\000y\000\040\000a\000n\000d\000\040\000D\000i\000s\000t\000o\000r\000t\000i\000o\000n\000\040\000M\000e\000t\000r\000i\000c\000s}{section.1.5}% 31
\BOOKMARK [2][-]{subsection.1.5.7}{\376\377\000E\000r\000r\000o\000r\000\040\000P\000e\000r\000c\000e\000p\000t\000i\000o\000n}{section.1.5}% 32
\BOOKMARK [2][-]{subsection.1.5.8}{\376\377\000V\000i\000d\000e\000o\000\040\000P\000e\000r\000c\000e\000p\000t\000i\000o\000n}{section.1.5}% 33
\BOOKMARK [2][-]{subsection.1.5.9}{\376\377\000C\000o\000m\000p\000l\000e\000x\000i\000t\000y\000,\000\040\000D\000e\000l\000a\000y\000\040\000a\000n\000d\000\040\000R\000o\000b\000u\000s\000t\000n\000e\000s\000s}{section.1.5}% 34
\BOOKMARK [2][-]{subsection.1.5.10}{\376\377\000C\000o\000d\000e\000c\000\040\000C\000o\000m\000p\000a\000r\000i\000s\000o\000n}{section.1.5}% 35
\BOOKMARK [0][-]{chapter.2}{\376\377\000S\000c\000a\000l\000a\000r\000\040\000a\000n\000d\000\040\000P\000r\000e\000d\000i\000c\000t\000i\000v\000e\000\040\000Q\000u\000a\000n\000t\000i\000z\000a\000t\000i\000o\000n}{}% 36
\BOOKMARK [1][-]{section.2.1}{\376\377\000D\000e\000f\000i\000n\000i\000t\000i\000o\000n\000s}{chapter.2}% 37
\BOOKMARK [2][-]{subsection.2.1.1}{\376\377\000Q\000u\000a\000n\000t\000i\000z\000e\000r\000\040\000M\000o\000d\000e\000l}{section.2.1}% 38
\BOOKMARK [2][-]{subsection.2.1.2}{\376\377\000K\000e\000y\000\040\000Q\000u\000a\000n\000t\000i\000t\000i\000e\000s}{section.2.1}% 39
\BOOKMARK [2][-]{subsection.2.1.3}{\376\377\000T\000y\000p\000e\000s\000\040\000o\000f\000\040\000Q\000u\000a\000n\000t\000i\000z\000e\000r\000s}{section.2.1}% 40
\BOOKMARK [2][-]{subsection.2.1.4}{\376\377\000N\000o\000i\000s\000e\000\040\000R\000e\000g\000i\000m\000e\000s}{section.2.1}% 41
\BOOKMARK [1][-]{section.2.2}{\376\377\000U\000n\000i\000f\000o\000r\000m\000\040\000Q\000u\000a\000n\000t\000i\000z\000a\000t\000i\000o\000n}{chapter.2}% 42
\BOOKMARK [2][-]{subsection.2.2.1}{\376\377\000D\000e\000f\000i\000n\000i\000t\000i\000o\000n\000\040\000a\000n\000d\000\040\000F\000o\000r\000m\000u\000l\000a}{section.2.2}% 43
\BOOKMARK [2][-]{subsection.2.2.2}{\376\377\000M\000i\000d\000r\000i\000s\000e\000\040\000a\000n\000d\000\040\000M\000i\000d\000t\000r\000e\000a\000d}{section.2.2}% 44
\BOOKMARK [2][-]{subsection.2.2.3}{\376\377\000D\000e\000s\000i\000g\000n\000\040\000T\000r\000a\000d\000e\000-\000o\000f\000f\000s}{section.2.2}% 45
\BOOKMARK [1][-]{section.2.3}{\376\377\000E\000x\000a\000m\000p\000l\000e\000s}{chapter.2}% 46
\BOOKMARK [2][-]{subsection.2.3.1}{\376\377\000I\000m\000a\000g\000e\000\040\000Q\000u\000a\000n\000t\000i\000z\000a\000t\000i\000o\000n}{section.2.3}% 47
\BOOKMARK [2][-]{subsection.2.3.2}{\376\377\000A\000u\000d\000i\000o\000\040\000Q\000u\000a\000n\000t\000i\000z\000a\000t\000i\000o\000n}{section.2.3}% 48
\BOOKMARK [1][-]{section.2.4}{\376\377\000R\000a\000t\000e\000-\000D\000i\000s\000t\000o\000r\000t\000i\000o\000n\000\040\000C\000u\000r\000v\000e}{chapter.2}% 49
\BOOKMARK [2][-]{subsection.2.4.1}{\376\377\000P\000r\000o\000b\000a\000b\000i\000l\000i\000t\000y\000\040\000R\000e\000f\000r\000e\000s\000h\000e\000r\000s}{section.2.4}% 50
\BOOKMARK [2][-]{subsection.2.4.2}{\376\377\000U\000Q\000\040\000o\000f\000\040\000U\000n\000i\000f\000o\000r\000m\000\040\000R\000V\000:\000\040\000E\000x\000a\000c\000t\000\040\000R\000-\000D\000\040\000D\000e\000r\000i\000v\000a\000t\000i\000o\000n}{section.2.4}% 51
\BOOKMARK [2][-]{subsection.2.4.3}{\376\377\000H\000R\000\040\000U\000Q\000\040\000f\000o\000r\000\040\000G\000e\000n\000e\000r\000i\000c\000\040\000R\000V}{section.2.4}% 52
\BOOKMARK [1][-]{section.2.5}{\376\377\000O\000p\000t\000i\000m\000a\000l\000\040\000S\000c\000a\000l\000a\000r\000\040\000Q\000u\000a\000n\000t\000i\000z\000a\000t\000i\000o\000n}{chapter.2}% 53
\BOOKMARK [2][-]{subsection.2.5.1}{\376\377\000H\000R\000\040\000O\000p\000t\000i\000m\000a\000l\000\040\000Q\000u\000a\000n\000t\000i\000z\000e\000r}{section.2.5}% 54
\BOOKMARK [2][-]{subsection.2.5.2}{\376\377\000S\000h\000a\000p\000e\000\040\000F\000a\000c\000t\000o\000r}{section.2.5}% 55
\BOOKMARK [2][-]{subsection.2.5.3}{\376\377\000L\000l\000o\000y\000d\000-\000M\000a\000x\000\040\000A\000l\000g\000o\000r\000i\000t\000h\000m}{section.2.5}% 56
\BOOKMARK [2][-]{subsection.2.5.4}{\376\377\000L\000l\000o\000y\000d\000-\000M\000a\000x\000\040\000f\000o\000r\000\040\000D\000a\000t\000a}{section.2.5}% 57
\BOOKMARK [1][-]{section.2.6}{\376\377\000P\000r\000e\000d\000i\000c\000t\000i\000v\000e\000\040\000S\000c\000a\000l\000a\000r\000\040\000Q\000u\000a\000n\000t\000i\000z\000a\000t\000i\000o\000n}{chapter.2}% 58
\BOOKMARK [2][-]{subsection.2.6.1}{\376\377\000M\000o\000t\000i\000v\000a\000t\000i\000o\000n\000\040\000a\000n\000d\000\040\000S\000p\000a\000r\000s\000e\000\040\000S\000i\000g\000n\000a\000l\000s}{section.2.6}% 59
\BOOKMARK [2][-]{subsection.2.6.2}{\376\377\000O\000p\000e\000n\000-\000L\000o\000o\000p\000\040\000C\000o\000d\000i\000n\000g\000\040\000S\000c\000h\000e\000m\000e}{section.2.6}% 60
\BOOKMARK [2][-]{subsection.2.6.3}{\376\377\000P\000r\000e\000d\000i\000c\000t\000i\000o\000n\000\040\000G\000a\000i\000n}{section.2.6}% 61
\BOOKMARK [2][-]{subsection.2.6.4}{\376\377\000L\000i\000n\000e\000a\000r\000\040\000P\000r\000e\000d\000i\000c\000t\000o\000r\000s}{section.2.6}% 62
\BOOKMARK [2][-]{subsection.2.6.5}{\376\377\000O\000p\000t\000i\000m\000a\000l\000\040\000P\000r\000e\000d\000i\000c\000t\000o\000r\000\040\000S\000e\000l\000e\000c\000t\000i\000o\000n}{section.2.6}% 63
\BOOKMARK [2][-]{subsection.2.6.6}{\376\377\000P\000r\000e\000d\000i\000c\000t\000i\000v\000e\000\040\000Q\000u\000a\000n\000t\000i\000z\000a\000t\000i\000o\000n\000\040\000E\000x\000a\000m\000p\000l\000e}{section.2.6}% 64
\BOOKMARK [2][-]{subsection.2.6.7}{\376\377\000F\000i\000l\000t\000e\000r\000\040\000O\000r\000d\000e\000r\000\040\000a\000n\000d\000\040\000B\000l\000o\000c\000k\000\040\000S\000i\000z\000e}{section.2.6}% 65
\BOOKMARK [2][-]{subsection.2.6.8}{\376\377\000D\000r\000i\000f\000t\000\040\000P\000r\000o\000b\000l\000e\000m\000\040\000a\000n\000d\000\040\000C\000o\000r\000r\000e\000c\000t\000\040\000S\000c\000h\000e\000m\000e}{section.2.6}% 66
\BOOKMARK [2][-]{subsection.2.6.9}{\376\377\000I\000m\000p\000a\000c\000t\000\040\000o\000f\000\040\000E\000n\000t\000r\000o\000p\000y\000\040\000C\000o\000d\000i\000n\000g}{section.2.6}% 67
\BOOKMARK [1][-]{section.2.7}{\376\377\000W\000r\000a\000p\000-\000u\000p}{chapter.2}% 68
\BOOKMARK [2][-]{subsection.2.7.1}{\376\377\000S\000u\000m\000m\000a\000r\000y\000\040\000o\000f\000\040\000R\000-\000D\000\040\000F\000o\000r\000m\000u\000l\000a\000s}{section.2.7}% 69
\BOOKMARK [2][-]{subsection.2.7.2}{\376\377\000K\000e\000y\000\040\000T\000a\000k\000e\000a\000w\000a\000y\000s}{section.2.7}% 70
\BOOKMARK [0][-]{chapter.3}{\376\377\000L\000o\000s\000s\000l\000e\000s\000s\000\040\000C\000o\000d\000i\000n\000g\000\040\000P\000r\000i\000n\000c\000i\000p\000l\000e\000s}{}% 71
\BOOKMARK [1][-]{section.3.1}{\376\377\000I\000n\000t\000r\000o\000d\000u\000c\000t\000i\000o\000n\000:\000\040\000F\000r\000o\000m\000\040\000S\000a\000m\000p\000l\000e\000s\000\040\000t\000o\000\040\000B\000i\000t\000s}{chapter.3}% 72
\BOOKMARK [2][-]{subsection.3.1.1}{\376\377\000F\000i\000x\000e\000d\000-\000L\000e\000n\000g\000t\000h\000\040\000C\000o\000d\000i\000n\000g\000\040\000\050\000F\000L\000C\000\051}{section.3.1}% 73
\BOOKMARK [2][-]{subsection.3.1.2}{\376\377\000V\000a\000r\000i\000a\000b\000l\000e\000-\000L\000e\000n\000g\000t\000h\000\040\000C\000o\000d\000i\000n\000g\000\040\000\050\000V\000L\000C\000\051}{section.3.1}% 74
\BOOKMARK [2][-]{subsection.3.1.3}{\376\377\000T\000e\000r\000m\000i\000n\000o\000l\000o\000g\000y}{section.3.1}% 75
\BOOKMARK [1][-]{section.3.2}{\376\377\000P\000r\000i\000n\000c\000i\000p\000l\000e\000s\000\040\000o\000f\000\040\000I\000n\000f\000o\000r\000m\000a\000t\000i\000o\000n\000\040\000T\000h\000e\000o\000r\000y}{chapter.3}% 76
\BOOKMARK [2][-]{subsection.3.2.1}{\376\377\000I\000n\000f\000o\000r\000m\000a\000t\000i\000o\000n\000\040\000a\000n\000d\000\040\000E\000n\000t\000r\000o\000p\000y}{section.3.2}% 77
\BOOKMARK [2][-]{subsection.3.2.2}{\376\377\000M\000a\000x\000i\000m\000u\000m\000\040\000E\000n\000t\000r\000o\000p\000y\000\040\000D\000i\000s\000t\000r\000i\000b\000u\000t\000i\000o\000n}{section.3.2}% 78
\BOOKMARK [2][-]{subsection.3.2.3}{\376\377\000J\000o\000i\000n\000t\000\040\000a\000n\000d\000\040\000C\000o\000n\000d\000i\000t\000i\000o\000n\000a\000l\000\040\000E\000n\000t\000r\000o\000p\000y}{section.3.2}% 79
\BOOKMARK [2][-]{subsection.3.2.4}{\376\377\000P\000r\000o\000p\000e\000r\000t\000i\000e\000s}{section.3.2}% 80
\BOOKMARK [1][-]{section.3.3}{\376\377\000O\000p\000t\000i\000m\000a\000l\000\040\000C\000o\000d\000i\000n\000g}{chapter.3}% 81
\BOOKMARK [2][-]{subsection.3.3.1}{\376\377\000M\000c\000M\000i\000l\000l\000a\000n\000'\000s\000\040\000T\000h\000e\000o\000r\000e\000m\000\040\000a\000n\000d\000\040\000K\000r\000a\000f\000t\000'\000s\000\040\000I\000n\000e\000q\000u\000a\000l\000i\000t\000y}{section.3.3}% 82
\BOOKMARK [2][-]{subsection.3.3.2}{\376\377\000P\000r\000o\000o\000f\000\040\000o\000f\000\040\000K\000r\000a\000f\000t\000'\000s\000\040\000I\000n\000e\000q\000u\000a\000l\000i\000t\000y}{section.3.3}% 83
\BOOKMARK [2][-]{subsection.3.3.3}{\376\377\000S\000h\000a\000n\000n\000o\000n\000'\000s\000\040\000S\000o\000u\000r\000c\000e\000\040\000C\000o\000d\000i\000n\000g\000\040\000T\000h\000e\000o\000r\000e\000m}{section.3.3}% 84
\BOOKMARK [1][-]{section.3.4}{\376\377\000H\000u\000f\000f\000m\000a\000n\000\040\000C\000o\000d\000i\000n\000g}{chapter.3}% 85
\BOOKMARK [2][-]{subsection.3.4.1}{\376\377\000A\000l\000g\000o\000r\000i\000t\000h\000m}{section.3.4}% 86
\BOOKMARK [2][-]{subsection.3.4.2}{\376\377\000H\000u\000f\000f\000m\000a\000n\000\040\000C\000o\000d\000i\000n\000g\000\040\000E\000x\000a\000m\000p\000l\000e}{section.3.4}% 87
\BOOKMARK [2][-]{subsection.3.4.3}{\376\377\000L\000i\000m\000i\000t\000s\000\040\000o\000f\000\040\000H\000u\000f\000f\000m\000a\000n}{section.3.4}% 88
\BOOKMARK [1][-]{section.3.5}{\376\377\000A\000r\000i\000t\000h\000m\000e\000t\000i\000c\000\040\000C\000o\000d\000i\000n\000g}{chapter.3}% 89
\BOOKMARK [2][-]{subsection.3.5.1}{\376\377\000P\000r\000i\000n\000c\000i\000p\000l\000e}{section.3.5}% 90
\BOOKMARK [2][-]{subsection.3.5.2}{\376\377\000A\000v\000e\000r\000a\000g\000e\000\040\000L\000e\000n\000g\000t\000h}{section.3.5}% 91
\BOOKMARK [2][-]{subsection.3.5.3}{\376\377\000A\000d\000a\000p\000t\000i\000v\000i\000t\000y\000\040\000a\000n\000d\000\040\000C\000o\000n\000t\000e\000x\000t\000-\000B\000a\000s\000e\000d\000\040\000C\000o\000d\000i\000n\000g}{section.3.5}% 92
\BOOKMARK [2][-]{subsection.3.5.4}{\376\377\000A\000r\000i\000t\000h\000m\000e\000t\000i\000c\000\040\000C\000o\000d\000i\000n\000g\000\040\000C\000o\000n\000c\000l\000u\000s\000i\000o\000n\000s}{section.3.5}% 93
\BOOKMARK [1][-]{section.3.6}{\376\377\000O\000t\000h\000e\000r\000\040\000T\000e\000c\000h\000n\000i\000q\000u\000e\000s}{chapter.3}% 94
\BOOKMARK [2][-]{subsection.3.6.1}{\376\377\000E\000x\000p\000o\000n\000e\000n\000t\000i\000a\000l\000-\000G\000o\000l\000o\000m\000b\000\040\000C\000o\000d\000i\000n\000g}{section.3.6}% 95
\BOOKMARK [2][-]{subsection.3.6.2}{\376\377\000D\000i\000c\000t\000i\000o\000n\000a\000r\000y\000-\000B\000a\000s\000e\000d\000\040\000C\000o\000d\000i\000n\000g\000\040\000\050\000L\000Z\000W\000\051}{section.3.6}% 96
\BOOKMARK [2][-]{subsection.3.6.3}{\376\377\000S\000t\000a\000n\000d\000a\000r\000d\000s\000:\000\040\000J\000B\000I\000G\000-\0001\000\040\000a\000n\000d\000\040\000J\000B\000I\000G\000-\0002}{section.3.6}% 97
\BOOKMARK [2][-]{subsection.3.6.4}{\376\377\000I\000m\000a\000g\000e\000\040\000C\000o\000m\000p\000r\000e\000s\000s\000i\000o\000n\000:\000\040\000J\000P\000E\000G\000-\000L\000S\000\040\000a\000n\000d\000\040\000P\000N\000G}{section.3.6}% 98
\BOOKMARK [2][-]{subsection.3.6.5}{\376\377\000E\000x\000p\000e\000r\000i\000m\000e\000n\000t\000a\000l\000\040\000R\000e\000s\000u\000l\000t\000s\000:\000\040\000H\000o\000u\000s\000e\000\040\000I\000m\000a\000g\000e}{section.3.6}% 99
\BOOKMARK [1][-]{section.3.7}{\376\377\000N\000e\000u\000r\000a\000l\000\040\000L\000o\000s\000s\000l\000e\000s\000s\000\040\000C\000o\000d\000i\000n\000g}{chapter.3}% 100
\BOOKMARK [2][-]{subsection.3.7.1}{\376\377\000D\000e\000n\000s\000i\000t\000y\000\040\000E\000s\000t\000i\000m\000a\000t\000i\000o\000n\000\040\000P\000e\000r\000s\000p\000e\000c\000t\000i\000v\000e}{section.3.7}% 101
\BOOKMARK [2][-]{subsection.3.7.2}{\376\377\000A\000u\000t\000o\000r\000e\000g\000r\000e\000s\000s\000i\000v\000e\000\040\000M\000o\000d\000e\000l\000s}{section.3.7}% 102
\BOOKMARK [2][-]{subsection.3.7.3}{\376\377\000L\000a\000t\000e\000n\000t\000\040\000V\000a\000r\000i\000a\000b\000l\000e\000\040\000M\000o\000d\000e\000l\000s}{section.3.7}% 103
\BOOKMARK [2][-]{subsection.3.7.4}{\376\377\000N\000e\000u\000r\000a\000l\000\040\000P\000r\000e\000d\000i\000c\000t\000i\000v\000e\000\040\000C\000o\000d\000i\000n\000g}{section.3.7}% 104
\BOOKMARK [2][-]{subsection.3.7.5}{\376\377\000C\000u\000r\000r\000e\000n\000t\000\040\000L\000i\000m\000i\000t\000a\000t\000i\000o\000n\000s}{section.3.7}% 105
\BOOKMARK [2][-]{subsection.3.7.6}{\376\377\000S\000O\000T\000A\000\040\000C\000o\000m\000p\000a\000r\000i\000s\000o\000n}{section.3.7}% 106
\BOOKMARK [1][-]{section.3.8}{\376\377\000C\000o\000n\000c\000l\000u\000s\000i\000o\000n\000s}{chapter.3}% 107
\BOOKMARK [2][-]{subsection.3.8.1}{\376\377\000C\000o\000m\000p\000a\000r\000i\000s\000o\000n\000\040\000o\000f\000\040\000A\000l\000l\000\040\000L\000o\000s\000s\000l\000e\000s\000s\000\040\000C\000o\000d\000i\000n\000g\000\040\000T\000e\000c\000h\000n\000i\000q\000u\000e\000s}{section.3.8}% 108
\BOOKMARK [2][-]{subsection.3.8.2}{\376\377\000L\000o\000s\000s\000l\000e\000s\000s\000\040\000D\000e\000s\000i\000g\000n\000\040\000M\000a\000t\000r\000i\000x}{section.3.8}% 109
\BOOKMARK [0][-]{chapter.4}{\376\377\000T\000r\000a\000n\000s\000f\000o\000r\000m\000\040\000C\000o\000d\000i\000n\000g\000\040\000a\000n\000d\000\040\000J\000P\000E\000G}{}% 110
\BOOKMARK [1][-]{section.4.1}{\376\377\000I\000n\000t\000r\000o\000d\000u\000c\000t\000i\000o\000n\000\040\000a\000n\000d\000\040\000O\000v\000e\000r\000v\000i\000e\000w}{chapter.4}% 111
\BOOKMARK [1][-]{section.4.2}{\376\377\000B\000l\000o\000c\000k\000\040\000C\000o\000d\000i\000n\000g}{chapter.4}% 112
\BOOKMARK [2][-]{subsection.4.2.1}{\376\377\000R\000e\000s\000o\000u\000r\000c\000e\000\040\000A\000l\000l\000o\000c\000a\000t\000i\000o\000n\000\040\000P\000r\000o\000b\000l\000e\000m}{section.4.2}% 113
\BOOKMARK [2][-]{subsection.4.2.2}{\376\377\000H\000u\000a\000n\000g\000-\000S\000c\000h\000u\000l\000t\000e\000i\000s\000s\000\040\000\050\000H\000S\000\051\000\040\000F\000o\000r\000m\000u\000l\000a}{section.4.2}% 114
\BOOKMARK [2][-]{subsection.4.2.3}{\376\377\000I\000n\000t\000e\000r\000p\000r\000e\000t\000a\000t\000i\000o\000n\000\040\000o\000f\000\040\000H\000S\000\040\000F\000o\000r\000m\000u\000l\000a}{section.4.2}% 115
\BOOKMARK [2][-]{subsection.4.2.4}{\376\377\000C\000a\000s\000e\000\040\000o\000f\000\040\000I\000d\000e\000n\000t\000i\000c\000a\000l\000l\000y\000\040\000D\000i\000s\000t\000r\000i\000b\000u\000t\000e\000d\000\040\000R\000V\000s}{section.4.2}% 116
\BOOKMARK [1][-]{section.4.3}{\376\377\000T\000r\000a\000n\000s\000f\000o\000r\000m\000\040\000C\000o\000d\000i\000n\000g\000\040\000P\000a\000r\000a\000d\000i\000g\000m}{chapter.4}% 117
\BOOKMARK [2][-]{subsection.4.3.1}{\376\377\000S\000i\000g\000n\000a\000l\000\040\000S\000p\000a\000r\000s\000i\000f\000i\000c\000a\000t\000i\000o\000n}{section.4.3}% 118
\BOOKMARK [2][-]{subsection.4.3.2}{\376\377\000O\000r\000t\000h\000o\000g\000o\000n\000a\000l\000\040\000T\000r\000a\000n\000s\000f\000o\000r\000m\000s}{section.4.3}% 119
\BOOKMARK [2][-]{subsection.4.3.3}{\376\377\000C\000o\000d\000i\000n\000g\000\040\000G\000a\000i\000n}{section.4.3}% 120
\BOOKMARK [2][-]{subsection.4.3.4}{\376\377\000T\000o\000y\000\040\000E\000x\000a\000m\000p\000l\000e}{section.4.3}% 121
\BOOKMARK [1][-]{section.4.4}{\376\377\000P\000r\000a\000c\000t\000i\000c\000a\000l\000\040\000R\000a\000t\000e\000\040\000A\000l\000l\000o\000c\000a\000t\000i\000o\000n}{chapter.4}% 122
\BOOKMARK [2][-]{subsection.4.4.1}{\376\377\000M\000o\000d\000i\000f\000i\000e\000d\000\040\000H\000S\000\040\000A\000l\000g\000o\000r\000i\000t\000h\000m}{section.4.4}% 123
\BOOKMARK [2][-]{subsection.4.4.2}{\376\377\000G\000r\000e\000e\000d\000y\000\040\000A\000l\000g\000o\000r\000i\000t\000h\000m}{section.4.4}% 124
\BOOKMARK [1][-]{section.4.5}{\376\377\000O\000p\000t\000i\000m\000a\000l\000\040\000a\000n\000d\000\040\000F\000r\000e\000q\000u\000e\000n\000c\000y\000\040\000T\000r\000a\000n\000s\000f\000o\000r\000m\000s}{chapter.4}% 125
\BOOKMARK [2][-]{subsection.4.5.1}{\376\377\000K\000a\000r\000h\000u\000n\000e\000n\000-\000L\000o\000\350\000v\000e\000\040\000T\000r\000a\000n\000s\000f\000o\000r\000m\000\040\000\050\000K\000L\000T\000\051}{section.4.5}% 126
\BOOKMARK [2][-]{subsection.4.5.2}{\376\377\000D\000i\000s\000c\000r\000e\000t\000e\000\040\000F\000o\000u\000r\000i\000e\000r\000\040\000T\000r\000a\000n\000s\000f\000o\000r\000m\000\040\000\050\000D\000F\000T\000\051}{section.4.5}% 127
\BOOKMARK [2][-]{subsection.4.5.3}{\376\377\000S\000p\000e\000c\000t\000r\000a\000l\000\040\000L\000e\000a\000k\000a\000g\000e\000\040\000i\000n\000\040\000D\000F\000T}{section.4.5}% 128
\BOOKMARK [2][-]{subsection.4.5.4}{\376\377\000D\000i\000s\000c\000r\000e\000t\000e\000\040\000C\000o\000s\000i\000n\000e\000\040\000T\000r\000a\000n\000s\000f\000o\000r\000m\000\040\000\050\000D\000C\000T\000\051}{section.4.5}% 129
\BOOKMARK [2][-]{subsection.4.5.5}{\376\377\0002\000D\000-\000D\000C\000T\000\040\000a\000n\000d\000\040\000B\000l\000o\000c\000k\000-\000B\000a\000s\000e\000d\000\040\000D\000C\000T}{section.4.5}% 130
\BOOKMARK [1][-]{section.4.6}{\376\377\000J\000P\000E\000G}{chapter.4}% 131
\BOOKMARK [2][-]{subsection.4.6.1}{\376\377\000J\000P\000E\000G\000\040\000S\000t\000a\000n\000d\000a\000r\000d\000\040\000O\000v\000e\000r\000v\000i\000e\000w}{section.4.6}% 132
\BOOKMARK [2][-]{subsection.4.6.2}{\376\377\000P\000r\000e\000-\000p\000r\000o\000c\000e\000s\000s\000i\000n\000g\000\040\000a\000n\000d\000\040\000B\000l\000o\000c\000k\000\040\000S\000p\000l\000i\000t\000t\000i\000n\000g}{section.4.6}% 133
\BOOKMARK [2][-]{subsection.4.6.3}{\376\377\000D\000C\000T\000\040\000T\000r\000a\000n\000s\000f\000o\000r\000m\000\040\000S\000t\000e\000p}{section.4.6}% 134
\BOOKMARK [2][-]{subsection.4.6.4}{\376\377\000Q\000u\000a\000n\000t\000i\000z\000a\000t\000i\000o\000n}{section.4.6}% 135
\BOOKMARK [2][-]{subsection.4.6.5}{\376\377\000E\000n\000t\000r\000o\000p\000y\000\040\000C\000o\000d\000i\000n\000g}{section.4.6}% 136
\BOOKMARK [2][-]{subsection.4.6.6}{\376\377\000F\000i\000l\000e\000\040\000S\000t\000r\000u\000c\000t\000u\000r\000e}{section.4.6}% 137
\BOOKMARK [2][-]{subsection.4.6.7}{\376\377\000C\000o\000d\000i\000n\000g\000\040\000E\000x\000a\000m\000p\000l\000e\000s}{section.4.6}% 138
\BOOKMARK [1][-]{section.4.7}{\376\377\000C\000o\000n\000c\000l\000u\000s\000i\000o\000n\000s}{chapter.4}% 139
\BOOKMARK [2][-]{subsection.4.7.1}{\376\377\000T\000r\000a\000n\000s\000f\000o\000r\000m\000\040\000C\000o\000d\000i\000n\000g\000:\000\040\000C\000o\000n\000c\000e\000p\000t\000u\000a\000l\000\040\000M\000a\000p}{section.4.7}% 140
\BOOKMARK [2][-]{subsection.4.7.2}{\376\377\000J\000P\000E\000G\000:\000\040\000C\000o\000n\000c\000e\000p\000t\000u\000a\000l\000\040\000M\000a\000p}{section.4.7}% 141
\BOOKMARK [2][-]{subsection.4.7.3}{\376\377\000S\000u\000m\000m\000a\000r\000y\000\040\000T\000a\000b\000l\000e}{section.4.7}% 142
\BOOKMARK [0][-]{chapter.5}{\376\377\000W\000a\000v\000e\000l\000e\000t\000-\000B\000a\000s\000e\000d\000\040\000I\000m\000a\000g\000e\000\040\000C\000o\000m\000p\000r\000e\000s\000s\000i\000o\000n}{}% 143
\BOOKMARK [1][-]{section.5.1}{\376\377\000I\000n\000t\000r\000o\000d\000u\000c\000t\000i\000o\000n}{chapter.5}% 144
\BOOKMARK [2][-]{subsection.5.1.1}{\376\377\000S\000i\000g\000n\000a\000l\000\040\000A\000n\000a\000l\000y\000s\000i\000s\000\040\000t\000h\000r\000o\000u\000g\000h\000\040\000P\000r\000o\000j\000e\000c\000t\000i\000o\000n\000s}{section.5.1}% 145
\BOOKMARK [2][-]{subsection.5.1.2}{\376\377\000T\000i\000m\000e\000-\000F\000r\000e\000q\000u\000e\000n\000c\000y\000\040\000U\000n\000c\000e\000r\000t\000a\000i\000n\000t\000y\000\040\000P\000r\000i\000n\000c\000i\000p\000l\000e}{section.5.1}% 146
\BOOKMARK [2][-]{subsection.5.1.3}{\376\377\000S\000T\000F\000T\000\040\000a\000n\000d\000\040\000R\000i\000g\000i\000d\000\040\000T\000i\000l\000i\000n\000g}{section.5.1}% 147
\BOOKMARK [2][-]{subsection.5.1.4}{\376\377\000W\000a\000v\000e\000l\000e\000t\000s\000:\000\040\000A\000d\000a\000p\000t\000i\000v\000e\000\040\000M\000u\000l\000t\000i\000r\000e\000s\000o\000l\000u\000t\000i\000o\000n}{section.5.1}% 148
\BOOKMARK [2][-]{subsection.5.1.5}{\376\377\000I\000m\000a\000g\000e\000\040\000M\000o\000d\000e\000l\000:\000\040\000T\000r\000e\000n\000d\000s\000\040\000a\000n\000d\000\040\000A\000n\000o\000m\000a\000l\000i\000e\000s}{section.5.1}% 149
\BOOKMARK [1][-]{section.5.2}{\376\377\000D\000i\000s\000c\000r\000e\000t\000e\000\040\000W\000a\000v\000e\000l\000e\000t\000\040\000T\000r\000a\000n\000s\000f\000o\000r\000m\000\040\000a\000n\000d\000\040\000M\000u\000l\000t\000i\000r\000e\000s\000o\000l\000u\000t\000i\000o\000n\000\040\000A\000n\000a\000l\000y\000s\000i\000s}{chapter.5}% 150
\BOOKMARK [2][-]{subsection.5.2.1}{\376\377\0001\000D\000\040\000F\000i\000l\000t\000e\000r\000\040\000B\000a\000n\000k\000s}{section.5.2}% 151
\BOOKMARK [2][-]{subsection.5.2.2}{\376\377\000Z\000-\000D\000o\000m\000a\000i\000n\000\040\000R\000e\000l\000a\000t\000i\000o\000n\000s\000h\000i\000p\000s}{section.5.2}% 152
\BOOKMARK [2][-]{subsection.5.2.3}{\376\377\000P\000e\000r\000f\000e\000c\000t\000\040\000R\000e\000c\000o\000n\000s\000t\000r\000u\000c\000t\000i\000o\000n\000\040\000C\000o\000n\000d\000i\000t\000i\000o\000n\000s}{section.5.2}% 153
\BOOKMARK [2][-]{subsection.5.2.4}{\376\377\000O\000r\000t\000h\000o\000g\000o\000n\000a\000l\000i\000t\000y}{section.5.2}% 154
\BOOKMARK [2][-]{subsection.5.2.5}{\376\377\000V\000a\000n\000i\000s\000h\000i\000n\000g\000\040\000M\000o\000m\000e\000n\000t\000s}{section.5.2}% 155
\BOOKMARK [2][-]{subsection.5.2.6}{\376\377\000B\000o\000r\000d\000e\000r\000\040\000P\000r\000o\000b\000l\000e\000m}{section.5.2}% 156
\BOOKMARK [2][-]{subsection.5.2.7}{\376\377\000H\000a\000a\000r\000\040\000F\000i\000l\000t\000e\000r}{section.5.2}% 157
\BOOKMARK [2][-]{subsection.5.2.8}{\376\377\000B\000i\000o\000r\000t\000h\000o\000g\000o\000n\000a\000l\000\040\000F\000i\000l\000t\000e\000r\000s\000:\000\040\000C\000D\000F}{section.5.2}% 158
\BOOKMARK [2][-]{subsection.5.2.9}{\376\377\0001\000D\000\040\000M\000u\000l\000t\000i\000r\000e\000s\000o\000l\000u\000t\000i\000o\000n\000\040\000A\000n\000a\000l\000y\000s\000i\000s}{section.5.2}% 159
\BOOKMARK [2][-]{subsection.5.2.10}{\376\377\0002\000D\000\040\000A\000d\000a\000p\000t\000i\000v\000e\000\040\000M\000u\000l\000t\000i\000r\000e\000s\000o\000l\000u\000t\000i\000o\000n}{section.5.2}% 160
\BOOKMARK [2][-]{subsection.5.2.11}{\376\377\000E\000x\000a\000m\000p\000l\000e\000s\000\040\000o\000f\000\040\0002\000D\000-\000D\000W\000T}{section.5.2}% 161
\BOOKMARK [2][-]{subsection.5.2.12}{\376\377\000C\000h\000o\000o\000s\000i\000n\000g\000\040\000N\000u\000m\000b\000e\000r\000\040\000o\000f\000\040\000D\000e\000c\000o\000m\000p\000o\000s\000i\000t\000i\000o\000n\000\040\000L\000e\000v\000e\000l\000s}{section.5.2}% 162
\BOOKMARK [1][-]{section.5.3}{\376\377\000I\000m\000a\000g\000e\000\040\000C\000o\000m\000p\000r\000e\000s\000s\000i\000o\000n\000\040\000w\000i\000t\000h\000\040\000W\000a\000v\000e\000l\000e\000t\000s}{chapter.5}% 163
\BOOKMARK [2][-]{subsection.5.3.1}{\376\377\000E\000Z\000W\000:\000\040\000E\000m\000b\000e\000d\000d\000e\000d\000\040\000Z\000e\000r\000o\000t\000r\000e\000e\000s\000\040\000o\000f\000\040\000W\000a\000v\000e\000l\000e\000t\000\040\000C\000o\000e\000f\000f\000i\000c\000i\000e\000n\000t\000s}{section.5.3}% 164
\BOOKMARK [2][-]{subsection.5.3.2}{\376\377\000J\000P\000E\000G\0002\0000\0000\0000}{section.5.3}% 165
\BOOKMARK [2][-]{subsection.5.3.3}{\376\377\000E\000B\000C\000O\000T}{section.5.3}% 166
\BOOKMARK [2][-]{subsection.5.3.4}{\376\377\000C\000o\000m\000p\000a\000r\000i\000s\000o\000n\000:\000\040\000J\000P\000E\000G\000\040\000v\000s\000\040\000J\000P\000E\000G\0002\0000\0000\0000}{section.5.3}% 167
\BOOKMARK [2][-]{subsection.5.3.5}{\376\377\000E\000r\000r\000o\000r\000\040\000R\000o\000b\000u\000s\000t\000n\000e\000s\000s}{section.5.3}% 168
\BOOKMARK [1][-]{section.5.4}{\376\377\000S\000u\000m\000m\000a\000r\000y\000\040\000T\000a\000b\000l\000e}{chapter.5}% 169
\BOOKMARK [0][-]{chapter.6}{\376\377\000L\000e\000a\000r\000n\000e\000d\000\040\000I\000m\000a\000g\000e\000\040\000C\000o\000m\000p\000r\000e\000s\000s\000i\000o\000n}{}% 170
\BOOKMARK [1][-]{section.6.1}{\376\377\000I\000n\000t\000r\000o\000d\000u\000c\000t\000i\000o\000n\000:\000\040\000F\000r\000o\000m\000\040\000C\000l\000a\000s\000s\000i\000c\000a\000l\000\040\000t\000o\000\040\000L\000e\000a\000r\000n\000e\000d\000\040\000C\000o\000m\000p\000r\000e\000s\000s\000i\000o\000n}{chapter.6}% 171
\BOOKMARK [2][-]{subsection.6.1.1}{\376\377\000W\000h\000a\000t\000\040\000i\000s\000\040\000L\000e\000a\000r\000n\000e\000d\000\040\000I\000m\000a\000g\000e\000\040\000C\000o\000m\000p\000r\000e\000s\000s\000i\000o\000n\000\040\000\050\000L\000I\000C\000\051\000?}{section.6.1}% 172
\BOOKMARK [2][-]{subsection.6.1.2}{\376\377\000E\000v\000o\000l\000u\000t\000i\000o\000n\000\040\000o\000f\000\040\000t\000h\000e\000\040\000P\000a\000r\000a\000d\000i\000g\000m}{section.6.1}% 173
\BOOKMARK [2][-]{subsection.6.1.3}{\376\377\000T\000h\000e\000\040\000L\000i\000n\000e\000a\000r\000\040\000L\000i\000m\000i\000t\000:\000\040\000K\000L\000T\000\040\000v\000s\000.\000\040\000N\000e\000u\000r\000a\000l}{section.6.1}% 174
\BOOKMARK [2][-]{subsection.6.1.4}{\376\377\000A\000\040\000G\000e\000n\000e\000r\000a\000l\000i\000z\000e\000d\000\040\000C\000o\000d\000i\000n\000g\000\040\000A\000r\000c\000h\000i\000t\000e\000c\000t\000u\000r\000e}{section.6.1}% 175
\BOOKMARK [2][-]{subsection.6.1.5}{\376\377\000T\000w\000o\000\040\000P\000h\000i\000l\000o\000s\000o\000p\000h\000i\000e\000s\000\040\000o\000f\000\040\000R\000-\000D\000\040\000O\000p\000t\000i\000m\000i\000z\000a\000t\000i\000o\000n}{section.6.1}% 176
\BOOKMARK [1][-]{section.6.2}{\376\377\000B\000a\000s\000i\000c\000s\000:\000\040\000D\000e\000e\000p\000\040\000L\000e\000a\000r\000n\000i\000n\000g\000\040\000f\000o\000r\000\040\000M\000u\000l\000t\000i\000m\000e\000d\000i\000a}{chapter.6}% 177
\BOOKMARK [2][-]{subsection.6.2.1}{\376\377\000F\000u\000n\000d\000a\000m\000e\000n\000t\000a\000l\000s\000:\000\040\000T\000h\000e\000\040\000A\000r\000t\000i\000f\000i\000c\000i\000a\000l\000\040\000N\000e\000u\000r\000o\000n}{section.6.2}% 178
\BOOKMARK [2][-]{subsection.6.2.2}{\376\377\000T\000h\000e\000\040\000M\000u\000l\000t\000i\000l\000a\000y\000e\000r\000\040\000P\000e\000r\000c\000e\000p\000t\000r\000o\000n\000\040\000\050\000M\000L\000P\000\051}{section.6.2}% 179
\BOOKMARK [2][-]{subsection.6.2.3}{\376\377\000G\000r\000a\000d\000i\000e\000n\000t\000\040\000D\000e\000s\000c\000e\000n\000t\000\040\000a\000n\000d\000\040\000B\000a\000c\000k\000p\000r\000o\000p\000a\000g\000a\000t\000i\000o\000n}{section.6.2}% 180
\BOOKMARK [2][-]{subsection.6.2.4}{\376\377\000N\000N\000\040\000a\000n\000d\000\040\000I\000m\000a\000g\000e\000s\000:\000\040\000T\000h\000e\000\040\000D\000i\000m\000e\000n\000s\000i\000o\000n\000a\000l\000i\000t\000y\000\040\000C\000u\000r\000s\000e\000\040\000o\000f\000\040\000M\000L\000P\000s}{section.6.2}% 181
\BOOKMARK [2][-]{subsection.6.2.5}{\376\377\000C\000o\000n\000v\000o\000l\000u\000t\000i\000o\000n\000a\000l\000\040\000N\000e\000u\000r\000a\000l\000\040\000N\000e\000t\000w\000o\000r\000k\000s\000\040\000\050\000C\000N\000N\000s\000\051}{section.6.2}% 182
\BOOKMARK [2][-]{subsection.6.2.6}{\376\377\000G\000e\000n\000e\000r\000a\000l\000i\000z\000e\000d\000\040\000D\000i\000v\000i\000s\000i\000v\000e\000\040\000N\000o\000r\000m\000a\000l\000i\000z\000a\000t\000i\000o\000n\000\040\000\050\000G\000D\000N\000\051}{section.6.2}% 183
\BOOKMARK [2][-]{subsection.6.2.7}{\376\377\000T\000r\000a\000n\000s\000p\000o\000s\000e\000d\000\040\000C\000o\000n\000v\000o\000l\000u\000t\000i\000o\000n\000s}{section.6.2}% 184
\BOOKMARK [1][-]{section.6.3}{\376\377\000T\000h\000e\000\040\000N\000e\000u\000r\000a\000l\000\040\000C\000o\000m\000p\000r\000e\000s\000s\000i\000o\000n\000\040\000P\000a\000r\000a\000d\000i\000g\000m}{chapter.6}% 185
\BOOKMARK [2][-]{subsection.6.3.1}{\376\377\000T\000h\000e\000\040\000C\000o\000r\000e\000\040\000I\000d\000e\000a\000:\000\040\000F\000r\000o\000m\000\040\000P\000i\000x\000e\000l\000s\000\040\000t\000o\000\040\000a\000\040\000L\000a\000t\000e\000n\000t\000\040\000T\000e\000n\000s\000o\000r}{section.6.3}% 186
\BOOKMARK [2][-]{subsection.6.3.2}{\376\377\000T\000h\000e\000\040\000A\000u\000t\000o\000e\000n\000c\000o\000d\000e\000r\000\040\000F\000r\000a\000m\000e\000w\000o\000r\000k}{section.6.3}% 187
\BOOKMARK [2][-]{subsection.6.3.3}{\376\377\000T\000h\000e\000\040\000R\000a\000t\000e\000-\000D\000i\000s\000t\000o\000r\000t\000i\000o\000n\000\040\000V\000A\000E}{section.6.3}% 188
\BOOKMARK [2][-]{subsection.6.3.4}{\376\377\000W\000h\000y\000\040\000C\000o\000m\000p\000r\000e\000s\000s\000\040\000i\000n\000\040\000t\000h\000e\000\040\000L\000a\000t\000e\000n\000t\000\040\000S\000p\000a\000c\000e\000?}{section.6.3}% 189
\BOOKMARK [2][-]{subsection.6.3.5}{\376\377\000T\000h\000e\000\040\000N\000o\000n\000-\000D\000i\000f\000f\000e\000r\000e\000n\000t\000i\000a\000b\000i\000l\000i\000t\000y\000\040\000P\000r\000o\000b\000l\000e\000m}{section.6.3}% 190
\BOOKMARK [2][-]{subsection.6.3.6}{\376\377\000S\000o\000l\000u\000t\000i\000o\000n\000:\000\040\000A\000d\000d\000i\000t\000i\000v\000e\000\040\000U\000n\000i\000f\000o\000r\000m\000\040\000N\000o\000i\000s\000e}{section.6.3}% 191
\BOOKMARK [2][-]{subsection.6.3.7}{\376\377\000T\000h\000e\000\040\000S\000c\000a\000l\000e\000\040\000H\000y\000p\000e\000r\000p\000r\000i\000o\000r\000:\000\040\000S\000p\000a\000t\000i\000a\000l\000\040\000A\000d\000a\000p\000t\000a\000b\000i\000l\000i\000t\000y}{section.6.3}% 192
\BOOKMARK [1][-]{section.6.4}{\376\377\000J\000P\000E\000G\000-\000A\000I}{chapter.6}% 193
\BOOKMARK [2][-]{subsection.6.4.1}{\376\377\000J\000P\000E\000G\000\040\000A\000I\000:\000\040\000S\000t\000a\000n\000d\000a\000r\000d\000i\000z\000i\000n\000g\000\040\000N\000e\000u\000r\000a\000l\000\040\000C\000o\000m\000p\000r\000e\000s\000s\000i\000o\000n}{section.6.4}% 194
\BOOKMARK [2][-]{subsection.6.4.2}{\376\377\000M\000e\000t\000h\000o\000d\000o\000l\000o\000g\000y\000:\000\040\000T\000h\000e\000\040\000H\000i\000e\000r\000a\000r\000c\000h\000i\000c\000a\000l\000\040\000V\000A\000E}{section.6.4}% 195
\BOOKMARK [2][-]{subsection.6.4.3}{\376\377\000M\000u\000l\000t\000i\000m\000o\000d\000a\000l\000i\000t\000y\000:\000\040\000H\000u\000m\000a\000n\000\040\000v\000s\000.\000\040\000M\000a\000c\000h\000i\000n\000e\000\040\000V\000i\000s\000i\000o\000n}{section.6.4}% 196
\BOOKMARK [2][-]{subsection.6.4.4}{\376\377\000P\000e\000r\000f\000o\000r\000m\000a\000n\000c\000e\000:\000\040\000T\000h\000e\000\040\000R\000a\000t\000e\000-\000D\000i\000s\000t\000o\000r\000t\000i\000o\000n\000\040\000L\000e\000a\000p}{section.6.4}% 197
\BOOKMARK [2][-]{subsection.6.4.5}{\376\377\000P\000e\000r\000f\000o\000r\000m\000a\000n\000c\000e\000:\000\040\000H\000a\000r\000d\000w\000a\000r\000e\000\040\000S\000c\000a\000l\000a\000b\000i\000l\000i\000t\000y}{section.6.4}% 198
\BOOKMARK [1][-]{section.6.5}{\376\377\000C\000o\000n\000c\000l\000u\000s\000i\000o\000n}{chapter.6}% 199
\BOOKMARK [2][-]{subsection.6.5.1}{\376\377\000C\000o\000n\000c\000l\000u\000s\000i\000o\000n\000s\000:\000\040\000T\000h\000e\000\040\000P\000a\000r\000a\000d\000i\000g\000m\000\040\000S\000h\000i\000f\000t}{section.6.5}% 200
\BOOKMARK [2][-]{subsection.6.5.2}{\376\377\000C\000u\000r\000r\000e\000n\000t\000\040\000C\000h\000a\000l\000l\000e\000n\000g\000e\000s\000\040\000a\000n\000d\000\040\000L\000i\000m\000i\000t\000a\000t\000i\000o\000n\000s}{section.6.5}% 201
\BOOKMARK [2][-]{subsection.6.5.3}{\376\377\000F\000u\000t\000u\000r\000e\000\040\000H\000o\000r\000i\000z\000o\000n\000s\000\040\000i\000n\000\040\000N\000e\000u\000r\000a\000l\000\040\000C\000o\000m\000p\000r\000e\000s\000s\000i\000o\000n}{section.6.5}% 202
\BOOKMARK [1][-]{section.6.6}{\376\377\000S\000u\000m\000m\000a\000r\000y\000\040\000T\000a\000b\000l\000e\000:\000\040\000C\000l\000a\000s\000s\000i\000c\000a\000l\000\040\000v\000s\000.\000\040\000N\000e\000u\000r\000a\000l\000\040\000C\000o\000m\000p\000r\000e\000s\000s\000i\000o\000n}{chapter.6}% 203
\BOOKMARK [0][-]{chapter.7}{\376\377\000M\000o\000t\000i\000o\000n\000\040\000E\000s\000t\000i\000m\000a\000t\000i\000o\000n}{}% 204
\BOOKMARK [1][-]{section.7.1}{\376\377\0001\000.\000\040\000I\000n\000t\000r\000o\000d\000u\000c\000t\000i\000o\000n}{chapter.7}% 205
\BOOKMARK [2][-]{subsection.7.1.1}{\376\377\000M\000o\000t\000i\000o\000n\000\040\000a\000n\000d\000\040\000A\000p\000p\000a\000r\000e\000n\000t\000\040\000M\000o\000t\000i\000o\000n}{section.7.1}% 206
\BOOKMARK [2][-]{subsection.7.1.2}{\376\377\000A\000p\000p\000l\000i\000c\000a\000t\000i\000o\000n\000s}{section.7.1}% 207
\BOOKMARK [1][-]{section.7.2}{\376\377\0002\000.\000\040\000V\000a\000r\000i\000a\000t\000i\000o\000n\000a\000l\000\040\000M\000e\000t\000h\000o\000d\000s}{chapter.7}% 208
\BOOKMARK [2][-]{subsection.7.2.1}{\376\377\000O\000p\000t\000i\000c\000a\000l\000\040\000F\000l\000o\000w\000\040\000E\000q\000u\000a\000t\000i\000o\000n}{section.7.2}% 209
\BOOKMARK [2][-]{subsection.7.2.2}{\376\377\000H\000o\000r\000n\000\040\000a\000n\000d\000\040\000S\000c\000h\000u\000n\000c\000k\000\040\000A\000l\000g\000o\000r\000i\000t\000h\000m}{section.7.2}% 210
\BOOKMARK [1][-]{section.7.3}{\376\377\0003\000.\000\040\000B\000l\000o\000c\000k\000-\000M\000a\000t\000c\000h\000i\000n\000g\000\040\000M\000e\000t\000h\000o\000d\000s}{chapter.7}% 211
\BOOKMARK [2][-]{subsection.7.3.1}{\376\377\000N\000o\000t\000a\000t\000i\000o\000n\000\040\000a\000n\000d\000\040\000F\000o\000r\000m\000u\000l\000a\000t\000i\000o\000n}{section.7.3}% 212
\BOOKMARK [2][-]{subsection.7.3.2}{\376\377\000E\000v\000a\000l\000u\000a\000t\000i\000o\000n\000\040\000o\000f\000\040\000t\000h\000e\000\040\000M\000V\000F}{section.7.3}% 213
\BOOKMARK [2][-]{subsection.7.3.3}{\376\377\000C\000o\000s\000t\000\040\000F\000u\000n\000c\000t\000i\000o\000n\000s\000:\000\040\000S\000A\000D\000\040\000a\000n\000d\000\040\000S\000S\000D}{section.7.3}% 214
\BOOKMARK [2][-]{subsection.7.3.4}{\376\377\000R\000e\000g\000u\000l\000a\000r\000i\000z\000e\000d\000\040\000C\000o\000s\000t\000\040\000F\000u\000n\000c\000t\000i\000o\000n}{section.7.3}% 215
\BOOKMARK [2][-]{subsection.7.3.5}{\376\377\000S\000e\000a\000r\000c\000h\000\040\000S\000t\000r\000a\000t\000e\000g\000i\000e\000s}{section.7.3}% 216
\BOOKMARK [2][-]{subsection.7.3.6}{\376\377\000S\000u\000b\000p\000i\000x\000e\000l\000\040\000P\000r\000e\000c\000i\000s\000i\000o\000n}{section.7.3}% 217
\BOOKMARK [2][-]{subsection.7.3.7}{\376\377\000V\000a\000r\000i\000a\000b\000l\000e\000\040\000B\000l\000o\000c\000k\000\040\000S\000i\000z\000e}{section.7.3}% 218
\BOOKMARK [1][-]{section.7.4}{\376\377\0004\000.\000\040\000P\000a\000r\000a\000m\000e\000t\000r\000i\000c\000\040\000M\000e\000t\000h\000o\000d\000s}{chapter.7}% 219
\BOOKMARK [2][-]{subsection.7.4.1}{\376\377\000T\000r\000a\000n\000s\000l\000a\000t\000i\000o\000n\000a\000l\000\040\000M\000o\000d\000e\000l}{section.7.4}% 220
\BOOKMARK [2][-]{subsection.7.4.2}{\376\377\000A\000f\000f\000i\000n\000e\000\040\000M\000o\000d\000e\000l}{section.7.4}% 221
\BOOKMARK [2][-]{subsection.7.4.3}{\376\377\000P\000a\000r\000a\000m\000e\000t\000e\000r\000\040\000E\000s\000t\000i\000m\000a\000t\000i\000o\000n}{section.7.4}% 222
\BOOKMARK [1][-]{section.7.5}{\376\377\0005\000.\000\040\000D\000e\000e\000p\000\040\000L\000e\000a\000r\000n\000i\000n\000g\000\040\000M\000e\000t\000h\000o\000d\000s}{chapter.7}% 223
\BOOKMARK [2][-]{subsection.7.5.1}{\376\377\000T\000h\000e\000\040\000P\000a\000r\000a\000d\000i\000g\000m\000\040\000S\000h\000i\000f\000t}{section.7.5}% 224
\BOOKMARK [2][-]{subsection.7.5.2}{\376\377\000F\000l\000o\000w\000N\000e\000t\000\040\000\050\0002\0000\0001\0005\000\051}{section.7.5}% 225
\BOOKMARK [2][-]{subsection.7.5.3}{\376\377\000F\000l\000o\000w\000N\000e\000t\000\040\0002\000.\0000\000\040\000\050\0002\0000\0001\0007\000\051}{section.7.5}% 226
\BOOKMARK [2][-]{subsection.7.5.4}{\376\377\000P\000W\000C\000-\000N\000e\000t\000\040\000\050\0002\0000\0001\0008\000\051}{section.7.5}% 227
\BOOKMARK [2][-]{subsection.7.5.5}{\376\377\000R\000A\000F\000T\000\040\000\050\0002\0000\0002\0000\000\051}{section.7.5}% 228
\BOOKMARK [2][-]{subsection.7.5.6}{\376\377\000D\000L\000\040\000P\000e\000r\000s\000p\000e\000c\000t\000i\000v\000e\000s\000\040\000a\000n\000d\000\040\000C\000h\000a\000l\000l\000e\000n\000g\000e\000s}{section.7.5}% 229
\BOOKMARK [2][-]{subsection.7.5.7}{\376\377\000E\000v\000o\000l\000u\000t\000i\000o\000n\000a\000r\000y\000\040\000S\000u\000m\000m\000a\000r\000y}{section.7.5}% 230
\BOOKMARK [1][-]{section.7.6}{\376\377\0006\000.\000\040\000C\000o\000n\000c\000l\000u\000s\000i\000o\000n\000s}{chapter.7}% 231
\BOOKMARK [1][-]{section.7.7}{\376\377\000S\000u\000m\000m\000a\000r\000y\000\040\000T\000a\000b\000l\000e}{chapter.7}% 232
\BOOKMARK [0][-]{chapter.8}{\376\377\000V\000i\000d\000e\000o\000\040\000C\000o\000d\000i\000n\000g\000\040\000P\000r\000i\000n\000c\000i\000p\000l\000e\000s}{}% 233
\BOOKMARK [1][-]{section.8.1}{\376\377\000V\000i\000d\000e\000o\000\040\000C\000o\000m\000p\000r\000e\000s\000s\000i\000o\000n\000\040\000P\000r\000i\000n\000c\000i\000p\000l\000e\000s}{chapter.8}% 234
\BOOKMARK [2][-]{subsection.8.1.1}{\376\377\000G\000e\000n\000e\000r\000a\000l\000\040\000S\000c\000h\000e\000m\000e\000\040\000o\000f\000\040\000a\000\040\000V\000i\000d\000e\000o\000\040\000C\000o\000d\000e\000r}{section.8.1}% 235
\BOOKMARK [1][-]{section.8.2}{\376\377\000P\000r\000e\000d\000i\000c\000t\000i\000o\000n\000\040\000i\000n\000\040\000V\000i\000d\000e\000o\000\040\000C\000o\000d\000i\000n\000g\000:\000\040\000D\000P\000C\000M}{chapter.8}% 236
\BOOKMARK [1][-]{section.8.3}{\376\377\000B\000l\000o\000c\000k\000-\000M\000a\000t\000c\000h\000i\000n\000g\000\040\000M\000o\000t\000i\000o\000n\000\040\000E\000s\000t\000i\000m\000a\000t\000i\000o\000n}{chapter.8}% 237
\BOOKMARK [1][-]{section.8.4}{\376\377\000P\000e\000r\000f\000o\000r\000m\000a\000n\000c\000e\000\040\000C\000r\000i\000t\000e\000r\000i\000a\000\040\000o\000f\000\040\000M\000o\000t\000i\000o\000n\000\040\000E\000s\000t\000i\000m\000a\000t\000i\000o\000n}{chapter.8}% 238
\BOOKMARK [1][-]{section.8.5}{\376\377\000M\000o\000t\000i\000o\000n\000\040\000E\000s\000t\000i\000m\000a\000t\000i\000o\000n\000:\000\040\000E\000x\000a\000m\000p\000l\000e}{chapter.8}% 239
\BOOKMARK [1][-]{section.8.6}{\376\377\000M\000o\000t\000i\000o\000n\000\040\000V\000e\000c\000t\000o\000r\000\040\000C\000o\000m\000p\000o\000n\000e\000n\000t\000s}{chapter.8}% 240
\BOOKMARK [1][-]{section.8.7}{\376\377\000S\000t\000a\000t\000i\000s\000t\000i\000c\000a\000l\000\040\000A\000n\000a\000l\000y\000s\000i\000s\000\040\000a\000n\000d\000\040\000E\000n\000t\000r\000o\000p\000y}{chapter.8}% 241
\BOOKMARK [1][-]{section.8.8}{\376\377\000C\000o\000d\000i\000n\000g\000\040\000P\000e\000r\000f\000o\000r\000m\000a\000n\000c\000e\000:\000\040\000R\000a\000w\000\040\000M\000V}{chapter.8}% 242
\BOOKMARK [1][-]{section.8.9}{\376\377\000P\000r\000e\000d\000i\000c\000t\000i\000v\000e\000\040\000C\000o\000d\000i\000n\000g\000\040\000o\000f\000\040\000M\000o\000t\000i\000o\000n\000\040\000V\000e\000c\000t\000o\000r\000s}{chapter.8}% 243
\BOOKMARK [1][-]{section.8.10}{\376\377\000S\000t\000a\000t\000i\000s\000t\000i\000c\000s\000\040\000o\000f\000\040\000t\000h\000e\000\040\000P\000r\000e\000d\000i\000c\000t\000i\000o\000n\000\040\000E\000r\000r\000o\000r}{chapter.8}% 244
\BOOKMARK [2][-]{subsection.8.10.1}{\376\377\000H\000o\000r\000i\000z\000o\000n\000t\000a\000l\000\040\000C\000o\000m\000p\000o\000n\000e\000n\000t\000:\000\040\000R\000a\000w\000\040\000M\000V}{section.8.10}% 245
\BOOKMARK [2][-]{subsection.8.10.2}{\376\377\000H\000o\000r\000i\000z\000o\000n\000t\000a\000l\000\040\000C\000o\000m\000p\000o\000n\000e\000n\000t\000:\000\040\000P\000r\000e\000d\000i\000c\000t\000i\000o\000n\000\040\000E\000r\000r\000o\000r}{section.8.10}% 246
\BOOKMARK [2][-]{subsection.8.10.3}{\376\377\000V\000e\000r\000t\000i\000c\000a\000l\000\040\000C\000o\000m\000p\000o\000n\000e\000n\000t\000:\000\040\000R\000a\000w\000\040\000M\000V}{section.8.10}% 247
\BOOKMARK [2][-]{subsection.8.10.4}{\376\377\000V\000e\000r\000t\000i\000c\000a\000l\000\040\000C\000o\000m\000p\000o\000n\000e\000n\000t\000:\000\040\000P\000r\000e\000d\000i\000c\000t\000i\000o\000n\000\040\000E\000r\000r\000o\000r}{section.8.10}% 248
\BOOKMARK [1][-]{section.8.11}{\376\377\000C\000o\000d\000i\000n\000g\000\040\000P\000e\000r\000f\000o\000r\000m\000a\000n\000c\000e\000:\000\040\000R\000e\000s\000i\000d\000u\000a\000l\000\040\000V\000e\000c\000t\000o\000r\000s}{chapter.8}% 249
\BOOKMARK [1][-]{section.8.12}{\376\377\000M\000o\000t\000i\000o\000n\000\040\000C\000o\000m\000p\000e\000n\000s\000a\000t\000i\000o\000n}{chapter.8}% 250
\BOOKMARK [1][-]{section.8.13}{\376\377\000M\000o\000t\000i\000o\000n\000-\000C\000o\000m\000p\000e\000n\000s\000a\000t\000e\000d\000\040\000V\000i\000d\000e\000o\000\040\000C\000o\000d\000i\000n\000g}{chapter.8}% 251
\BOOKMARK [1][-]{section.8.14}{\376\377\000S\000u\000m\000m\000a\000r\000y\000\040\000o\000f\000\040\000M\000E\000/\000M\000C\000:\000\040\000E\000n\000c\000o\000d\000e\000r}{chapter.8}% 252
\BOOKMARK [1][-]{section.8.15}{\376\377\000S\000u\000m\000m\000a\000r\000y\000\040\000o\000f\000\040\000M\000E\000/\000M\000C\000:\000\040\000D\000e\000c\000o\000d\000e\000r}{chapter.8}% 253
\BOOKMARK [1][-]{section.8.16}{\376\377\000D\000e\000s\000i\000g\000n\000\040\000P\000a\000r\000a\000m\000e\000t\000e\000r\000s\000\040\000o\000f\000\040\000M\000o\000t\000i\000o\000n\000\040\000E\000s\000t\000i\000m\000a\000t\000i\000o\000n}{chapter.8}% 254
\BOOKMARK [1][-]{section.8.17}{\376\377\000M\000o\000t\000i\000o\000n\000\040\000E\000s\000t\000i\000m\000a\000t\000i\000o\000n\000:\000\040\000S\000u\000m\000m\000a\000r\000y}{chapter.8}% 255
\BOOKMARK [1][-]{section.8.18}{\376\377\000F\000r\000a\000m\000e\000\040\000T\000y\000p\000e\000s\000\040\000a\000n\000d\000\040\000t\000h\000e\000\040\000G\000r\000o\000u\000p\000\040\000o\000f\000\040\000P\000i\000c\000t\000u\000r\000e\000s}{chapter.8}% 256
\BOOKMARK [1][-]{section.8.19}{\376\377\000G\000r\000o\000u\000p\000\040\000o\000f\000\040\000P\000i\000c\000t\000u\000r\000e\000s}{chapter.8}% 257
\BOOKMARK [1][-]{section.8.20}{\376\377\000I\000\040\000F\000r\000a\000m\000e\000s}{chapter.8}% 258
\BOOKMARK [1][-]{section.8.21}{\376\377\000P\000\040\000F\000r\000a\000m\000e\000s}{chapter.8}% 259
\BOOKMARK [1][-]{section.8.22}{\376\377\000B\000\040\000F\000r\000a\000m\000e\000s}{chapter.8}% 260
\BOOKMARK [1][-]{section.8.23}{\376\377\000F\000r\000a\000m\000e\000\040\000C\000o\000d\000i\000n\000g\000\040\000O\000r\000d\000e\000r}{chapter.8}% 261
\BOOKMARK [1][-]{section.8.24}{\376\377\000R\000a\000t\000e\000\040\000a\000n\000d\000\040\000P\000S\000N\000R\000\040\000o\000f\000\040\000D\000i\000f\000f\000e\000r\000e\000n\000t\000\040\000F\000r\000a\000m\000e\000\040\000T\000y\000p\000e\000s}{chapter.8}% 262
\BOOKMARK [1][-]{section.8.25}{\376\377\000T\000h\000e\000\040\000H\000y\000b\000r\000i\000d\000\040\000V\000i\000d\000e\000o\000\040\000E\000n\000c\000o\000d\000e\000r}{chapter.8}% 263
\BOOKMARK [1][-]{section.8.26}{\376\377\000C\000o\000d\000i\000n\000g\000\040\000M\000o\000d\000e\000\040\000a\000n\000d\000\040\000P\000a\000r\000t\000i\000t\000i\000o\000n\000\040\000S\000e\000l\000e\000c\000t\000i\000o\000n}{chapter.8}% 264
\BOOKMARK [1][-]{section.8.27}{\376\377\000C\000o\000d\000i\000n\000g\000\040\000M\000o\000d\000e\000\040\000S\000e\000l\000e\000c\000t\000i\000o\000n}{chapter.8}% 265
\BOOKMARK [1][-]{section.8.28}{\376\377\000C\000o\000d\000i\000n\000g\000\040\000M\000o\000d\000e\000\040\000S\000e\000l\000e\000c\000t\000i\000o\000n\000:\000\040\000B\000l\000o\000c\000k\000-\000W\000i\000s\000e}{chapter.8}% 266
\BOOKMARK [1][-]{section.8.29}{\376\377\000C\000o\000d\000i\000n\000g\000\040\000M\000o\000d\000e\000\040\000S\000e\000l\000e\000c\000t\000i\000o\000n\000:\000\040\000L\000a\000g\000r\000a\000n\000g\000i\000a\000n\000\040\000M\000u\000l\000t\000i\000p\000l\000i\000e\000r}{chapter.8}% 267
\BOOKMARK [1][-]{section.8.30}{\376\377\000B\000l\000o\000c\000k\000\040\000P\000a\000r\000t\000i\000t\000i\000o\000n}{chapter.8}% 268
\BOOKMARK [1][-]{section.8.31}{\376\377\000C\000o\000d\000i\000n\000g\000\040\000M\000o\000d\000e\000\040\000S\000e\000l\000e\000c\000t\000i\000o\000n\000:\000\040\000S\000l\000o\000p\000e\000\040\000I\000n\000t\000e\000r\000p\000r\000e\000t\000a\000t\000i\000o\000n}{chapter.8}% 269
\BOOKMARK [1][-]{section.8.32}{\376\377\000H\000y\000b\000r\000i\000d\000\040\000V\000i\000d\000e\000o\000\040\000E\000n\000c\000o\000d\000e\000r\000\040\000A\000r\000c\000h\000i\000t\000e\000c\000t\000u\000r\000e}{chapter.8}% 270
\BOOKMARK [1][-]{section.8.33}{\376\377\000R\000a\000t\000e\000\040\000C\000o\000n\000t\000r\000o\000l}{chapter.8}% 271
\BOOKMARK [1][-]{section.8.34}{\376\377\000T\000h\000e\000\040\000H\000y\000b\000r\000i\000d\000\040\000V\000i\000d\000e\000o\000\040\000D\000e\000c\000o\000d\000e\000r}{chapter.8}% 272
\BOOKMARK [1][-]{section.8.35}{\376\377\000H\000y\000b\000r\000i\000d\000\040\000V\000i\000d\000e\000o\000\040\000C\000o\000d\000i\000n\000g\000:\000\040\000W\000r\000a\000p\000-\000U\000p}{chapter.8}% 273
\BOOKMARK [1][-]{section.8.36}{\376\377\000H\000y\000b\000r\000i\000d\000\040\000V\000i\000d\000e\000o\000\040\000C\000o\000d\000i\000n\000g\000:\000\040\000W\000r\000a\000p\000-\000U\000p\000\040\000C\000o\000n\000t\000i\000n\000u\000e\000d}{chapter.8}% 274
\BOOKMARK [1][-]{section.8.37}{\376\377\000H\000y\000b\000r\000i\000d\000\040\000V\000i\000d\000e\000o\000\040\000C\000o\000d\000i\000n\000g\000:\000\040\000C\000o\000n\000c\000e\000p\000t\000\040\000M\000a\000p}{chapter.8}% 275
\BOOKMARK [1][-]{section.8.38}{\376\377\000F\000i\000n\000a\000l\000\040\000S\000u\000m\000m\000a\000r\000y\000\040\000T\000a\000b\000l\000e}{chapter.8}% 276
\BOOKMARK [0][-]{chapter.9}{\376\377\000M\000o\000d\000e\000r\000n\000\040\000V\000i\000d\000e\000o\000\040\000C\000o\000m\000p\000r\000e\000s\000s\000i\000o\000n\000\040\000S\000t\000a\000n\000d\000a\000r\000d\000s}{}% 277
\BOOKMARK [1][-]{section.9.1}{\376\377\000T\000h\000e\000\040\000H\000y\000b\000r\000i\000d\000\040\000V\000i\000d\000e\000o\000\040\000C\000o\000d\000i\000n\000g\000\040\000P\000a\000r\000a\000d\000i\000g\000m}{chapter.9}% 278
\BOOKMARK [2][-]{subsection.9.1.1}{\376\377\000T\000h\000e\000\040\000U\000n\000i\000v\000e\000r\000s\000a\000l\000\040\000H\000y\000b\000r\000i\000d\000\040\000V\000i\000d\000e\000o\000\040\000E\000n\000c\000o\000d\000e\000r}{section.9.1}% 279
\BOOKMARK [2][-]{subsection.9.1.2}{\376\377\000S\000c\000o\000p\000e\000\040\000o\000f\000\040\000t\000h\000e\000\040\000S\000t\000a\000n\000d\000a\000r\000d}{section.9.1}% 280
\BOOKMARK [2][-]{subsection.9.1.3}{\376\377\000C\000o\000d\000e\000c\000s\000\040\000H\000i\000s\000t\000o\000r\000i\000c\000a\000l\000\040\000E\000v\000o\000l\000u\000t\000i\000o\000n}{section.9.1}% 281
\BOOKMARK [2][-]{subsection.9.1.4}{\376\377\000M\000a\000r\000k\000e\000t\000\040\000a\000n\000d\000\040\000U\000s\000e\000\040\000C\000a\000s\000e\000s\000\040\0002\0000\0002\0006\000\040\000S\000c\000e\000n\000a\000r\000i\000o\000s}{section.9.1}% 282
\BOOKMARK [2][-]{subsection.9.1.5}{\376\377\000V\000i\000d\000e\000o\000\040\000C\000o\000d\000e\000c\000\040\000C\000o\000m\000p\000a\000r\000i\000s\000o\000n}{section.9.1}% 283
\BOOKMARK [2][-]{subsection.9.1.6}{\376\377\000T\000h\000e\000\040\000C\000o\000s\000t\000\040\000o\000f\000\040\000F\000r\000e\000e\000d\000o\000m}{section.9.1}% 284
\BOOKMARK [1][-]{section.9.2}{\376\377\000S\000p\000a\000c\000e\000\040\000P\000a\000r\000t\000i\000t\000i\000o\000n\000i\000n\000g\000\040\000a\000n\000d\000\040\000R\000D\000O}{chapter.9}% 285
\BOOKMARK [2][-]{subsection.9.2.1}{\376\377\000R\000e\000c\000a\000l\000l\000:\000\040\000R\000a\000t\000e\000-\000D\000i\000s\000t\000o\000r\000t\000i\000o\000n\000\040\000O\000p\000t\000i\000m\000i\000z\000a\000t\000i\000o\000n}{section.9.2}% 286
\BOOKMARK [2][-]{subsection.9.2.2}{\376\377\000H\000.\0002\0006\0004\000/\000A\000V\000C\000:\000\040\000T\000h\000e\000\040\000M\000a\000c\000r\000o\000b\000l\000o\000c\000k\000\040\000E\000r\000a}{section.9.2}% 287
\BOOKMARK [2][-]{subsection.9.2.3}{\376\377\000H\000.\0002\0006\0005\000/\000H\000E\000V\000C\000:\000\040\000T\000h\000e\000\040\000Q\000u\000a\000d\000-\000T\000r\000e\000e\000\040\000P\000a\000r\000a\000d\000i\000g\000m}{section.9.2}% 288
\BOOKMARK [2][-]{subsection.9.2.4}{\376\377\000H\000.\0002\0006\0006\000/\000V\000V\000C\000:\000\040\000Q\000T\000\040\000+\000\040\000M\000u\000l\000t\000i\000-\000T\000y\000p\000e\000\040\000T\000r\000e\000e\000\040\000\050\000M\000T\000T\000\051}{section.9.2}% 289
\BOOKMARK [2][-]{subsection.9.2.5}{\376\377\000A\000V\0001\000:\000\040\0001\0000\000-\000W\000a\000y\000\040\000S\000u\000p\000e\000r\000b\000l\000o\000c\000k\000\040\000P\000a\000r\000t\000i\000t\000i\000o\000n\000i\000n\000g}{section.9.2}% 290
\BOOKMARK [2][-]{subsection.9.2.6}{\376\377\000T\000h\000e\000\040\000A\000l\000g\000o\000r\000i\000t\000h\000m\000i\000c\000\040\000B\000u\000r\000d\000e\000n\000\040\000o\000f\000\040\000R\000D\000O}{section.9.2}% 291
\BOOKMARK [2][-]{subsection.9.2.7}{\376\377\000P\000r\000u\000n\000i\000n\000g\000\040\000t\000h\000e\000\040\000D\000e\000c\000i\000s\000i\000o\000n\000\040\000T\000r\000e\000e\000:\000\040\000F\000a\000s\000t\000\040\000H\000e\000u\000r\000i\000s\000t\000i\000c\000s}{section.9.2}% 292
\BOOKMARK [1][-]{section.9.3}{\376\377\000S\000p\000a\000t\000i\000a\000l\000\040\000a\000n\000d\000\040\000T\000e\000m\000p\000o\000r\000a\000l\000\040\000P\000r\000e\000d\000i\000c\000t\000i\000o\000n}{chapter.9}% 293
\BOOKMARK [2][-]{subsection.9.3.1}{\376\377\000I\000n\000t\000r\000a\000\040\000P\000r\000e\000d\000i\000c\000t\000i\000o\000n}{section.9.3}% 294
\BOOKMARK [2][-]{subsection.9.3.2}{\376\377\000T\000h\000e\000\040\000C\000o\000s\000t\000\040\000o\000f\000\040\000F\000r\000e\000e\000d\000o\000m\000:\000\040\000P\000r\000e\000d\000i\000c\000t\000i\000n\000g\000\040\000t\000h\000e\000\040\000P\000r\000e\000d\000i\000c\000t\000o\000r}{section.9.3}% 295
\BOOKMARK [2][-]{subsection.9.3.3}{\376\377\000I\000n\000t\000e\000r\000\040\000P\000r\000e\000d\000i\000c\000t\000i\000o\000n\000:\000\040\000F\000r\000a\000c\000t\000i\000o\000n\000a\000l\000\040\000M\000o\000t\000i\000o\000n\000\040\000C\000o\000m\000p\000e\000n\000s\000a\000t\000i\000o\000n}{section.9.3}% 296
\BOOKMARK [2][-]{subsection.9.3.4}{\376\377\000A\000d\000v\000a\000n\000c\000e\000d\000\040\000M\000o\000t\000i\000o\000n\000\040\000C\000o\000m\000p\000e\000n\000s\000a\000t\000i\000o\000n}{section.9.3}% 297
\BOOKMARK [2][-]{subsection.9.3.5}{\376\377\000V\000e\000c\000t\000o\000r\000\040\000P\000r\000e\000d\000i\000c\000t\000i\000o\000n\000:\000\040\000F\000r\000o\000m\000\040\000S\000k\000i\000p\000\040\000t\000o\000\040\000M\000e\000r\000g\000e}{section.9.3}% 298
\BOOKMARK [2][-]{subsection.9.3.6}{\376\377\000B\000e\000y\000o\000n\000d\000\040\000T\000r\000a\000n\000s\000l\000a\000t\000i\000o\000n\000:\000\040\000M\000o\000d\000e\000r\000n\000\040\000I\000n\000t\000e\000r\000\040\000T\000o\000o\000l\000s}{section.9.3}% 299
\BOOKMARK [1][-]{section.9.4}{\376\377\000T\000r\000a\000n\000s\000f\000o\000r\000m\000s\000,\000\040\000Q\000u\000a\000n\000t\000i\000z\000a\000t\000i\000o\000n\000,\000\040\000a\000n\000d\000\040\000F\000i\000l\000t\000e\000r\000s}{chapter.9}% 300
\BOOKMARK [2][-]{subsection.9.4.1}{\376\377\000R\000e\000s\000i\000d\000u\000a\000l\000\040\000C\000o\000d\000i\000n\000g\000:\000\040\000T\000h\000e\000\040\000E\000v\000o\000l\000u\000t\000i\000o\000n\000\040\000o\000f\000\040\000T\000r\000a\000n\000s\000f\000o\000r\000m\000s}{section.9.4}% 301
\BOOKMARK [2][-]{subsection.9.4.2}{\376\377\000Q\000u\000a\000n\000t\000i\000z\000a\000t\000i\000o\000n\000\040\000a\000n\000d\000\040\000E\000n\000t\000r\000o\000p\000y\000\040\000C\000o\000d\000i\000n\000g}{section.9.4}% 302
\BOOKMARK [2][-]{subsection.9.4.3}{\376\377\000T\000h\000e\000\040\000N\000e\000e\000d\000\040\000f\000o\000r\000\040\000I\000n\000-\000L\000o\000o\000p\000\040\000F\000i\000l\000t\000e\000r\000i\000n\000g}{section.9.4}% 303
\BOOKMARK [2][-]{subsection.9.4.4}{\376\377\000E\000v\000o\000l\000u\000t\000i\000o\000n\000\040\000o\000f\000\040\000I\000n\000-\000L\000o\000o\000p\000\040\000F\000i\000l\000t\000e\000r\000s}{section.9.4}% 304
\BOOKMARK [2][-]{subsection.9.4.5}{\376\377\000V\000V\000C\000\040\000a\000n\000d\000\040\000A\000V\0001\000\040\000F\000i\000l\000t\000e\000r\000s}{section.9.4}% 305
\BOOKMARK [1][-]{section.9.5}{\376\377\000N\000e\000t\000w\000o\000r\000k\000\040\000A\000b\000s\000t\000r\000a\000c\000t\000i\000o\000n\000\040\000a\000n\000d\000\040\000P\000a\000r\000a\000l\000l\000e\000l\000i\000s\000m}{chapter.9}% 306
\BOOKMARK [2][-]{subsection.9.5.1}{\376\377\000T\000r\000a\000n\000s\000m\000i\000s\000s\000i\000o\000n\000\040\000a\000n\000d\000\040\000N\000e\000t\000w\000o\000r\000k\000\040\000E\000r\000r\000o\000r\000s}{section.9.5}% 307
\BOOKMARK [2][-]{subsection.9.5.2}{\376\377\000P\000i\000c\000t\000u\000r\000e\000s\000\040\000a\000n\000d\000\040\000S\000l\000i\000c\000e\000s}{section.9.5}% 308
\BOOKMARK [2][-]{subsection.9.5.3}{\376\377\000T\000h\000e\000\040\000S\000o\000l\000u\000t\000i\000o\000n\000:\000\040\000S\000e\000p\000a\000r\000a\000t\000i\000o\000n\000\040\000o\000f\000\040\000C\000o\000n\000c\000e\000r\000n\000s}{section.9.5}% 309
\BOOKMARK [2][-]{subsection.9.5.4}{\376\377\000N\000A\000L\000\040\000U\000n\000i\000t\000s}{section.9.5}% 310
\BOOKMARK [2][-]{subsection.9.5.5}{\376\377\000N\000A\000L\000U\000s\000\040\000a\000n\000d\000\040\000A\000c\000c\000e\000s\000s\000\040\000U\000n\000i\000t\000s}{section.9.5}% 311
\BOOKMARK [2][-]{subsection.9.5.6}{\376\377\000F\000o\000r\000m\000a\000t\000\040\0001\000:\000\040\000A\000n\000n\000e\000x\000-\000B\000\040\000B\000y\000t\000e\000-\000S\000t\000r\000e\000a\000m}{section.9.5}% 312
\BOOKMARK [2][-]{subsection.9.5.7}{\376\377\000F\000o\000r\000m\000a\000t\000\040\0002\000:\000\040\000P\000a\000c\000k\000e\000t\000i\000z\000e\000d\000\040\000L\000e\000n\000g\000t\000h\000-\000P\000r\000e\000f\000i\000x\000e\000d}{section.9.5}% 313
\BOOKMARK [2][-]{subsection.9.5.8}{\376\377\000T\000h\000e\000\040\000E\000v\000o\000l\000u\000t\000i\000o\000n\000:\000\040\000H\000E\000V\000C\000,\000\040\000V\000V\000C\000,\000\040\000a\000n\000d\000\040\000A\000V\0001}{section.9.5}% 314
\BOOKMARK [2][-]{subsection.9.5.9}{\376\377\000N\000e\000t\000w\000o\000r\000k\000\040\000F\000r\000i\000e\000n\000d\000l\000i\000n\000e\000s\000s\000\040\000i\000n\000\040\000A\000c\000t\000i\000o\000n}{section.9.5}% 315
\BOOKMARK [2][-]{subsection.9.5.10}{\376\377\000R\000e\000s\000y\000n\000c\000h\000r\000o\000n\000i\000z\000a\000t\000i\000o\000n\000:\000\040\000S\000t\000r\000e\000a\000m\000\040\000S\000t\000r\000u\000c\000t\000u\000r\000e}{section.9.5}% 316
\BOOKMARK [2][-]{subsection.9.5.11}{\376\377\000H\000a\000r\000d\000w\000a\000r\000e\000\040\000F\000r\000i\000e\000n\000d\000l\000i\000n\000e\000s\000s\000:\000\040\000T\000i\000l\000e\000s}{section.9.5}% 317
\BOOKMARK [2][-]{subsection.9.5.12}{\376\377\000T\000i\000l\000e\000s\000\040\000i\000n\000\040\0003\0006\0000\000-\000D\000e\000g\000r\000e\000e\000\040\000V\000i\000d\000e\000o}{section.9.5}% 318
\BOOKMARK [2][-]{subsection.9.5.13}{\376\377\000W\000a\000v\000e\000f\000r\000o\000n\000t\000\040\000P\000a\000r\000a\000l\000l\000e\000l\000\040\000P\000r\000o\000c\000e\000s\000s\000i\000n\000g\000\040\000\050\000W\000P\000P\000\051}{section.9.5}% 319
\BOOKMARK [2][-]{subsection.9.5.14}{\376\377\000S\000u\000m\000m\000a\000r\000y\000\040\000o\000f\000\040\000t\000h\000e\000\040\000H\000y\000b\000r\000i\000d\000\040\000A\000r\000c\000h\000i\000t\000e\000c\000t\000u\000r\000e}{section.9.5}% 320
\BOOKMARK [1][-]{section.9.6}{\376\377\000F\000i\000n\000a\000l\000\040\000S\000u\000m\000m\000a\000r\000y\000\040\000T\000a\000b\000l\000e}{chapter.9}% 321
\BOOKMARK [0][-]{chapter.10}{\376\377\000A\000u\000d\000i\000o\000\040\000a\000n\000d\000\040\000S\000p\000e\000e\000c\000h\000\040\000C\000o\000m\000p\000r\000e\000s\000s\000i\000o\000n}{}% 322
\BOOKMARK [1][-]{section.10.1}{\376\377\000S\000p\000e\000e\000c\000h\000\040\000a\000n\000d\000\040\000A\000u\000d\000i\000o\000\040\000F\000o\000u\000n\000d\000a\000t\000i\000o\000n\000s}{chapter.10}% 323
\BOOKMARK [2][-]{subsection.10.1.1}{\376\377\000A\000u\000d\000i\000o\000\040\000i\000n\000\040\000t\000h\000e\000\040\000M\000u\000l\000t\000i\000m\000e\000d\000i\000a\000\040\000E\000c\000o\000s\000y\000s\000t\000e\000m}{section.10.1}% 324
\BOOKMARK [2][-]{subsection.10.1.2}{\376\377\000M\000e\000t\000h\000o\000d\000o\000l\000o\000g\000i\000c\000a\000l\000\040\000F\000r\000a\000m\000e\000w\000o\000r\000k}{section.10.1}% 325
\BOOKMARK [2][-]{subsection.10.1.3}{\376\377\000M\000e\000t\000h\000o\000d\000o\000l\000o\000g\000i\000c\000a\000l\000\040\000T\000a\000x\000o\000n\000o\000m\000y}{section.10.1}% 326
\BOOKMARK [2][-]{subsection.10.1.4}{\376\377\000T\000e\000m\000p\000o\000r\000a\000l\000\040\000D\000y\000n\000a\000m\000i\000c\000s\000:\000\040\000S\000p\000e\000e\000c\000h\000\040\000v\000s\000.\000\040\000M\000u\000s\000i\000c}{section.10.1}% 327
\BOOKMARK [2][-]{subsection.10.1.5}{\376\377\000M\000o\000d\000e\000l\000i\000n\000g\000\040\000P\000a\000r\000a\000d\000i\000g\000m\000s}{section.10.1}% 328
\BOOKMARK [2][-]{subsection.10.1.6}{\376\377\000A\000m\000p\000l\000i\000t\000u\000d\000e\000\040\000S\000t\000a\000t\000i\000s\000t\000i\000c\000s\000\040\000a\000c\000r\000o\000s\000s\000\040\000A\000u\000d\000i\000o\000\040\000T\000y\000p\000e\000s}{section.10.1}% 329
\BOOKMARK [2][-]{subsection.10.1.7}{\376\377\000E\000m\000p\000i\000r\000i\000c\000a\000l\000\040\000A\000n\000a\000l\000y\000s\000i\000s\000:\000\040\000V\000o\000i\000c\000e\000d\000\040\000S\000p\000e\000e\000c\000h}{section.10.1}% 330
\BOOKMARK [2][-]{subsection.10.1.8}{\376\377\000S\000p\000e\000c\000t\000r\000a\000l\000\040\000A\000n\000a\000l\000y\000s\000i\000s\000:\000\040\000V\000o\000w\000e\000l\000s}{section.10.1}% 331
\BOOKMARK [2][-]{subsection.10.1.9}{\376\377\000E\000m\000p\000i\000r\000i\000c\000a\000l\000\040\000A\000n\000a\000l\000y\000s\000i\000s\000:\000\040\000G\000e\000n\000e\000r\000a\000l\000\040\000S\000p\000e\000e\000c\000h}{section.10.1}% 332
\BOOKMARK [2][-]{subsection.10.1.10}{\376\377\000E\000m\000p\000i\000r\000i\000c\000a\000l\000\040\000A\000n\000a\000l\000y\000s\000i\000s\000:\000\040\000E\000l\000e\000c\000t\000r\000o\000n\000i\000c\000\040\000M\000u\000s\000i\000c}{section.10.1}% 333
\BOOKMARK [2][-]{subsection.10.1.11}{\376\377\000S\000p\000e\000c\000t\000r\000a\000l\000\040\000A\000n\000a\000l\000y\000s\000i\000s\000:\000\040\000E\000l\000e\000c\000t\000r\000o\000n\000i\000c\000\040\000M\000u\000s\000i\000c}{section.10.1}% 334
\BOOKMARK [2][-]{subsection.10.1.12}{\376\377\000E\000m\000p\000i\000r\000i\000c\000a\000l\000\040\000A\000n\000a\000l\000y\000s\000i\000s\000:\000\040\000G\000a\000m\000e\000\040\000A\000u\000d\000i\000o}{section.10.1}% 335
\BOOKMARK [2][-]{subsection.10.1.13}{\376\377\000L\000e\000s\000s\000o\000n\000s\000\040\000f\000r\000o\000m\000\040\000E\000m\000p\000i\000r\000i\000c\000a\000l\000\040\000D\000a\000t\000a}{section.10.1}% 336
\BOOKMARK [2][-]{subsection.10.1.14}{\376\377\000T\000h\000e\000\040\000H\000u\000m\000a\000n\000\040\000S\000p\000e\000e\000c\000h\000\040\000P\000r\000o\000d\000u\000c\000t\000i\000o\000n\000\040\000S\000y\000s\000t\000e\000m}{section.10.1}% 337
\BOOKMARK [2][-]{subsection.10.1.15}{\376\377\000V\000o\000i\000c\000e\000d\000\040\000a\000n\000d\000\040\000U\000n\000v\000o\000i\000c\000e\000d\000\040\000S\000p\000e\000e\000c\000h}{section.10.1}% 338
\BOOKMARK [2][-]{subsection.10.1.16}{\376\377\000T\000h\000e\000\040\000S\000o\000u\000r\000c\000e\000-\000F\000i\000l\000t\000e\000r\000\040\000A\000c\000o\000u\000s\000t\000i\000c\000\040\000M\000o\000d\000e\000l}{section.10.1}% 339
\BOOKMARK [2][-]{subsection.10.1.17}{\376\377\000B\000r\000i\000d\000g\000e\000\040\000t\000o\000\040\000L\000i\000n\000e\000a\000r\000\040\000P\000r\000e\000d\000i\000c\000t\000i\000v\000e\000\040\000C\000o\000d\000i\000n\000g}{section.10.1}% 340
\BOOKMARK [1][-]{section.10.2}{\376\377\000L\000i\000n\000e\000a\000r\000\040\000P\000r\000e\000d\000i\000c\000t\000i\000v\000e\000\040\000C\000o\000d\000i\000n\000g\000\040\000\050\000L\000P\000C\000\051}{chapter.10}% 341
\BOOKMARK [2][-]{subsection.10.2.1}{\376\377\000P\000r\000i\000n\000c\000i\000p\000l\000e\000s\000\040\000o\000f\000\040\000L\000i\000n\000e\000a\000r\000\040\000P\000r\000e\000d\000i\000c\000t\000i\000o\000n}{section.10.2}% 342
\BOOKMARK [2][-]{subsection.10.2.2}{\376\377\000E\000s\000t\000i\000m\000a\000t\000i\000o\000n\000\040\000o\000f\000\040\000O\000p\000t\000i\000m\000a\000l\000\040\000C\000o\000e\000f\000f\000i\000c\000i\000e\000n\000t\000s}{section.10.2}% 343
\BOOKMARK [2][-]{subsection.10.2.3}{\376\377\000T\000h\000e\000\040\000L\000P\000C\000\040\000A\000n\000a\000l\000y\000s\000i\000s\000\040\000P\000r\000o\000c\000e\000s\000s}{section.10.2}% 344
\BOOKMARK [2][-]{subsection.10.2.4}{\376\377\000T\000h\000e\000\040\000A\000u\000t\000o\000c\000o\000r\000r\000e\000l\000a\000t\000i\000o\000n\000\040\000E\000s\000t\000i\000m\000a\000t\000i\000o\000n}{section.10.2}% 345
\BOOKMARK [2][-]{subsection.10.2.5}{\376\377\000C\000h\000a\000r\000a\000c\000t\000e\000r\000i\000s\000t\000i\000c\000s\000\040\000o\000f\000\040\000t\000h\000e\000\040\000R\000e\000s\000i\000d\000u\000a\000l\000\040\000y\000\050\000n\000\051}{section.10.2}% 346
\BOOKMARK [2][-]{subsection.10.2.6}{\376\377\000L\000P\000C\000\040\000S\000y\000n\000t\000h\000e\000s\000i\000s}{section.10.2}% 347
\BOOKMARK [2][-]{subsection.10.2.7}{\376\377\000L\000P\000C\000\040\000S\000p\000e\000c\000t\000r\000a\000l\000\040\000M\000o\000d\000e\000l\000i\000n\000g}{section.10.2}% 348
\BOOKMARK [2][-]{subsection.10.2.8}{\376\377\000T\000h\000e\000\040\000Q\000u\000a\000n\000t\000i\000z\000a\000t\000i\000o\000n\000\040\000P\000r\000o\000b\000l\000e\000m}{section.10.2}% 349
\BOOKMARK [2][-]{subsection.10.2.9}{\376\377\000L\000i\000n\000e\000\040\000S\000p\000e\000c\000t\000r\000u\000m\000\040\000F\000r\000e\000q\000u\000e\000n\000c\000i\000e\000s\000\040\000\050\000L\000S\000F\000\051}{section.10.2}% 350
\BOOKMARK [2][-]{subsection.10.2.10}{\376\377\000T\000h\000e\000\040\000I\000n\000t\000e\000r\000l\000a\000c\000i\000n\000g\000\040\000P\000r\000o\000p\000e\000r\000t\000y}{section.10.2}% 351
\BOOKMARK [2][-]{subsection.10.2.11}{\376\377\000F\000r\000o\000m\000\040\000L\000S\000F\000s\000\040\000b\000a\000c\000k\000\040\000t\000o\000\040\000L\000P\000C\000\040\000C\000o\000e\000f\000f\000i\000c\000i\000e\000n\000t\000s}{section.10.2}% 352
\BOOKMARK [2][-]{subsection.10.2.12}{\376\377\000V\000i\000s\000u\000a\000l\000i\000z\000i\000n\000g\000\040\000L\000S\000F\000s\000\040\000a\000n\000d\000\040\000F\000o\000r\000m\000a\000n\000t\000s}{section.10.2}% 353
\BOOKMARK [2][-]{subsection.10.2.13}{\376\377\000E\000f\000f\000i\000c\000i\000e\000n\000t\000\040\000C\000o\000d\000i\000n\000g\000:\000\040\000V\000e\000c\000t\000o\000r\000\040\000Q\000u\000a\000n\000t\000i\000z\000a\000t\000i\000o\000n\000\040\000\050\000V\000Q\000\051}{section.10.2}% 354
\BOOKMARK [2][-]{subsection.10.2.14}{\376\377\000L\000P\000C\000-\0001\0000\000\040\000B\000i\000t\000r\000a\000t\000e\000\040\000B\000r\000e\000a\000k\000d\000o\000w\000n}{section.10.2}% 355
\BOOKMARK [1][-]{section.10.3}{\376\377\000S\000o\000u\000r\000c\000e\000-\000B\000a\000s\000e\000d\000\040\000C\000o\000d\000e\000c\000s}{chapter.10}% 356
\BOOKMARK [2][-]{subsection.10.3.1}{\376\377\000T\000h\000e\000\040\000C\000E\000L\000P\000\040\000P\000a\000r\000a\000d\000i\000g\000m}{section.10.3}% 357
\BOOKMARK [2][-]{subsection.10.3.2}{\376\377\000P\000e\000r\000c\000e\000p\000t\000u\000a\000l\000\040\000W\000e\000i\000g\000h\000t\000i\000n\000g\000\040\000T\000h\000e\000o\000r\000y}{section.10.3}% 358
\BOOKMARK [2][-]{subsection.10.3.3}{\376\377\000V\000i\000s\000u\000a\000l\000i\000z\000i\000n\000g\000\040\000t\000h\000e\000\040\000P\000e\000r\000c\000e\000p\000t\000u\000a\000l\000\040\000M\000a\000s\000k}{section.10.3}% 359
\BOOKMARK [2][-]{subsection.10.3.4}{\376\377\000T\000h\000e\000\040\000C\000E\000L\000P\000\040\000E\000x\000c\000i\000t\000a\000t\000i\000o\000n\000\040\000M\000o\000d\000e\000l\000\040\000\050\0001\000/\0002\000\051}{section.10.3}% 360
\BOOKMARK [2][-]{subsection.10.3.5}{\376\377\000T\000h\000e\000\040\000C\000E\000L\000P\000\040\000E\000x\000c\000i\000t\000a\000t\000i\000o\000n\000\040\000M\000o\000d\000e\000l\000\040\000\050\0002\000/\0002\000\051}{section.10.3}% 361
\BOOKMARK [2][-]{subsection.10.3.6}{\376\377\000G\000l\000o\000b\000a\000l\000\040\000C\000E\000L\000P\000\040\000A\000r\000c\000h\000i\000t\000e\000c\000t\000u\000r\000e}{section.10.3}% 362
\BOOKMARK [2][-]{subsection.10.3.7}{\376\377\000T\000h\000e\000\040\000A\000n\000a\000l\000y\000s\000i\000s\000-\000b\000y\000-\000S\000y\000n\000t\000h\000e\000s\000i\000s\000\040\000L\000o\000o\000p}{section.10.3}% 363
\BOOKMARK [2][-]{subsection.10.3.8}{\376\377\000B\000i\000t\000r\000a\000t\000e\000\040\000B\000r\000e\000a\000k\000d\000o\000w\000n\000\040\000f\000o\000r\000\040\000G\000.\0007\0002\0009}{section.10.3}% 364
\BOOKMARK [2][-]{subsection.10.3.9}{\376\377\000T\000h\000e\000\040\000W\000i\000d\000e\000b\000a\000n\000d\000\040\000R\000e\000v\000o\000l\000u\000t\000i\000o\000n\000:\000\040\000A\000M\000R\000-\000W\000B}{section.10.3}% 365
\BOOKMARK [2][-]{subsection.10.3.10}{\376\377\000E\000n\000h\000a\000n\000c\000e\000d\000\040\000V\000o\000i\000c\000e\000\040\000S\000e\000r\000v\000i\000c\000e\000s\000\040\000\050\000E\000V\000S\000\051}{section.10.3}% 366
\BOOKMARK [2][-]{subsection.10.3.11}{\376\377\000E\000V\000S\000:\000\040\000R\000e\000l\000i\000a\000b\000i\000l\000i\000t\000y\000\040\000a\000n\000d\000\040\000Q\000u\000a\000l\000i\000t\000y}{section.10.3}% 367
\BOOKMARK [2][-]{subsection.10.3.12}{\376\377\000M\000o\000b\000i\000l\000e\000\040\000S\000t\000a\000n\000d\000a\000r\000d\000s\000\040\000C\000o\000m\000p\000a\000r\000i\000s\000o\000n}{section.10.3}% 368
\BOOKMARK [1][-]{section.10.4}{\376\377\000P\000e\000r\000c\000e\000p\000t\000u\000a\000l\000\040\000A\000u\000d\000i\000o\000\040\000C\000o\000d\000i\000n\000g}{chapter.10}% 369
\BOOKMARK [2][-]{subsection.10.4.1}{\376\377\000A\000b\000s\000o\000l\000u\000t\000e\000\040\000T\000h\000r\000e\000s\000h\000o\000l\000d\000\040\000o\000f\000\040\000H\000e\000a\000r\000i\000n\000g}{section.10.4}% 370
\BOOKMARK [2][-]{subsection.10.4.2}{\376\377\000C\000r\000i\000t\000i\000c\000a\000l\000\040\000B\000a\000n\000d\000s\000\040\000\050\000B\000C\000\051}{section.10.4}% 371
\BOOKMARK [2][-]{subsection.10.4.3}{\376\377\000F\000r\000e\000q\000u\000e\000n\000c\000y\000\040\000D\000o\000m\000a\000i\000n\000\040\000M\000a\000s\000k\000i\000n\000g}{section.10.4}% 372
\BOOKMARK [2][-]{subsection.10.4.4}{\376\377\000T\000e\000m\000p\000o\000r\000a\000l\000\040\000D\000o\000m\000a\000i\000n\000\040\000M\000a\000s\000k\000i\000n\000g}{section.10.4}% 373
\BOOKMARK [2][-]{subsection.10.4.5}{\376\377\000P\000e\000r\000c\000e\000p\000t\000u\000a\000l\000\040\000C\000o\000d\000i\000n\000g\000\040\000S\000t\000a\000n\000d\000a\000r\000d\000s}{section.10.4}% 374
\BOOKMARK [2][-]{subsection.10.4.6}{\376\377\000T\000r\000a\000n\000s\000f\000o\000r\000m\000\040\000C\000o\000d\000i\000n\000g\000\040\000P\000r\000i\000n\000c\000i\000p\000l\000e\000s}{section.10.4}% 375
\BOOKMARK [2][-]{subsection.10.4.7}{\376\377\000M\000o\000d\000i\000f\000i\000e\000d\000\040\000D\000i\000s\000c\000r\000e\000t\000e\000\040\000C\000o\000s\000i\000n\000e\000\040\000T\000r\000a\000n\000s\000f\000o\000r\000m\000\040\000\050\000M\000-\000D\000C\000T\000\051}{section.10.4}% 376
\BOOKMARK [2][-]{subsection.10.4.8}{\376\377\000G\000e\000n\000e\000r\000i\000c\000\040\000P\000e\000r\000c\000e\000p\000t\000u\000a\000l\000\040\000C\000o\000d\000e\000r\000\040\000A\000r\000c\000h\000i\000t\000e\000c\000t\000u\000r\000e}{section.10.4}% 377
\BOOKMARK [2][-]{subsection.10.4.9}{\376\377\000M\000P\000E\000G\000-\0001\000\040\000L\000a\000y\000e\000r\000\040\0003\000\040\000\050\000M\000P\0003\000\051\000:\000\040\000S\000i\000g\000n\000a\000l\000-\000t\000o\000-\000M\000a\000s\000k\000\040\000R\000a\000t\000i\000o}{section.10.4}% 378
\BOOKMARK [2][-]{subsection.10.4.10}{\376\377\000M\000P\000E\000G\000-\0001\000\040\000L\000a\000y\000e\000r\000\040\0003\000\040\000\050\000M\000P\0003\000\051\000:\000\040\000P\000s\000y\000c\000h\000o\000a\000c\000o\000u\000s\000t\000i\000c\000\040\000M\000o\000d\000e\000l}{section.10.4}% 379
\BOOKMARK [2][-]{subsection.10.4.11}{\376\377\000M\000P\000E\000G\000-\0001\000\040\000M\000P\0003\000\040\000v\000s\000.\000\040\000M\000P\000E\000G\000-\0002\000/\0004\000\040\000A\000A\000C}{section.10.4}% 380
\BOOKMARK [2][-]{subsection.10.4.12}{\376\377\000H\000E\000-\000A\000A\000C\000\040\000a\000n\000d\000\040\000U\000n\000i\000f\000i\000e\000d\000\040\000C\000o\000d\000e\000c\000s}{section.10.4}% 381
\BOOKMARK [1][-]{section.10.5}{\376\377\000T\000h\000e\000\040\000M\000o\000d\000e\000r\000n\000\040\000E\000r\000a\000:\000\040\000O\000p\000u\000s\000\040\000a\000n\000d\000\040\000N\000e\000u\000r\000a\000l\000\040\000C\000o\000d\000e\000c\000s}{chapter.10}% 382
\BOOKMARK [2][-]{subsection.10.5.1}{\376\377\000O\000p\000u\000s\000:\000\040\000T\000h\000e\000\040\000H\000y\000b\000r\000i\000d\000\040\000K\000i\000n\000g}{section.10.5}% 383
\BOOKMARK [2][-]{subsection.10.5.2}{\376\377\000O\000p\000u\000s\000:\000\040\000L\000o\000w\000\040\000L\000a\000t\000e\000n\000c\000y\000\040\000f\000o\000r\000\040\000t\000h\000e\000\040\000I\000n\000t\000e\000r\000n\000e\000t}{section.10.5}% 384
\BOOKMARK [2][-]{subsection.10.5.3}{\376\377\000T\000h\000e\000\040\000A\000I\000\040\000F\000r\000o\000n\000t\000i\000e\000r\000:\000\040\000N\000e\000u\000r\000a\000l\000\040\000C\000o\000d\000e\000c\000s}{section.10.5}% 385
\BOOKMARK [2][-]{subsection.10.5.4}{\376\377\000T\000h\000e\000\040\000E\000v\000o\000l\000u\000t\000i\000o\000n\000\040\000o\000f\000\040\000S\000p\000a\000t\000i\000a\000l\000\040\000A\000u\000d\000i\000o}{section.10.5}% 386
\BOOKMARK [2][-]{subsection.10.5.5}{\376\377\000M\000P\000E\000G\000-\000H\000\040\000a\000n\000d\000\040\000N\000e\000x\000t\000-\000G\000e\000n\000e\000r\000a\000t\000i\000o\000n\000\040\000T\000V}{section.10.5}% 387
\BOOKMARK [1][-]{section.10.6}{\376\377\000C\000o\000n\000c\000l\000u\000s\000i\000o\000n\000\040\000a\000n\000d\000\040\000E\000v\000a\000l\000u\000a\000t\000i\000o\000n}{chapter.10}% 388
\BOOKMARK [2][-]{subsection.10.6.1}{\376\377\000S\000u\000b\000j\000e\000c\000t\000i\000v\000e\000\040\000Q\000u\000a\000l\000i\000t\000y\000\040\000A\000s\000s\000e\000s\000s\000m\000e\000n\000t}{section.10.6}% 389
\BOOKMARK [2][-]{subsection.10.6.2}{\376\377\000W\000h\000y\000\040\000S\000N\000R\000\040\000i\000s\000\040\000N\000o\000t\000\040\000E\000f\000f\000e\000c\000t\000i\000v\000e\000\040\000f\000o\000r\000\040\000L\000o\000s\000s\000y\000\040\000A\000u\000d\000i\000o}{section.10.6}% 390
\BOOKMARK [2][-]{subsection.10.6.3}{\376\377\000O\000b\000j\000e\000c\000t\000i\000v\000e\000\040\000M\000e\000t\000r\000i\000c\000s\000:\000\040\000P\000O\000L\000Q\000A\000\040\000a\000n\000d\000\040\000V\000i\000S\000Q\000O\000L}{section.10.6}% 391
\BOOKMARK [2][-]{subsection.10.6.4}{\376\377\000T\000h\000e\000\040\000A\000u\000d\000i\000o\000\040\000C\000o\000d\000i\000n\000g\000\040\000L\000a\000n\000d\000s\000c\000a\000p\000e}{section.10.6}% 392
\BOOKMARK [2][-]{subsection.10.6.5}{\376\377\000F\000u\000t\000u\000r\000e\000\040\000T\000r\000e\000n\000d\000s\000\040\000i\000n\000\040\000A\000u\000d\000i\000o\000\040\000C\000o\000d\000i\000n\000g}{section.10.6}% 393
\BOOKMARK [1][-]{section.10.7}{\376\377\000F\000i\000n\000a\000l\000\040\000S\000u\000m\000m\000a\000r\000y\000\040\000T\000a\000b\000l\000e}{chapter.10}% 394
\BOOKMARK [0][-]{chapter.11}{\376\377\000Q\000u\000a\000l\000i\000t\000y\000\040\000A\000s\000s\000e\000s\000s\000m\000e\000n\000t\000\040\000a\000n\000d\000\040\000Q\000u\000a\000l\000i\000t\000y\000\040\000o\000f\000\040\000E\000x\000p\000e\000r\000i\000e\000n\000c\000e\000\040\000f\000o\000r\000\040\000M\000u\000l\000t\000i\000m\000e\000d\000i\000a\000\040\000S\000e\000r\000v\000i\000c\000e\000s}{}% 395
\BOOKMARK [1][-]{section.11.1}{\376\377\000O\000v\000e\000r\000v\000i\000e\000w}{chapter.11}% 396
\BOOKMARK [1][-]{section.11.2}{\376\377\000Q\000u\000a\000l\000i\000t\000y\000\040\000A\000s\000s\000e\000s\000s\000m\000e\000n\000t}{chapter.11}% 397
\BOOKMARK [2][-]{subsection.11.2.1}{\376\377\000W\000h\000y\000\040\000Q\000u\000a\000l\000i\000t\000y\000\040\000A\000s\000s\000e\000s\000s\000m\000e\000n\000t\000\040\000I\000s\000\040\000N\000e\000e\000d\000e\000d}{section.11.2}% 398
\BOOKMARK [2][-]{subsection.11.2.2}{\376\377\000Q\000u\000a\000l\000i\000t\000y\000\040\000R\000a\000t\000e\000\040\000T\000r\000a\000d\000e\000-\000O\000f\000f}{section.11.2}% 399
\BOOKMARK [2][-]{subsection.11.2.3}{\376\377\000T\000a\000x\000o\000n\000o\000m\000y\000\040\000o\000f\000\040\000Q\000u\000a\000l\000i\000t\000y\000\040\000A\000s\000s\000e\000s\000s\000m\000e\000n\000t\000\040\000M\000e\000t\000h\000o\000d\000s}{section.11.2}% 400
\BOOKMARK [1][-]{section.11.3}{\376\377\000S\000u\000b\000j\000e\000c\000t\000i\000v\000e\000\040\000Q\000u\000a\000l\000i\000t\000y\000\040\000E\000v\000a\000l\000u\000a\000t\000i\000o\000n}{chapter.11}% 401
\BOOKMARK [2][-]{subsection.11.3.1}{\376\377\000S\000u\000b\000j\000e\000c\000t\000i\000v\000e\000\040\000A\000s\000s\000e\000s\000s\000m\000e\000n\000t}{section.11.3}% 402
\BOOKMARK [2][-]{subsection.11.3.2}{\376\377\000L\000a\000b\000\040\000E\000n\000v\000i\000r\000o\000n\000m\000e\000n\000t}{section.11.3}% 403
\BOOKMARK [2][-]{subsection.11.3.3}{\376\377\000V\000i\000e\000w\000i\000n\000g\000\040\000D\000i\000s\000t\000a\000n\000c\000e\000s}{section.11.3}% 404
\BOOKMARK [2][-]{subsection.11.3.4}{\376\377\000M\000o\000n\000i\000t\000o\000r\000\040\000C\000h\000a\000r\000a\000c\000t\000e\000r\000i\000s\000t\000i\000c\000s}{section.11.3}% 405
\BOOKMARK [2][-]{subsection.11.3.5}{\376\377\000O\000b\000s\000e\000r\000v\000e\000r\000s}{section.11.3}% 406
\BOOKMARK [2][-]{subsection.11.3.6}{\376\377\000S\000t\000i\000m\000u\000l\000i}{section.11.3}% 407
\BOOKMARK [2][-]{subsection.11.3.7}{\376\377\000S\000p\000a\000t\000i\000a\000l\000\040\000I\000n\000f\000o\000r\000m\000a\000t\000i\000o\000n\000\040\000a\000n\000d\000\040\000T\000e\000m\000p\000o\000r\000a\000l\000\040\000I\000n\000f\000o\000r\000m\000a\000t\000i\000o\000n}{section.11.3}% 408
\BOOKMARK [2][-]{subsection.11.3.8}{\376\377\000I\000n\000s\000t\000r\000u\000c\000t\000i\000o\000n\000s\000\040\000a\000n\000d\000\040\000T\000e\000s\000t\000\040\000S\000e\000s\000s\000i\000o\000n}{section.11.3}% 409
\BOOKMARK [2][-]{subsection.11.3.9}{\376\377\000S\000u\000b\000j\000e\000c\000t\000i\000v\000e\000\040\000T\000e\000s\000t\000\040\000M\000e\000t\000h\000o\000d\000o\000l\000o\000g\000i\000e\000s}{section.11.3}% 410
\BOOKMARK [2][-]{subsection.11.3.10}{\376\377\000I\000n\000t\000e\000r\000a\000c\000t\000i\000v\000e\000\040\000S\000u\000b\000j\000e\000c\000t\000i\000v\000e\000\040\000Q\000u\000a\000l\000i\000t\000y\000\040\000E\000v\000a\000l\000u\000a\000t\000i\000o\000n}{section.11.3}% 411
\BOOKMARK [2][-]{subsection.11.3.11}{\376\377\000P\000r\000o\000c\000e\000s\000s\000i\000n\000g\000\040\000S\000u\000b\000j\000e\000c\000t\000i\000v\000e\000\040\000S\000c\000o\000r\000e\000s}{section.11.3}% 412
\BOOKMARK [2][-]{subsection.11.3.12}{\376\377\000C\000o\000m\000p\000a\000r\000i\000s\000o\000n\000\040\000o\000f\000\040\000S\000u\000b\000j\000e\000c\000t\000i\000v\000e\000\040\000M\000e\000t\000h\000o\000d\000s}{section.11.3}% 413
\BOOKMARK [2][-]{subsection.11.3.13}{\376\377\000C\000r\000o\000w\000d\000s\000o\000u\000r\000c\000i\000n\000g}{section.11.3}% 414
\BOOKMARK [1][-]{section.11.4}{\376\377\000O\000b\000j\000e\000c\000t\000i\000v\000e\000\040\000Q\000u\000a\000l\000i\000t\000y\000\040\000E\000v\000a\000l\000u\000a\000t\000i\000o\000n}{chapter.11}% 415
\BOOKMARK [2][-]{subsection.11.4.1}{\376\377\000P\000e\000r\000c\000e\000p\000t\000u\000a\000l\000\040\000E\000f\000f\000e\000c\000t\000s\000\040\000o\000f\000\040\000t\000h\000e\000\040\000H\000u\000m\000a\000n\000\040\000V\000i\000s\000u\000a\000l\000\040\000S\000y\000s\000t\000e\000m}{section.11.4}% 416
\BOOKMARK [2][-]{subsection.11.4.2}{\376\377\000F\000u\000l\000l\000\040\000R\000e\000d\000u\000c\000e\000d\000\040\000a\000n\000d\000\040\000N\000o\000\040\000R\000e\000f\000e\000r\000e\000n\000c\000e\000\040\000S\000c\000e\000n\000a\000r\000i\000o\000s}{section.11.4}% 417
\BOOKMARK [2][-]{subsection.11.4.3}{\376\377\000F\000u\000l\000l\000-\000R\000e\000f\000e\000r\000e\000n\000c\000e\000\040\000N\000o\000t\000a\000t\000i\000o\000n}{section.11.4}% 418
\BOOKMARK [2][-]{subsection.11.4.4}{\376\377\000M\000S\000E\000\040\000a\000n\000d\000\040\000P\000S\000N\000R}{section.11.4}% 419
\BOOKMARK [2][-]{subsection.11.4.5}{\376\377\000B\000j\000o\000n\000t\000e\000g\000a\000a\000r\000d\000\040\000M\000e\000t\000r\000i\000c\000s}{section.11.4}% 420
\BOOKMARK [2][-]{subsection.11.4.6}{\376\377\000W\000h\000y\000\040\000P\000S\000N\000R\000\040\000I\000s\000\040\000N\000o\000t\000\040\000E\000n\000o\000u\000g\000h}{section.11.4}% 421
\BOOKMARK [2][-]{subsection.11.4.7}{\376\377\000S\000S\000I\000M\000\040\000S\000t\000r\000u\000c\000t\000u\000r\000a\000l\000\040\000S\000i\000m\000i\000l\000a\000r\000i\000t\000y\000\040\000I\000n\000d\000e\000x}{section.11.4}% 422
\BOOKMARK [2][-]{subsection.11.4.8}{\376\377\000V\000M\000A\000F}{section.11.4}% 423
\BOOKMARK [2][-]{subsection.11.4.9}{\376\377\000A\000I\000-\000B\000a\000s\000e\000d\000\040\000Q\000u\000a\000l\000i\000t\000y\000\040\000M\000e\000t\000r\000i\000c\000s}{section.11.4}% 424
\BOOKMARK [2][-]{subsection.11.4.10}{\376\377\000R\000e\000d\000u\000c\000e\000d\000-\000R\000e\000f\000e\000r\000e\000n\000c\000e\000\040\000M\000e\000t\000r\000i\000c\000s}{section.11.4}% 425
\BOOKMARK [2][-]{subsection.11.4.11}{\376\377\000N\000o\000-\000R\000e\000f\000e\000r\000e\000n\000c\000e\000\040\000M\000e\000t\000r\000i\000c\000s}{section.11.4}% 426
\BOOKMARK [1][-]{section.11.5}{\376\377\000S\000u\000b\000j\000e\000c\000t\000i\000v\000e\000\040\000V\000e\000r\000s\000u\000s\000\040\000O\000b\000j\000e\000c\000t\000i\000v\000e\000\040\000A\000s\000s\000e\000s\000s\000m\000e\000n\000t}{chapter.11}% 427
\BOOKMARK [1][-]{section.11.6}{\376\377\000F\000i\000n\000a\000l\000\040\000T\000a\000k\000e\000a\000w\000a\000y\000s}{chapter.11}% 428
\BOOKMARK [1][-]{section.11.7}{\376\377\000S\000u\000m\000m\000a\000r\000y\000\040\000T\000a\000b\000l\000e}{chapter.11}% 429
\BOOKMARK [0][-]{chapter.12}{\376\377\000A\000d\000a\000p\000t\000i\000v\000e\000\040\000S\000t\000r\000e\000a\000m\000i\000n\000g}{}% 430
\BOOKMARK [1][-]{section.12.1}{\376\377\000L\000e\000c\000t\000u\000r\000e\000\040\000O\000v\000e\000r\000v\000i\000e\000w}{chapter.12}% 431
\BOOKMARK [1][-]{section.12.2}{\376\377\000C\000l\000a\000s\000s\000i\000f\000i\000c\000a\000t\000i\000o\000n\000\040\000o\000f\000\040\000M\000u\000l\000t\000i\000m\000e\000d\000i\000a\000\040\000S\000e\000r\000v\000i\000c\000e\000s}{chapter.12}% 432
\BOOKMARK [1][-]{section.12.3}{\376\377\000V\000i\000d\000e\000o\000\040\000C\000o\000m\000m\000u\000n\000i\000c\000a\000t\000i\000o\000n\000\040\000T\000h\000r\000o\000u\000g\000h\000\040\000N\000e\000t\000w\000o\000r\000k\000s}{chapter.12}% 433
\BOOKMARK [1][-]{section.12.4}{\376\377\000V\000i\000d\000e\000o\000\040\000C\000o\000n\000t\000e\000n\000t\000\040\000D\000i\000s\000t\000r\000i\000b\000u\000t\000i\000o\000n\000\040\000C\000h\000a\000l\000l\000e\000n\000g\000e\000s}{chapter.12}% 434
\BOOKMARK [1][-]{section.12.5}{\376\377\000T\000h\000e\000\040\000C\000o\000n\000v\000e\000r\000s\000a\000t\000i\000o\000n\000a\000l\000\040\000P\000a\000r\000a\000d\000i\000g\000m}{chapter.12}% 435
\BOOKMARK [1][-]{section.12.6}{\376\377\000T\000h\000e\000\040\000C\000o\000d\000i\000n\000g\000\040\000R\000a\000t\000e\000\040\000B\000o\000t\000t\000l\000e\000n\000e\000c\000k}{chapter.12}% 436
\BOOKMARK [1][-]{section.12.7}{\376\377\000C\000o\000m\000p\000r\000e\000s\000s\000i\000o\000n\000\040\000F\000r\000a\000g\000i\000l\000i\000t\000y\000\040\000a\000n\000d\000\040\000N\000e\000t\000w\000o\000r\000k\000\040\000F\000r\000i\000e\000n\000d\000l\000i\000n\000e\000s\000s}{chapter.12}% 437
\BOOKMARK [1][-]{section.12.8}{\376\377\000M\000o\000d\000e\000r\000n\000\040\000M\000u\000l\000t\000i\000m\000e\000d\000i\000a\000\040\000S\000t\000a\000c\000k\000s\000\040\000P\000u\000s\000h\000\040\000v\000s\000\040\000P\000u\000l\000l}{chapter.12}% 438
\BOOKMARK [1][-]{section.12.9}{\376\377\000T\000h\000e\000\040\000R\000e\000a\000l\000-\000T\000i\000m\000e\000\040\000S\000t\000a\000c\000k\000\040\000W\000e\000b\000R\000T\000C\000\040\000R\000T\000P\000\040\000a\000n\000d\000\040\000U\000D\000P}{chapter.12}% 439
\BOOKMARK [1][-]{section.12.10}{\376\377\000O\000n\000e\000-\000t\000o\000-\000M\000a\000n\000y\000\040\000R\000e\000a\000l\000-\000T\000i\000m\000e\000\040\000C\000o\000m\000m\000u\000n\000i\000c\000a\000t\000i\000o\000n\000s\000\040\000T\000h\000e\000\040\000S\000V\000C\000\040\000P\000a\000r\000a\000d\000i\000g\000m}{chapter.12}% 440
\BOOKMARK [1][-]{section.12.11}{\376\377\000T\000y\000p\000e\000s\000\040\000o\000f\000\040\000S\000c\000a\000l\000a\000b\000i\000l\000i\000t\000y}{chapter.12}% 441
\BOOKMARK [1][-]{section.12.12}{\376\377\000S\000V\000C\000\040\000I\000n\000f\000r\000a\000s\000t\000r\000u\000c\000t\000u\000r\000e\000\040\000a\000n\000d\000\040\000S\000e\000l\000e\000c\000t\000i\000v\000e\000\040\000F\000o\000r\000w\000a\000r\000d\000i\000n\000g}{chapter.12}% 442
\BOOKMARK [1][-]{section.12.13}{\376\377\000W\000h\000y\000\040\000S\000V\000C\000\040\000C\000a\000n\000n\000o\000t\000\040\000B\000e\000\040\000U\000s\000e\000d\000\040\000f\000o\000r\000\040\000W\000e\000b\000-\000S\000c\000a\000l\000e\000\040\000S\000t\000r\000e\000a\000m\000i\000n\000g}{chapter.12}% 443
\BOOKMARK [1][-]{section.12.14}{\376\377\000W\000h\000y\000\040\000H\000T\000T\000P\000\040\000W\000o\000r\000k\000s\000\040\000W\000e\000l\000l\000\040\000f\000o\000r\000\040\000V\000i\000d\000e\000o\000\040\000S\000t\000r\000e\000a\000m\000i\000n\000g}{chapter.12}% 444
\BOOKMARK [1][-]{section.12.15}{\376\377\000T\000h\000e\000\040\000L\000a\000t\000e\000n\000c\000y\000\040\000P\000a\000r\000a\000d\000o\000x\000\040\000a\000n\000d\000\040\000T\000C\000P\000\040\000L\000i\000m\000i\000t\000a\000t\000i\000o\000n\000s}{chapter.12}% 445
\BOOKMARK [1][-]{section.12.16}{\376\377\000T\000h\000e\000\040\000G\000e\000n\000e\000r\000a\000t\000i\000o\000n\000a\000l\000\040\000L\000e\000a\000p\000\040\000Q\000U\000I\000C\000\040\000a\000n\000d\000\040\000H\000T\000T\000P\0003}{chapter.12}% 446
\BOOKMARK [1][-]{section.12.17}{\376\377\000C\000o\000n\000t\000e\000n\000t\000\040\000D\000e\000l\000i\000v\000e\000r\000y\000\040\000N\000e\000t\000w\000o\000r\000k\000s\000\040\000C\000D\000N\000s}{chapter.12}% 447
\BOOKMARK [1][-]{section.12.18}{\376\377\000A\000d\000a\000p\000t\000i\000v\000e\000\040\000B\000i\000t\000r\000a\000t\000e\000\040\000S\000t\000r\000e\000a\000m\000i\000n\000g}{chapter.12}% 448
\BOOKMARK [2][-]{subsection.12.18.1}{\376\377\000T\000h\000e\000\040\000A\000r\000c\000h\000i\000t\000e\000c\000t\000u\000r\000e\000\040\000o\000f\000\040\000A\000d\000a\000p\000t\000i\000v\000e\000\040\000S\000t\000r\000e\000a\000m\000i\000n\000g}{section.12.18}% 449
\BOOKMARK [2][-]{subsection.12.18.2}{\376\377\000V\000i\000d\000e\000o\000\040\000S\000e\000g\000m\000e\000n\000t\000s\000\040\000a\000n\000d\000\040\000R\000e\000p\000r\000e\000s\000e\000n\000t\000a\000t\000i\000o\000n\000s\000\040\000L\000e\000v\000e\000l\000s}{section.12.18}% 450
\BOOKMARK [2][-]{subsection.12.18.3}{\376\377\000T\000h\000e\000\040\000M\000e\000d\000i\000a\000\040\000P\000r\000e\000s\000e\000n\000t\000a\000t\000i\000o\000n\000\040\000D\000e\000s\000c\000r\000i\000p\000t\000i\000o\000n\000\040\000M\000P\000D\000\040\000M\000a\000n\000i\000f\000e\000s\000t\000\040\000F\000i\000l\000e}{section.12.18}% 451
\BOOKMARK [2][-]{subsection.12.18.4}{\376\377\000V\000i\000d\000e\000o\000\040\000S\000e\000g\000m\000e\000n\000t\000\040\000G\000e\000n\000e\000r\000a\000t\000i\000o\000n}{section.12.18}% 452
\BOOKMARK [2][-]{subsection.12.18.5}{\376\377\000L\000i\000v\000e\000\040\000S\000t\000r\000e\000a\000m\000i\000n\000g\000\040\000v\000s\000\040\000S\000t\000o\000r\000e\000d\000\040\000V\000i\000d\000e\000o\000\040\000P\000a\000r\000a\000d\000i\000g\000m\000s}{section.12.18}% 453
\BOOKMARK [2][-]{subsection.12.18.6}{\376\377\000L\000o\000w\000-\000L\000a\000t\000e\000n\000c\000y\000\040\000S\000t\000r\000e\000a\000m\000i\000n\000g\000\040\000F\000r\000a\000m\000e\000w\000o\000r\000k\000s}{section.12.18}% 454
\BOOKMARK [2][-]{subsection.12.18.7}{\376\377\000N\000e\000t\000w\000o\000r\000k\000\040\000M\000e\000t\000r\000i\000c\000s\000\040\000T\000h\000r\000o\000u\000g\000h\000p\000u\000t\000\040\000a\000n\000d\000\040\000C\000a\000p\000a\000c\000i\000t\000y}{section.12.18}% 455
\BOOKMARK [2][-]{subsection.12.18.8}{\376\377\000N\000o\000d\000a\000l\000\040\000D\000e\000l\000a\000y\000\040\000a\000n\000d\000\040\000E\000n\000d\000-\000t\000o\000-\000E\000n\000d\000\040\000D\000e\000l\000a\000y}{section.12.18}% 456
\BOOKMARK [2][-]{subsection.12.18.9}{\376\377\000J\000i\000t\000t\000e\000r}{section.12.18}% 457
\BOOKMARK [2][-]{subsection.12.18.10}{\376\377\000T\000h\000e\000\040\000P\000l\000a\000y\000o\000u\000t\000\040\000B\000u\000f\000f\000e\000r\000\040\000T\000h\000e\000\040\000C\000l\000i\000e\000n\000t\000\040\000D\000e\000f\000e\000n\000s\000i\000v\000e\000\040\000R\000e\000s\000e\000r\000v\000o\000i\000r}{section.12.18}% 458
\BOOKMARK [2][-]{subsection.12.18.11}{\376\377\000P\000l\000a\000y\000o\000u\000t\000\040\000B\000u\000f\000f\000e\000r\000\040\000D\000y\000n\000a\000m\000i\000c\000s}{section.12.18}% 459
\BOOKMARK [2][-]{subsection.12.18.12}{\376\377\000E\000x\000a\000m\000p\000l\000e\000s}{section.12.18}% 460
\BOOKMARK [2][-]{subsection.12.18.13}{\376\377\000W\000r\000a\000p\000-\000U\000p\000\040\000S\000y\000s\000t\000e\000m\000\040\000M\000o\000d\000e\000l\000\040\000f\000o\000r\000\040\000A\000S}{section.12.18}% 461
\BOOKMARK [1][-]{section.12.19}{\376\377\000V\000i\000d\000e\000o\000\040\000S\000t\000r\000e\000a\000m\000i\000n\000g\000\040\000Q\000o\000E}{chapter.12}% 462
\BOOKMARK [2][-]{subsection.12.19.1}{\376\377\000V\000i\000d\000e\000o\000\040\000S\000t\000r\000e\000a\000m\000i\000n\000g\000\040\000Q\000u\000a\000l\000i\000t\000y\000\040\000o\000f\000\040\000E\000x\000p\000e\000r\000i\000e\000n\000c\000e}{section.12.19}% 463
\BOOKMARK [2][-]{subsection.12.19.2}{\376\377\000A\000\040\000V\000i\000d\000e\000o\000\040\000Q\000u\000a\000l\000i\000t\000y\000\040\000M\000e\000t\000r\000i\000c\000\040\000f\000o\000r\000\040\000S\000t\000r\000e\000a\000m\000i\000n\000g}{section.12.19}% 464
\BOOKMARK [1][-]{section.12.20}{\376\377\000A\000d\000a\000p\000t\000i\000v\000e\000\040\000B\000i\000t\000r\000a\000t\000e\000\040\000A\000B\000R\000\040\000S\000t\000r\000a\000t\000e\000g\000i\000e\000s}{chapter.12}% 465
\BOOKMARK [2][-]{subsection.12.20.1}{\376\377\000A\000d\000a\000p\000t\000i\000v\000e\000\040\000B\000i\000t\000\040\000R\000a\000t\000e\000\040\000A\000B\000R}{section.12.20}% 466
\BOOKMARK [2][-]{subsection.12.20.2}{\376\377\000T\000h\000r\000o\000u\000g\000h\000p\000u\000t\000-\000B\000a\000s\000e\000d\000\040\000A\000B\000R}{section.12.20}% 467
\BOOKMARK [2][-]{subsection.12.20.3}{\376\377\000B\000u\000f\000f\000e\000r\000-\000B\000a\000s\000e\000d\000\040\000A\000B\000R}{section.12.20}% 468
\BOOKMARK [2][-]{subsection.12.20.4}{\376\377\000H\000y\000b\000r\000i\000d\000\040\000A\000B\000R}{section.12.20}% 469
\BOOKMARK [2][-]{subsection.12.20.5}{\376\377\000A\000n\000\040\000E\000x\000a\000m\000p\000l\000e\000\040\000o\000f\000\040\000A\000B\000R\000\040\000A\000d\000a\000p\000t\000i\000v\000e\000\040\000B\000i\000t\000r\000a\000t\000e\000\040\000S\000t\000r\000e\000a\000m\000i\000n\000g}{section.12.20}% 470
\BOOKMARK [2][-]{subsection.12.20.6}{\376\377\000L\000i\000m\000i\000t\000s\000\040\000o\000f\000\040\000C\000u\000r\000r\000e\000n\000t\000\040\000A\000S\000\040\000T\000e\000c\000h\000n\000o\000l\000o\000g\000y}{section.12.20}% 471
\BOOKMARK [1][-]{section.12.21}{\376\377\000E\000x\000e\000r\000c\000i\000s\000e\000s}{chapter.12}% 472
\BOOKMARK [2][-]{subsection.12.21.1}{\376\377\000E\000x\000e\000r\000c\000i\000s\000e\000\040\0001}{section.12.21}% 473
\BOOKMARK [2][-]{subsection.12.21.2}{\376\377\000E\000x\000e\000r\000c\000i\000s\000e\000\040\0002}{section.12.21}% 474
\BOOKMARK [1][-]{section.12.22}{\376\377\000F\000i\000n\000a\000l\000\040\000S\000u\000m\000m\000a\000r\000y\000\040\000T\000a\000b\000l\000e}{chapter.12}% 475
