\BOOKMARK [0][-]{chapter*.1}{\376\377\000A\000p\000p\000e\000n\000d\000i\000x\000\040\000A\000:\000\040\000T\000r\000a\000n\000s\000f\000o\000r\000m\000s}{}% 1
\BOOKMARK [1][-]{section.1.1}{\376\377\000F\000o\000u\000r\000i\000e\000r\000\040\000t\000r\000a\000n\000s\000f\000o\000r\000m\000s}{chapter*.1}% 2
\BOOKMARK [2][-]{subsection.1.1.1}{\376\377\000C\000o\000n\000t\000i\000n\000u\000o\000u\000s\000-\000t\000i\000m\000e\000\040\000F\000o\000u\000r\000i\000e\000r\000\040\000t\000r\000a\000n\000s\000f\000o\000r\000m}{section.1.1}% 3
\BOOKMARK [2][-]{subsection.1.1.2}{\376\377\000C\000o\000n\000t\000i\000n\000u\000o\000u\000s\000-\000t\000i\000m\000e\000\040\000F\000o\000u\000r\000i\000e\000r\000\040\000s\000e\000r\000i\000e\000s}{section.1.1}% 4
\BOOKMARK [2][-]{subsection.1.1.3}{\376\377\000D\000i\000s\000c\000r\000e\000t\000e\000-\000t\000i\000m\000e\000\040\000F\000o\000u\000r\000i\000e\000r\000\040\000t\000r\000a\000n\000s\000f\000o\000r\000m}{section.1.1}% 5
\BOOKMARK [2][-]{subsection.1.1.4}{\376\377\000D\000i\000s\000c\000r\000e\000t\000e\000\040\000F\000o\000u\000r\000i\000e\000r\000\040\000t\000r\000a\000n\000s\000f\000o\000r\000m}{section.1.1}% 6
\BOOKMARK [1][-]{section.1.2}{\376\377\000Z\000-\000t\000r\000a\000n\000s\000f\000o\000r\000m}{chapter*.1}% 7
\BOOKMARK [0][-]{chapter*.29}{\376\377\000A\000p\000p\000e\000n\000d\000i\000x\000\040\000B\000:\000\040\000M\000a\000t\000r\000i\000x\000\040\000a\000l\000g\000e\000b\000r\000a}{}% 8
\BOOKMARK [1][-]{section.2.1}{\376\377\000C\000o\000l\000u\000m\000n\000\040\000s\000p\000a\000c\000e\000,\000\040\000r\000o\000w\000\040\000s\000p\000a\000c\000e\000,\000\040\000n\000u\000l\000l\000\040\000s\000p\000a\000c\000e\000s}{chapter*.29}% 9
\BOOKMARK [1][-]{section.2.2}{\376\377\000S\000p\000e\000c\000i\000a\000l\000\040\000m\000a\000t\000r\000i\000c\000e\000s}{chapter*.29}% 10
\BOOKMARK [2][-]{subsection.2.2.1}{\376\377\000H\000e\000r\000m\000i\000t\000i\000a\000n\000\040\000m\000a\000t\000r\000i\000c\000e\000s}{section.2.2}% 11
\BOOKMARK [2][-]{subsection.2.2.2}{\376\377\000U\000n\000i\000t\000a\000r\000y\000\040\000m\000a\000t\000r\000i\000c\000e\000s}{section.2.2}% 12
\BOOKMARK [2][-]{subsection.2.2.3}{\376\377\000F\000o\000u\000r\000i\000e\000r\000\040\000m\000a\000t\000r\000i\000c\000e\000s}{section.2.2}% 13
\BOOKMARK [2][-]{subsection.2.2.4}{\376\377\000T\000o\000e\000p\000l\000i\000t\000z\000\040\000a\000n\000d\000\040\000c\000i\000r\000c\000u\000l\000a\000n\000t\000\040\000m\000a\000t\000r\000i\000c\000e\000s}{section.2.2}% 14
\BOOKMARK [2][-]{subsection.2.2.5}{\376\377\000H\000a\000n\000k\000e\000l\000\040\000m\000a\000t\000r\000i\000c\000e\000s}{section.2.2}% 15
\BOOKMARK [1][-]{section.2.3}{\376\377\000M\000a\000t\000r\000i\000x\000\040\000d\000e\000c\000o\000m\000p\000o\000s\000i\000t\000i\000o\000n\000s}{chapter*.29}% 16
\BOOKMARK [2][-]{subsection.2.3.1}{\376\377\000E\000i\000g\000e\000n\000v\000a\000l\000u\000e\000\040\000d\000e\000c\000o\000m\000p\000o\000s\000i\000t\000i\000o\000n}{section.2.3}% 17
\BOOKMARK [2][-]{subsection.2.3.2}{\376\377\000S\000i\000n\000g\000u\000l\000a\000r\000-\000v\000a\000l\000u\000e\000\040\000d\000e\000c\000o\000m\000p\000o\000s\000i\000t\000i\000o\000n}{section.2.3}% 18
\BOOKMARK [2][-]{subsection.2.3.3}{\376\377\000Q\000R\000\040\000d\000e\000c\000o\000m\000p\000o\000s\000i\000t\000i\000o\000n}{section.2.3}% 19
\BOOKMARK [1][-]{section.2.4}{\376\377\000T\000r\000a\000c\000e\000\040\000a\000n\000d\000\040\000d\000e\000t\000e\000r\000m\000i\000n\000a\000n\000t}{chapter*.29}% 20
\BOOKMARK [1][-]{section.2.5}{\376\377\000F\000r\000o\000b\000e\000n\000i\000u\000s\000\040\000n\000o\000r\000m}{chapter*.29}% 21
\BOOKMARK [1][-]{section.2.6}{\376\377\000M\000o\000o\000r\000e\000-\000P\000e\000n\000r\000o\000s\000e\000\040\000p\000s\000e\000u\000d\000o\000i\000n\000v\000e\000r\000s\000e}{chapter*.29}% 22
\BOOKMARK [1][-]{section.2.7}{\376\377\000M\000a\000t\000r\000i\000x\000\040\000i\000n\000v\000e\000r\000s\000i\000o\000n\000\040\000l\000e\000m\000m\000a}{chapter*.29}% 23
\BOOKMARK [1][-]{section.2.8}{\376\377\000K\000r\000o\000n\000e\000c\000k\000e\000r\000\040\000p\000r\000o\000d\000u\000c\000t}{chapter*.29}% 24
\BOOKMARK [0][-]{chapter*.69}{\376\377\000A\000p\000p\000e\000n\000d\000i\000x\000\040\000C\000:\000\040\000R\000a\000n\000d\000o\000m\000\040\000v\000a\000r\000i\000a\000b\000l\000e\000s\000\040\000a\000n\000d\000\040\000p\000r\000o\000c\000e\000s\000s\000e\000s}{}% 25
\BOOKMARK [1][-]{section.3.1}{\376\377\000R\000a\000n\000d\000o\000m\000\040\000v\000a\000r\000i\000a\000b\000l\000e\000s}{chapter*.69}% 26
\BOOKMARK [2][-]{subsection.3.1.1}{\376\377\000B\000a\000y\000e\000s\000'\000\040\000t\000h\000e\000o\000r\000e\000m}{section.3.1}% 27
\BOOKMARK [2][-]{subsection.3.1.2}{\376\377\000E\000x\000p\000e\000c\000t\000a\000t\000i\000o\000n}{section.3.1}% 28
\BOOKMARK [2][-]{subsection.3.1.3}{\376\377\000C\000o\000r\000r\000e\000l\000a\000t\000i\000o\000n}{section.3.1}% 29
\BOOKMARK [2][-]{subsection.3.1.4}{\376\377\000P\000r\000o\000p\000e\000r\000n\000e\000s\000s}{section.3.1}% 30
\BOOKMARK [2][-]{subsection.3.1.5}{\376\377\000C\000i\000r\000c\000u\000l\000a\000r\000\040\000s\000y\000m\000m\000e\000t\000r\000y}{section.3.1}% 31
\BOOKMARK [2][-]{subsection.3.1.6}{\376\377\000U\000n\000i\000t\000a\000r\000y\000\040\000i\000n\000v\000a\000r\000i\000a\000n\000c\000e}{section.3.1}% 32
\BOOKMARK [2][-]{subsection.3.1.7}{\376\377\000L\000i\000n\000e\000a\000r\000\040\000t\000r\000a\000n\000s\000f\000o\000r\000m\000a\000t\000i\000o\000n\000s}{section.3.1}% 33
\BOOKMARK [2][-]{subsection.3.1.8}{\376\377\000K\000u\000r\000t\000o\000s\000i\000s}{section.3.1}% 34
\BOOKMARK [2][-]{subsection.3.1.9}{\376\377\000R\000e\000l\000e\000v\000a\000n\000t\000\040\000d\000i\000s\000t\000r\000i\000b\000u\000t\000i\000o\000n\000s}{section.3.1}% 35
\BOOKMARK [1][-]{section.3.2}{\376\377\000C\000o\000n\000v\000e\000r\000g\000e\000n\000c\000e\000\040\000o\000f\000\040\000s\000e\000q\000u\000e\000n\000c\000e\000s}{chapter*.69}% 36
\BOOKMARK [1][-]{section.3.3}{\376\377\000L\000a\000r\000g\000e\000\040\000r\000a\000n\000d\000o\000m\000\040\000m\000a\000t\000r\000i\000c\000e\000s}{chapter*.69}% 37
\BOOKMARK [1][-]{section.3.4}{\376\377\000R\000a\000n\000d\000o\000m\000\040\000p\000r\000o\000c\000e\000s\000s\000e\000s}{chapter*.69}% 38
\BOOKMARK [2][-]{subsection.3.4.1}{\376\377\000S\000t\000a\000t\000i\000o\000n\000a\000r\000i\000t\000y}{section.3.4}% 39
\BOOKMARK [2][-]{subsection.3.4.2}{\376\377\000E\000r\000g\000o\000d\000i\000c\000i\000t\000y}{section.3.4}% 40
\BOOKMARK [2][-]{subsection.3.4.3}{\376\377\000S\000y\000s\000t\000e\000m\000\040\000A\000n\000a\000l\000y\000s\000i\000s\000\040\000\050\000H\000a\000n\000d\000w\000r\000i\000t\000t\000e\000n\000\040\000N\000o\000t\000e\000s\000\051}{section.3.4}% 41
\BOOKMARK [0][-]{chapter*.96}{\376\377\000A\000p\000p\000e\000n\000d\000i\000x\000\040\000D\000:\000\040\000G\000r\000a\000d\000i\000e\000n\000t\000\040\000o\000p\000e\000r\000a\000t\000o\000r}{}% 42
\BOOKMARK [0][-]{chapter*.107}{\376\377\000A\000p\000p\000e\000n\000d\000i\000x\000\040\000E\000:\000\040\000S\000p\000e\000c\000i\000a\000l\000\040\000f\000u\000n\000c\000t\000i\000o\000n\000s}{}% 43
\BOOKMARK [1][-]{section.5.1}{\376\377\000G\000a\000m\000m\000a\000\040\000f\000u\000n\000c\000t\000i\000o\000n}{chapter*.107}% 44
\BOOKMARK [1][-]{section.5.2}{\376\377\000D\000i\000g\000a\000m\000m\000a\000\040\000f\000u\000n\000c\000t\000i\000o\000n}{chapter*.107}% 45
\BOOKMARK [1][-]{section.5.3}{\376\377\000E\000x\000p\000o\000n\000e\000n\000t\000i\000a\000l\000\040\000i\000n\000t\000e\000g\000r\000a\000l\000s}{chapter*.107}% 46
\BOOKMARK [1][-]{section.5.4}{\376\377\000B\000e\000s\000s\000e\000l\000\040\000f\000u\000n\000c\000t\000i\000o\000n\000s}{chapter*.107}% 47
\BOOKMARK [1][-]{section.5.5}{\376\377\000Q\000-\000f\000u\000n\000c\000t\000i\000o\000n}{chapter*.107}% 48
\BOOKMARK [1][-]{section.5.6}{\376\377\000H\000y\000p\000e\000r\000g\000e\000o\000m\000e\000t\000r\000i\000c\000\040\000f\000u\000n\000c\000t\000i\000o\000n\000s}{chapter*.107}% 49
\BOOKMARK [0][-]{chapter*.132}{\376\377\000A\000p\000p\000e\000n\000d\000i\000x\000\040\000F\000:\000\040\000L\000a\000n\000d\000a\000u\000\040\000s\000y\000m\000b\000o\000l\000s}{}% 50
\BOOKMARK [0][-]{chapter*.135}{\376\377\000A\000p\000p\000e\000n\000d\000i\000x\000\040\000G\000:\000\040\000C\000o\000n\000v\000e\000x\000\040\000o\000p\000t\000i\000m\000i\000z\000a\000t\000i\000o\000n}{}% 51
\BOOKMARK [1][-]{section.7.1}{\376\377\000C\000o\000n\000v\000e\000x\000\040\000s\000e\000t\000s}{chapter*.135}% 52
\BOOKMARK [1][-]{section.7.2}{\376\377\000C\000o\000n\000v\000e\000x\000\040\000a\000n\000d\000\040\000c\000o\000n\000c\000a\000v\000e\000\040\000f\000u\000n\000c\000t\000i\000o\000n\000s}{chapter*.135}% 53
\BOOKMARK [1][-]{section.7.3}{\376\377\000C\000o\000n\000v\000e\000x\000\040\000o\000p\000t\000i\000m\000i\000z\000a\000t\000i\000o\000n\000\040\000p\000r\000o\000b\000l\000e\000m\000s}{chapter*.135}% 54
\BOOKMARK [1][-]{section.7.4}{\376\377\000K\000K\000T\000\040\000o\000p\000t\000i\000m\000a\000l\000i\000t\000y\000\040\000c\000o\000n\000d\000i\000t\000i\000o\000n\000s}{chapter*.135}% 55
\BOOKMARK [1][-]{section.7.5}{\376\377\000L\000a\000g\000r\000a\000n\000g\000e\000\040\000m\000u\000l\000t\000i\000p\000l\000i\000e\000r\000s}{chapter*.135}% 56
\BOOKMARK [1][-]{section.7.6}{\376\377\000J\000e\000n\000s\000e\000n\000'\000s\000\040\000i\000n\000e\000q\000u\000a\000l\000i\000t\000y}{chapter*.135}% 57
