This is pdfTeX, Version 3.141592653-2.6-1.40.28 (TeX Live 2025) (preloaded format=pdflatex 2025.12.7)  16 JUN 2026 21:12
entering extended mode
 restricted \write18 enabled.
 file:line:error style messages enabled.
 %&-line parsing enabled.
**main.tex
(./main.tex
LaTeX2e <2025-11-01>
L3 programming layer <2025-11-14>
(/opt/texlive/2025/texmf-dist/tex/latex/base/book.cls
Document Class: book 2025/01/22 v1.4n Standard LaTeX document class
(/opt/texlive/2025/texmf-dist/tex/latex/base/bk11.clo
File: bk11.clo 2025/01/22 v1.4n Standard LaTeX file (size option)
)
\c@part=\count275
\c@chapter=\count276
\c@section=\count277
\c@subsection=\count278
\c@subsubsection=\count279
\c@paragraph=\count280
\c@subparagraph=\count281
\c@figure=\count282
\c@table=\count283
\abovecaptionskip=\skip49
\belowcaptionskip=\skip50
\bibindent=\dimen148
)
(/opt/texlive/2025/texmf-dist/tex/latex/base/inputenc.sty
Package: inputenc 2024/02/08 v1.3d Input encoding file
\inpenc@prehook=\toks17
\inpenc@posthook=\toks18
)
(/opt/texlive/2025/texmf-dist/tex/latex/base/fontenc.sty
Package: fontenc 2025/07/18 v2.1d Standard LaTeX package
)
(/opt/texlive/2025/texmf-dist/tex/latex/geometry/geometry.sty
Package: geometry 2020/01/02 v5.9 Page Geometry

(/opt/texlive/2025/texmf-dist/tex/latex/graphics/keyval.sty
Package: keyval 2022/05/29 v1.15 key=value parser (DPC)
\KV@toks@=\toks19
)
(/opt/texlive/2025/texmf-dist/tex/generic/iftex/ifvtex.sty
Package: ifvtex 2019/10/25 v1.7 ifvtex legacy package. Use iftex instead.

(/opt/texlive/2025/texmf-dist/tex/generic/iftex/iftex.sty
Package: iftex 2024/12/12 v1.0g TeX engine tests
))
\Gm@cnth=\count284
\Gm@cntv=\count285
\c@Gm@tempcnt=\count286
\Gm@bindingoffset=\dimen149
\Gm@wd@mp=\dimen150
\Gm@odd@mp=\dimen151
\Gm@even@mp=\dimen152
\Gm@layoutwidth=\dimen153
\Gm@layoutheight=\dimen154
\Gm@layouthoffset=\dimen155
\Gm@layoutvoffset=\dimen156
\Gm@dimlist=\toks20
)
(/opt/texlive/2025/texmf-dist/tex/latex/lm/lmodern.sty
Package: lmodern 2015/05/01 v1.6.1 Latin Modern Fonts
LaTeX Font Info:    Overwriting symbol font `operators' in version `normal'
(Font)                  OT1/cmr/m/n --> OT1/lmr/m/n on input line 22.
LaTeX Font Info:    Overwriting symbol font `letters' in version `normal'
(Font)                  OML/cmm/m/it --> OML/lmm/m/it on input line 23.
LaTeX Font Info:    Overwriting symbol font `symbols' in version `normal'
(Font)                  OMS/cmsy/m/n --> OMS/lmsy/m/n on input line 24.
LaTeX Font Info:    Overwriting symbol font `largesymbols' in version `normal'
(Font)                  OMX/cmex/m/n --> OMX/lmex/m/n on input line 25.
LaTeX Font Info:    Overwriting symbol font `operators' in version `bold'
(Font)                  OT1/cmr/bx/n --> OT1/lmr/bx/n on input line 26.
LaTeX Font Info:    Overwriting symbol font `letters' in version `bold'
(Font)                  OML/cmm/b/it --> OML/lmm/b/it on input line 27.
LaTeX Font Info:    Overwriting symbol font `symbols' in version `bold'
(Font)                  OMS/cmsy/b/n --> OMS/lmsy/b/n on input line 28.
LaTeX Font Info:    Overwriting symbol font `largesymbols' in version `bold'
(Font)                  OMX/cmex/m/n --> OMX/lmex/m/n on input line 29.
LaTeX Font Info:    Overwriting math alphabet `\mathbf' in version `normal'
(Font)                  OT1/cmr/bx/n --> OT1/lmr/bx/n on input line 31.
LaTeX Font Info:    Overwriting math alphabet `\mathsf' in version `normal'
(Font)                  OT1/cmss/m/n --> OT1/lmss/m/n on input line 32.
LaTeX Font Info:    Overwriting math alphabet `\mathit' in version `normal'
(Font)                  OT1/cmr/m/it --> OT1/lmr/m/it on input line 33.
LaTeX Font Info:    Overwriting math alphabet `\mathtt' in version `normal'
(Font)                  OT1/cmtt/m/n --> OT1/lmtt/m/n on input line 34.
LaTeX Font Info:    Overwriting math alphabet `\mathbf' in version `bold'
(Font)                  OT1/cmr/bx/n --> OT1/lmr/bx/n on input line 35.
LaTeX Font Info:    Overwriting math alphabet `\mathsf' in version `bold'
(Font)                  OT1/cmss/bx/n --> OT1/lmss/bx/n on input line 36.
LaTeX Font Info:    Overwriting math alphabet `\mathit' in version `bold'
(Font)                  OT1/cmr/bx/it --> OT1/lmr/bx/it on input line 37.
LaTeX Font Info:    Overwriting math alphabet `\mathtt' in version `bold'
(Font)                  OT1/cmtt/m/n --> OT1/lmtt/m/n on input line 38.
)
(/opt/texlive/2025/texmf-dist/tex/latex/amsmath/amsmath.sty
Package: amsmath 2025/07/09 v2.17z AMS math features
\@mathmargin=\skip51

For additional information on amsmath, use the `?' option.
(/opt/texlive/2025/texmf-dist/tex/latex/amsmath/amstext.sty
Package: amstext 2024/11/17 v2.01 AMS text

(/opt/texlive/2025/texmf-dist/tex/latex/amsmath/amsgen.sty
File: amsgen.sty 1999/11/30 v2.0 generic functions
\@emptytoks=\toks21
\ex@=\dimen157
))
(/opt/texlive/2025/texmf-dist/tex/latex/amsmath/amsbsy.sty
Package: amsbsy 1999/11/29 v1.2d Bold Symbols
\pmbraise@=\dimen158
)
(/opt/texlive/2025/texmf-dist/tex/latex/amsmath/amsopn.sty
Package: amsopn 2022/04/08 v2.04 operator names
)
\inf@bad=\count287
LaTeX Info: Redefining \frac on input line 233.
\uproot@=\count288
\leftroot@=\count289
LaTeX Info: Redefining \overline on input line 398.
LaTeX Info: Redefining \colon on input line 409.
\classnum@=\count290
\DOTSCASE@=\count291
LaTeX Info: Redefining \ldots on input line 495.
LaTeX Info: Redefining \dots on input line 498.
LaTeX Info: Redefining \cdots on input line 619.
\Mathstrutbox@=\box53
\strutbox@=\box54
LaTeX Info: Redefining \big on input line 721.
LaTeX Info: Redefining \Big on input line 722.
LaTeX Info: Redefining \bigg on input line 723.
LaTeX Info: Redefining \Bigg on input line 724.
\big@size=\dimen159
LaTeX Font Info:    Redeclaring font encoding OML on input line 742.
LaTeX Font Info:    Redeclaring font encoding OMS on input line 743.
\macc@depth=\count292
LaTeX Info: Redefining \bmod on input line 904.
LaTeX Info: Redefining \pmod on input line 909.
LaTeX Info: Redefining \smash on input line 939.
LaTeX Info: Redefining \relbar on input line 969.
LaTeX Info: Redefining \Relbar on input line 970.
\c@MaxMatrixCols=\count293
\dotsspace@=\muskip17
\c@parentequation=\count294
\dspbrk@lvl=\count295
\tag@help=\toks22
\row@=\count296
\column@=\count297
\maxfields@=\count298
\andhelp@=\toks23
\eqnshift@=\dimen160
\alignsep@=\dimen161
\tagshift@=\dimen162
\tagwidth@=\dimen163
\totwidth@=\dimen164
\lineht@=\dimen165
\@envbody=\toks24
\multlinegap=\skip52
\multlinetaggap=\skip53
\mathdisplay@stack=\toks25
LaTeX Info: Redefining \[ on input line 2950.
LaTeX Info: Redefining \] on input line 2951.
)
(/opt/texlive/2025/texmf-dist/tex/latex/amsfonts/amssymb.sty
Package: amssymb 2013/01/14 v3.01 AMS font symbols

(/opt/texlive/2025/texmf-dist/tex/latex/amsfonts/amsfonts.sty
Package: amsfonts 2013/01/14 v3.01 Basic AMSFonts support
\symAMSa=\mathgroup4
\symAMSb=\mathgroup5
LaTeX Font Info:    Redeclaring math symbol \hbar on input line 98.
LaTeX Font Info:    Overwriting math alphabet `\mathfrak' in version `bold'
(Font)                  U/euf/m/n --> U/euf/b/n on input line 106.
))
(/opt/texlive/2025/texmf-dist/tex/latex/graphics/graphicx.sty
Package: graphicx 2024/12/31 v1.2e Enhanced LaTeX Graphics (DPC,SPQR)

(/opt/texlive/2025/texmf-dist/tex/latex/graphics/graphics.sty
Package: graphics 2024/08/06 v1.4g Standard LaTeX Graphics (DPC,SPQR)

(/opt/texlive/2025/texmf-dist/tex/latex/graphics/trig.sty
Package: trig 2023/12/02 v1.11 sin cos tan (DPC)
)
(/opt/texlive/2025/texmf-dist/tex/latex/graphics-cfg/graphics.cfg
File: graphics.cfg 2016/06/04 v1.11 sample graphics configuration
)
Package graphics Info: Driver file: pdftex.def on input line 106.

(/opt/texlive/2025/texmf-dist/tex/latex/graphics-def/pdftex.def
File: pdftex.def 2025/09/29 v1.2d Graphics/color driver for pdftex
))
\Gin@req@height=\dimen166
\Gin@req@width=\dimen167
)
(/opt/texlive/2025/texmf-dist/tex/latex/tools/array.sty
Package: array 2025/09/25 v2.6n Tabular extension package (FMi)
\col@sep=\dimen168
\ar@mcellbox=\box55
\extrarowheight=\dimen169
\NC@list=\toks26
\extratabsurround=\skip54
\backup@length=\skip55
\ar@cellbox=\box56
)
(/opt/texlive/2025/texmf-dist/tex/latex/booktabs/booktabs.sty
Package: booktabs 2020/01/12 v1.61803398 Publication quality tables
\heavyrulewidth=\dimen170
\lightrulewidth=\dimen171
\cmidrulewidth=\dimen172
\belowrulesep=\dimen173
\belowbottomsep=\dimen174
\aboverulesep=\dimen175
\abovetopsep=\dimen176
\cmidrulesep=\dimen177
\cmidrulekern=\dimen178
\defaultaddspace=\dimen179
\@cmidla=\count299
\@cmidlb=\count300
\@aboverulesep=\dimen180
\@belowrulesep=\dimen181
\@thisruleclass=\count301
\@lastruleclass=\count302
\@thisrulewidth=\dimen182
)
(/opt/texlive/2025/texmf-dist/tex/latex/tcolorbox/tcolorbox.sty
Package: tcolorbox 2025/11/28 version 6.9.0 text color boxes

(/opt/texlive/2025/texmf-dist/tex/latex/pgf/frontendlayer/tikz.sty
(/opt/texlive/2025/texmf-dist/tex/latex/pgf/basiclayer/pgf.sty
(/opt/texlive/2025/texmf-dist/tex/latex/pgf/utilities/pgfrcs.sty
(/opt/texlive/2025/texmf-dist/tex/generic/pgf/utilities/pgfutil-common.tex
\pgfutil@everybye=\toks27
\pgfutil@tempdima=\dimen183
\pgfutil@tempdimb=\dimen184
)
(/opt/texlive/2025/texmf-dist/tex/generic/pgf/utilities/pgfutil-latex.def
\pgfutil@abb=\box57
)
(/opt/texlive/2025/texmf-dist/tex/generic/pgf/utilities/pgfrcs.code.tex
(/opt/texlive/2025/texmf-dist/tex/generic/pgf/pgf.revision.tex)
Package: pgfrcs 2025-08-29 v3.1.11a (3.1.11a)
))
Package: pgf 2025-08-29 v3.1.11a (3.1.11a)

(/opt/texlive/2025/texmf-dist/tex/latex/pgf/basiclayer/pgfcore.sty
(/opt/texlive/2025/texmf-dist/tex/latex/pgf/systemlayer/pgfsys.sty
(/opt/texlive/2025/texmf-dist/tex/generic/pgf/systemlayer/pgfsys.code.tex
Package: pgfsys 2025-08-29 v3.1.11a (3.1.11a)

(/opt/texlive/2025/texmf-dist/tex/generic/pgf/utilities/pgfkeys.code.tex
\pgfkeys@pathtoks=\toks28
\pgfkeys@temptoks=\toks29

(/opt/texlive/2025/texmf-dist/tex/generic/pgf/utilities/pgfkeyslibraryfiltered.
code.tex
\pgfkeys@tmptoks=\toks30
))
\pgf@x=\dimen185
\pgf@y=\dimen186
\pgf@xa=\dimen187
\pgf@ya=\dimen188
\pgf@xb=\dimen189
\pgf@yb=\dimen190
\pgf@xc=\dimen191
\pgf@yc=\dimen192
\pgf@xd=\dimen193
\pgf@yd=\dimen194
\w@pgf@writea=\write3
\r@pgf@reada=\read2
\c@pgf@counta=\count303
\c@pgf@countb=\count304
\c@pgf@countc=\count305
\c@pgf@countd=\count306
\t@pgf@toka=\toks31
\t@pgf@tokb=\toks32
\t@pgf@tokc=\toks33
\pgf@sys@id@count=\count307
 (/opt/texlive/2025/texmf-dist/tex/generic/pgf/systemlayer/pgf.cfg
File: pgf.cfg 2025-08-29 v3.1.11a (3.1.11a)
)
Driver file for pgf: pgfsys-pdftex.def

(/opt/texlive/2025/texmf-dist/tex/generic/pgf/systemlayer/pgfsys-pdftex.def
File: pgfsys-pdftex.def 2025-08-29 v3.1.11a (3.1.11a)

(/opt/texlive/2025/texmf-dist/tex/generic/pgf/systemlayer/pgfsys-common-pdf.def
File: pgfsys-common-pdf.def 2025-08-29 v3.1.11a (3.1.11a)
)))
(/opt/texlive/2025/texmf-dist/tex/generic/pgf/systemlayer/pgfsyssoftpath.code.t
ex
File: pgfsyssoftpath.code.tex 2025-08-29 v3.1.11a (3.1.11a)
\pgfsyssoftpath@smallbuffer@items=\count308
\pgfsyssoftpath@bigbuffer@items=\count309
)
(/opt/texlive/2025/texmf-dist/tex/generic/pgf/systemlayer/pgfsysprotocol.code.t
ex
File: pgfsysprotocol.code.tex 2025-08-29 v3.1.11a (3.1.11a)
)) (/opt/texlive/2025/texmf-dist/tex/latex/xcolor/xcolor.sty
Package: xcolor 2024/09/29 v3.02 LaTeX color extensions (UK)

(/opt/texlive/2025/texmf-dist/tex/latex/graphics-cfg/color.cfg
File: color.cfg 2016/01/02 v1.6 sample color configuration
)
Package xcolor Info: Driver file: pdftex.def on input line 274.

(/opt/texlive/2025/texmf-dist/tex/latex/graphics/mathcolor.ltx)
Package xcolor Info: Model `cmy' substituted by `cmy0' on input line 1349.
Package xcolor Info: Model `hsb' substituted by `rgb' on input line 1353.
Package xcolor Info: Model `RGB' extended on input line 1365.
Package xcolor Info: Model `HTML' substituted by `rgb' on input line 1367.
Package xcolor Info: Model `Hsb' substituted by `hsb' on input line 1368.
Package xcolor Info: Model `tHsb' substituted by `hsb' on input line 1369.
Package xcolor Info: Model `HSB' substituted by `hsb' on input line 1370.
Package xcolor Info: Model `Gray' substituted by `gray' on input line 1371.
Package xcolor Info: Model `wave' substituted by `hsb' on input line 1372.
)
(/opt/texlive/2025/texmf-dist/tex/generic/pgf/basiclayer/pgfcore.code.tex
Package: pgfcore 2025-08-29 v3.1.11a (3.1.11a)

(/opt/texlive/2025/texmf-dist/tex/generic/pgf/math/pgfmath.code.tex
(/opt/texlive/2025/texmf-dist/tex/generic/pgf/math/pgfmathutil.code.tex)
(/opt/texlive/2025/texmf-dist/tex/generic/pgf/math/pgfmathparser.code.tex
\pgfmath@dimen=\dimen195
\pgfmath@count=\count310
\pgfmath@box=\box58
\pgfmath@toks=\toks34
\pgfmath@stack@operand=\toks35
\pgfmath@stack@operation=\toks36
)
(/opt/texlive/2025/texmf-dist/tex/generic/pgf/math/pgfmathfunctions.code.tex)
(/opt/texlive/2025/texmf-dist/tex/generic/pgf/math/pgfmathfunctions.basic.code.
tex)
(/opt/texlive/2025/texmf-dist/tex/generic/pgf/math/pgfmathfunctions.trigonometr
ic.code.tex)
(/opt/texlive/2025/texmf-dist/tex/generic/pgf/math/pgfmathfunctions.random.code
.tex)
(/opt/texlive/2025/texmf-dist/tex/generic/pgf/math/pgfmathfunctions.comparison.
code.tex)
(/opt/texlive/2025/texmf-dist/tex/generic/pgf/math/pgfmathfunctions.base.code.t
ex)
(/opt/texlive/2025/texmf-dist/tex/generic/pgf/math/pgfmathfunctions.round.code.
tex)
(/opt/texlive/2025/texmf-dist/tex/generic/pgf/math/pgfmathfunctions.misc.code.t
ex)
(/opt/texlive/2025/texmf-dist/tex/generic/pgf/math/pgfmathfunctions.integerarit
hmetics.code.tex)
(/opt/texlive/2025/texmf-dist/tex/generic/pgf/math/pgfmathcalc.code.tex)
(/opt/texlive/2025/texmf-dist/tex/generic/pgf/math/pgfmathfloat.code.tex
\c@pgfmathroundto@lastzeros=\count311
))
(/opt/texlive/2025/texmf-dist/tex/generic/pgf/math/pgfint.code.tex)
(/opt/texlive/2025/texmf-dist/tex/generic/pgf/basiclayer/pgfcorepoints.code.tex
File: pgfcorepoints.code.tex 2025-08-29 v3.1.11a (3.1.11a)
\pgf@picminx=\dimen196
\pgf@picmaxx=\dimen197
\pgf@picminy=\dimen198
\pgf@picmaxy=\dimen199
\pgf@pathminx=\dimen256
\pgf@pathmaxx=\dimen257
\pgf@pathminy=\dimen258
\pgf@pathmaxy=\dimen259
\pgf@xx=\dimen260
\pgf@xy=\dimen261
\pgf@yx=\dimen262
\pgf@yy=\dimen263
\pgf@zx=\dimen264
\pgf@zy=\dimen265
)
(/opt/texlive/2025/texmf-dist/tex/generic/pgf/basiclayer/pgfcorepathconstruct.c
ode.tex
File: pgfcorepathconstruct.code.tex 2025-08-29 v3.1.11a (3.1.11a)
\pgf@path@lastx=\dimen266
\pgf@path@lasty=\dimen267
)
(/opt/texlive/2025/texmf-dist/tex/generic/pgf/basiclayer/pgfcorepathusage.code.
tex
File: pgfcorepathusage.code.tex 2025-08-29 v3.1.11a (3.1.11a)
\pgf@shorten@end@additional=\dimen268
\pgf@shorten@start@additional=\dimen269
)
(/opt/texlive/2025/texmf-dist/tex/generic/pgf/basiclayer/pgfcorescopes.code.tex
File: pgfcorescopes.code.tex 2025-08-29 v3.1.11a (3.1.11a)
\pgfpic=\box59
\pgf@hbox=\box60
\pgf@layerbox@main=\box61
\pgf@picture@serial@count=\count312
)
(/opt/texlive/2025/texmf-dist/tex/generic/pgf/basiclayer/pgfcoregraphicstate.co
de.tex
File: pgfcoregraphicstate.code.tex 2025-08-29 v3.1.11a (3.1.11a)
\pgflinewidth=\dimen270
)
(/opt/texlive/2025/texmf-dist/tex/generic/pgf/basiclayer/pgfcoretransformations
.code.tex
File: pgfcoretransformations.code.tex 2025-08-29 v3.1.11a (3.1.11a)
\pgf@pt@x=\dimen271
\pgf@pt@y=\dimen272
\pgf@pt@temp=\dimen273
)
(/opt/texlive/2025/texmf-dist/tex/generic/pgf/basiclayer/pgfcorequick.code.tex
File: pgfcorequick.code.tex 2025-08-29 v3.1.11a (3.1.11a)
)
(/opt/texlive/2025/texmf-dist/tex/generic/pgf/basiclayer/pgfcoreobjects.code.te
x
File: pgfcoreobjects.code.tex 2025-08-29 v3.1.11a (3.1.11a)
)
(/opt/texlive/2025/texmf-dist/tex/generic/pgf/basiclayer/pgfcorepathprocessing.
code.tex
File: pgfcorepathprocessing.code.tex 2025-08-29 v3.1.11a (3.1.11a)
)
(/opt/texlive/2025/texmf-dist/tex/generic/pgf/basiclayer/pgfcorearrows.code.tex
File: pgfcorearrows.code.tex 2025-08-29 v3.1.11a (3.1.11a)
\pgfarrowsep=\dimen274
)
(/opt/texlive/2025/texmf-dist/tex/generic/pgf/basiclayer/pgfcoreshade.code.tex
File: pgfcoreshade.code.tex 2025-08-29 v3.1.11a (3.1.11a)
\pgf@max=\dimen275
\pgf@sys@shading@range@num=\count313
\pgf@shadingcount=\count314
) (/opt/texlive/2025/texmf-dist/tex/generic/pgf/basiclayer/pgfcoreimage.code.te
x
File: pgfcoreimage.code.tex 2025-08-29 v3.1.11a (3.1.11a)
)
(/opt/texlive/2025/texmf-dist/tex/generic/pgf/basiclayer/pgfcoreexternal.code.t
ex
File: pgfcoreexternal.code.tex 2025-08-29 v3.1.11a (3.1.11a)
\pgfexternal@startupbox=\box62
)
(/opt/texlive/2025/texmf-dist/tex/generic/pgf/basiclayer/pgfcorelayers.code.tex
File: pgfcorelayers.code.tex 2025-08-29 v3.1.11a (3.1.11a)
)
(/opt/texlive/2025/texmf-dist/tex/generic/pgf/basiclayer/pgfcoretransparency.co
de.tex
File: pgfcoretransparency.code.tex 2025-08-29 v3.1.11a (3.1.11a)
)
(/opt/texlive/2025/texmf-dist/tex/generic/pgf/basiclayer/pgfcorepatterns.code.t
ex
File: pgfcorepatterns.code.tex 2025-08-29 v3.1.11a (3.1.11a)
)
(/opt/texlive/2025/texmf-dist/tex/generic/pgf/basiclayer/pgfcorerdf.code.tex
File: pgfcorerdf.code.tex 2025-08-29 v3.1.11a (3.1.11a)
))) (/opt/texlive/2025/texmf-dist/tex/generic/pgf/modules/pgfmoduleshapes.code.
tex
File: pgfmoduleshapes.code.tex 2025-08-29 v3.1.11a (3.1.11a)
\pgfnodeparttextbox=\box63
) (/opt/texlive/2025/texmf-dist/tex/generic/pgf/modules/pgfmoduleplot.code.tex
File: pgfmoduleplot.code.tex 2025-08-29 v3.1.11a (3.1.11a)
)
(/opt/texlive/2025/texmf-dist/tex/latex/pgf/compatibility/pgfcomp-version-0-65.
sty
Package: pgfcomp-version-0-65 2025-08-29 v3.1.11a (3.1.11a)
\pgf@nodesepstart=\dimen276
\pgf@nodesepend=\dimen277
)
(/opt/texlive/2025/texmf-dist/tex/latex/pgf/compatibility/pgfcomp-version-1-18.
sty
Package: pgfcomp-version-1-18 2025-08-29 v3.1.11a (3.1.11a)
)) (/opt/texlive/2025/texmf-dist/tex/latex/pgf/utilities/pgffor.sty
(/opt/texlive/2025/texmf-dist/tex/latex/pgf/utilities/pgfkeys.sty
(/opt/texlive/2025/texmf-dist/tex/generic/pgf/utilities/pgfkeys.code.tex))
(/opt/texlive/2025/texmf-dist/tex/latex/pgf/math/pgfmath.sty
(/opt/texlive/2025/texmf-dist/tex/generic/pgf/math/pgfmath.code.tex))
(/opt/texlive/2025/texmf-dist/tex/generic/pgf/utilities/pgffor.code.tex
Package: pgffor 2025-08-29 v3.1.11a (3.1.11a)
\pgffor@iter=\dimen278
\pgffor@skip=\dimen279
\pgffor@stack=\toks37
\pgffor@toks=\toks38
))
(/opt/texlive/2025/texmf-dist/tex/generic/pgf/frontendlayer/tikz/tikz.code.tex
Package: tikz 2025-08-29 v3.1.11a (3.1.11a)

(/opt/texlive/2025/texmf-dist/tex/generic/pgf/libraries/pgflibraryplothandlers.
code.tex
File: pgflibraryplothandlers.code.tex 2025-08-29 v3.1.11a (3.1.11a)
\pgf@plot@mark@count=\count315
\pgfplotmarksize=\dimen280
)
\tikz@lastx=\dimen281
\tikz@lasty=\dimen282
\tikz@lastxsaved=\dimen283
\tikz@lastysaved=\dimen284
\tikz@lastmovetox=\dimen285
\tikz@lastmovetoy=\dimen286
\tikzleveldistance=\dimen287
\tikzsiblingdistance=\dimen288
\tikz@figbox=\box64
\tikz@figbox@bg=\box65
\tikz@tempbox=\box66
\tikz@tempbox@bg=\box67
\tikztreelevel=\count316
\tikznumberofchildren=\count317
\tikznumberofcurrentchild=\count318
\tikz@fig@count=\count319

(/opt/texlive/2025/texmf-dist/tex/generic/pgf/modules/pgfmodulematrix.code.tex
File: pgfmodulematrix.code.tex 2025-08-29 v3.1.11a (3.1.11a)
\pgfmatrixcurrentrow=\count320
\pgfmatrixcurrentcolumn=\count321
\pgf@matrix@numberofcolumns=\count322
)
\tikz@expandcount=\count323

(/opt/texlive/2025/texmf-dist/tex/generic/pgf/frontendlayer/tikz/libraries/tikz
librarytopaths.code.tex
File: tikzlibrarytopaths.code.tex 2025-08-29 v3.1.11a (3.1.11a)
)))
(/opt/texlive/2025/texmf-dist/tex/latex/tools/verbatim.sty
Package: verbatim 2024-01-22 v1.5x LaTeX2e package for verbatim enhancements
\every@verbatim=\toks39
\verbatim@line=\toks40
\verbatim@in@stream=\read3
)
(/opt/texlive/2025/texmf-dist/tex/latex/environ/environ.sty
Package: environ 2014/05/04 v0.3 A new way to define environments

(/opt/texlive/2025/texmf-dist/tex/latex/trimspaces/trimspaces.sty
Package: trimspaces 2009/09/17 v1.1 Trim spaces around a token list
))
(/opt/texlive/2025/texmf-dist/tex/latex/etoolbox/etoolbox.sty
Package: etoolbox 2025/10/02 v2.5m e-TeX tools for LaTeX (JAW)
\etb@tempcnta=\count324
)
\tcb@titlebox=\box68
\tcb@upperbox=\box69
\tcb@lowerbox=\box70
\tcb@phantombox=\box71
\c@tcbbreakpart=\count325
\c@tcblayer=\count326
\c@tcolorbox@number=\count327
\l__tcobox_tmpa_box=\box72
\l__tcobox_tmpa_dim=\dimen289
\tcb@temp=\box73
\tcb@temp=\box74
\tcb@temp=\box75
\tcb@temp=\box76

(/opt/texlive/2025/texmf-dist/tex/latex/tcolorbox/tcbraster.code.tex
Library (tcolorbox): 'tcbraster.code.tex' version '6.9.0'
\c@tcbrastercolumn=\count328
\c@tcbrasterrow=\count329
\c@tcbrasternum=\count330
\c@tcbraster=\count331
) (/opt/texlive/2025/texmf-dist/tex/latex/tcolorbox/tcbskins.code.tex
Library (tcolorbox): 'tcbskins.code.tex' version '6.9.0'
(/opt/texlive/2025/texmf-dist/tex/latex/tikzfill/tikzfill.image.sty
Package: tikzfill.image 2023/08/08 v1.0.1 Image filling library for TikZ

(/opt/texlive/2025/texmf-dist/tex/latex/tikzfill/tikzfill-common.sty
Package: tikzfill-common 2023/08/08 v1.0.1 Auxiliary code for tikzfill
)
(/opt/texlive/2025/texmf-dist/tex/latex/tikzfill/tikzlibraryfill.image.code.tex
File: tikzlibraryfill.image.code.tex 2023/08/08 v1.0.1 Image filling library
\l__tikzfill_img_box=\box77
)) (/opt/texlive/2025/texmf-dist/tex/latex/tcolorbox/tcbskinsjigsaw.code.tex
Library (tcolorbox): 'tcbskinsjigsaw.code.tex' version '6.9.0'
)) (/opt/texlive/2025/texmf-dist/tex/latex/tcolorbox/tcbbreakable.code.tex
Library (tcolorbox): 'tcbbreakable.code.tex' version '6.9.0'
(/opt/texlive/2025/texmf-dist/tex/latex/pdfcol/pdfcol.sty
Package: pdfcol 2022-09-21 v1.7 Handle new color stacks for pdfTeX (HO)

(/opt/texlive/2025/texmf-dist/tex/generic/ltxcmds/ltxcmds.sty
Package: ltxcmds 2023-12-04 v1.26 LaTeX kernel commands for general use (HO)
)
(/opt/texlive/2025/texmf-dist/tex/generic/infwarerr/infwarerr.sty
Package: infwarerr 2019/12/03 v1.5 Providing info/warning/error messages (HO)
))
Package pdfcol Info: New color stack `tcb@breakable' = 1 on input line 23.
\tcb@testbox=\box78
\tcb@totalupperbox=\box79
\tcb@totallowerbox=\box80
)
(/opt/texlive/2025/texmf-dist/tex/latex/tcolorbox/tcbhooks.code.tex
Library (tcolorbox): 'tcbhooks.code.tex' version '6.9.0'
) (/opt/texlive/2025/texmf-dist/tex/latex/tcolorbox/tcbtheorems.code.tex
Library (tcolorbox): 'tcbtheorems.code.tex' version '6.9.0'
) (/opt/texlive/2025/texmf-dist/tex/latex/tcolorbox/tcbfitting.code.tex
Library (tcolorbox): 'tcbfitting.code.tex' version '6.9.0'
\tcbfitdim=\dimen290
\tcb@lowerfitdim=\dimen291
\tcb@upperfitdim=\dimen292
\tcb@cur@hbadness=\count332
) (/opt/texlive/2025/texmf-dist/tex/latex/tcolorbox/tcblistingsutf8.code.tex
Library (tcolorbox): 'tcblistingsutf8.code.tex' version '6.9.0'
(/opt/texlive/2025/texmf-dist/tex/latex/tcolorbox/tcblistings.code.tex
Library (tcolorbox): 'tcblistings.code.tex' version '6.9.0'
(/opt/texlive/2025/texmf-dist/tex/latex/listings/listings.sty
\lst@mode=\count333
\lst@gtempboxa=\box81
\lst@token=\toks41
\lst@length=\count334
\lst@currlwidth=\dimen293
\lst@column=\count335
\lst@pos=\count336
\lst@lostspace=\dimen294
\lst@width=\dimen295
\lst@newlines=\count337
\lst@lineno=\count338
\lst@maxwidth=\dimen296

(/opt/texlive/2025/texmf-dist/tex/latex/listings/lstpatch.sty
File: lstpatch.sty 2025/11/14 1.11b (Carsten Heinz)
)
(/opt/texlive/2025/texmf-dist/tex/latex/listings/lstmisc.sty
File: lstmisc.sty 2025/11/14 1.11b (Carsten Heinz)
\c@lstnumber=\count339
\lst@skipnumbers=\count340
\lst@framebox=\box82
)
(/opt/texlive/2025/texmf-dist/tex/latex/listings/listings.cfg
File: listings.cfg 2025/11/14 1.11b listings configuration
))
Package: listings 2025/11/14 1.11b (Carsten Heinz)

==> First Aid for listings.sty no longer applied!
    Expected:
        2024/09/23 1.10c (Carsten Heinz)
    but found:
        2025/11/14 1.11b (Carsten Heinz)
    so I'm assuming it got fixed.
(/opt/texlive/2025/texmf-dist/tex/latex/tcolorbox/tcblistingscore.code.tex
Library (tcolorbox): 'tcblistingscore.code.tex' version '6.9.0'
(/opt/texlive/2025/texmf-dist/tex/latex/tcolorbox/tcbprocessing.code.tex
Library (tcolorbox): 'tcbprocessing.code.tex' version '6.9.0'
)
\c@tcblisting=\count341
)) (/opt/texlive/2025/texmf-dist/tex/latex/listingsutf8/listingsutf8.sty
Package: listingsutf8 2019-12-10 v1.5 Allow UTF-8 in listings input (HO)

(/opt/texlive/2025/texmf-dist/tex/generic/pdftexcmds/pdftexcmds.sty
Package: pdftexcmds 2020-06-27 v0.33 Utility functions of pdfTeX for LuaTeX (HO
)
Package pdftexcmds Info: \pdf@primitive is available.
Package pdftexcmds Info: \pdf@ifprimitive is available.
Package pdftexcmds Info: \pdfdraftmode found.
)
(/opt/texlive/2025/texmf-dist/tex/generic/stringenc/stringenc.sty
Package: stringenc 2019/11/29 v1.12 Convert strings between diff. encodings (HO
)

(/opt/texlive/2025/texmf-dist/tex/generic/pdfescape/pdfescape.sty
Package: pdfescape 2019/12/09 v1.15 Implements pdfTeX's escape features (HO)
))))
(/opt/texlive/2025/texmf-dist/tex/latex/tcolorbox/tcbexternal.code.tex
Library (tcolorbox): 'tcbexternal.code.tex' version '6.9.0'
) (/opt/texlive/2025/texmf-dist/tex/latex/tcolorbox/tcbmagazine.code.tex
Library (tcolorbox): 'tcbmagazine.code.tex' version '6.9.0'
) (/opt/texlive/2025/texmf-dist/tex/latex/tcolorbox/tcbvignette.code.tex
Library (tcolorbox): 'tcbvignette.code.tex' version '6.9.0'

(/opt/texlive/2025/texmf-dist/tex/generic/pgf/frontendlayer/tikz/libraries/tikz
libraryfadings.code.tex
File: tikzlibraryfadings.code.tex 2025-08-29 v3.1.11a (3.1.11a)

(/opt/texlive/2025/texmf-dist/tex/generic/pgf/libraries/pgflibraryfadings.code.
tex
File: pgflibraryfadings.code.tex 2025-08-29 v3.1.11a (3.1.11a)
))) (/opt/texlive/2025/texmf-dist/tex/latex/tcolorbox/tcbposter.code.tex
Library (tcolorbox): 'tcbposter.code.tex' version '6.9.0'
)) (/opt/texlive/2025/texmf-dist/tex/latex/hyperref/hyperref.sty
Package: hyperref 2025-07-12 v7.01o Hypertext links for LaTeX

(/opt/texlive/2025/texmf-dist/tex/latex/kvsetkeys/kvsetkeys.sty
Package: kvsetkeys 2022-10-05 v1.19 Key value parser (HO)
)
(/opt/texlive/2025/texmf-dist/tex/generic/kvdefinekeys/kvdefinekeys.sty
Package: kvdefinekeys 2019-12-19 v1.6 Define keys (HO)
)
(/opt/texlive/2025/texmf-dist/tex/latex/hycolor/hycolor.sty
Package: hycolor 2020-01-27 v1.10 Color options for hyperref/bookmark (HO)
)
(/opt/texlive/2025/texmf-dist/tex/latex/hyperref/nameref.sty
Package: nameref 2025-06-21 v2.57 Cross-referencing by name of section

(/opt/texlive/2025/texmf-dist/tex/latex/refcount/refcount.sty
Package: refcount 2019/12/15 v3.6 Data extraction from label references (HO)
)
(/opt/texlive/2025/texmf-dist/tex/generic/gettitlestring/gettitlestring.sty
Package: gettitlestring 2019/12/15 v1.6 Cleanup title references (HO)

(/opt/texlive/2025/texmf-dist/tex/latex/kvoptions/kvoptions.sty
Package: kvoptions 2022-06-15 v3.15 Key value format for package options (HO)
))
\c@section@level=\count342
)
\@linkdim=\dimen297
\Hy@linkcounter=\count343
\Hy@pagecounter=\count344

(/opt/texlive/2025/texmf-dist/tex/latex/hyperref/pd1enc.def
File: pd1enc.def 2025-07-12 v7.01o Hyperref: PDFDocEncoding definition (HO)
Now handling font encoding PD1 ...
... no UTF-8 mapping file for font encoding PD1
)
(/opt/texlive/2025/texmf-dist/tex/generic/intcalc/intcalc.sty
Package: intcalc 2019/12/15 v1.3 Expandable calculations with integers (HO)
)
\Hy@SavedSpaceFactor=\count345

(/opt/texlive/2025/texmf-dist/tex/latex/hyperref/puenc.def
File: puenc.def 2025-07-12 v7.01o Hyperref: PDF Unicode definition (HO)
Now handling font encoding PU ...
... no UTF-8 mapping file for font encoding PU
)
Package hyperref Info: Hyper figures OFF on input line 4195.
Package hyperref Info: Link nesting OFF on input line 4200.
Package hyperref Info: Hyper index ON on input line 4203.
Package hyperref Info: Plain pages OFF on input line 4210.
Package hyperref Info: Backreferencing OFF on input line 4215.
Package hyperref Info: Implicit mode ON; LaTeX internals redefined.
Package hyperref Info: Bookmarks ON on input line 4462.
\c@Hy@tempcnt=\count346

(/opt/texlive/2025/texmf-dist/tex/latex/url/url.sty
\Urlmuskip=\muskip18
Package: url 2013/09/16  ver 3.4  Verb mode for urls, etc.
)
LaTeX Info: Redefining \url on input line 4801.
\XeTeXLinkMargin=\dimen298

(/opt/texlive/2025/texmf-dist/tex/generic/bitset/bitset.sty
Package: bitset 2019/12/09 v1.3 Handle bit-vector datatype (HO)

(/opt/texlive/2025/texmf-dist/tex/generic/bigintcalc/bigintcalc.sty
Package: bigintcalc 2019/12/15 v1.5 Expandable calculations on big integers (HO
)
))
\Fld@menulength=\count347
\Field@Width=\dimen299
\Fld@charsize=\dimen300
Package hyperref Info: Hyper figures OFF on input line 6078.
Package hyperref Info: Link nesting OFF on input line 6083.
Package hyperref Info: Hyper index ON on input line 6086.
Package hyperref Info: backreferencing OFF on input line 6093.
Package hyperref Info: Link coloring OFF on input line 6098.
Package hyperref Info: Link coloring with OCG OFF on input line 6103.
Package hyperref Info: PDF/A mode OFF on input line 6108.
\Hy@abspage=\count348
\c@Item=\count349
\c@Hfootnote=\count350
)
Package hyperref Info: Driver (autodetected): hpdftex.

(/opt/texlive/2025/texmf-dist/tex/latex/hyperref/hpdftex.def
File: hpdftex.def 2025-07-12 v7.01o Hyperref driver for pdfTeX
\Fld@listcount=\count351
\c@bookmark@seq@number=\count352

(/opt/texlive/2025/texmf-dist/tex/latex/rerunfilecheck/rerunfilecheck.sty
Package: rerunfilecheck 2025-06-21 v1.11 Rerun checks for auxiliary files (HO)

(/opt/texlive/2025/texmf-dist/tex/generic/uniquecounter/uniquecounter.sty
Package: uniquecounter 2019/12/15 v1.4 Provide unlimited unique counter (HO)
)
Package uniquecounter Info: New unique counter `rerunfilecheck' on input line 2
84.
)
\Hy@SectionHShift=\skip56
)
Package hyperref Info: Option `colorlinks' set `true' on input line 29.

(/opt/texlive/2025/texmf-dist/tex/latex/newunicodechar/newunicodechar.sty
Package: newunicodechar 2018/04/08 v1.2 Defining Unicode characters
)

Package newunicodechar Warning: Redefining Unicode character on input line 33.


Package newunicodechar Warning: Redefining Unicode character on input line 34.


Package newunicodechar Warning: Redefining Unicode character on input line 36.


Package newunicodechar Warning: Redefining Unicode character on input line 37.


Package newunicodechar Warning: Redefining Unicode character on input line 39.


Package newunicodechar Warning: Redefining Unicode character on input line 40.


Package newunicodechar Warning: Redefining Unicode character on input line 41.


Package newunicodechar Warning: Redefining Unicode character on input line 48.


Package newunicodechar Warning: Redefining Unicode character on input line 49.


Package newunicodechar Warning: Redefining Unicode character on input line 50.


Package newunicodechar Warning: Redefining Unicode character on input line 51.


Package newunicodechar Warning: Redefining Unicode character on input line 52.


Package newunicodechar Warning: Redefining Unicode character on input line 53.


Package newunicodechar Warning: Redefining Unicode character on input line 54.

LaTeX Font Info:    Trying to load font information for T1+lmr on input line 98
.
(/opt/texlive/2025/texmf-dist/tex/latex/lm/t1lmr.fd
File: t1lmr.fd 2015/05/01 v1.6.1 Font defs for Latin Modern
)
(/opt/texlive/2025/texmf-dist/tex/latex/l3backend/l3backend-pdftex.def
File: l3backend-pdftex.def 2025-10-09 L3 backend support: PDF output (pdfTeX)
\l__color_backend_stack_int=\count353
)
(./main.aux)
\openout1 = `main.aux'.

LaTeX Font Info:    Checking defaults for OML/cmm/m/it on input line 98.
LaTeX Font Info:    ... okay on input line 98.
LaTeX Font Info:    Checking defaults for OMS/cmsy/m/n on input line 98.
LaTeX Font Info:    ... okay on input line 98.
LaTeX Font Info:    Checking defaults for OT1/cmr/m/n on input line 98.
LaTeX Font Info:    ... okay on input line 98.
LaTeX Font Info:    Checking defaults for T1/cmr/m/n on input line 98.
LaTeX Font Info:    ... okay on input line 98.
LaTeX Font Info:    Checking defaults for TS1/cmr/m/n on input line 98.
LaTeX Font Info:    ... okay on input line 98.
LaTeX Font Info:    Checking defaults for OMX/cmex/m/n on input line 98.
LaTeX Font Info:    ... okay on input line 98.
LaTeX Font Info:    Checking defaults for U/cmr/m/n on input line 98.
LaTeX Font Info:    ... okay on input line 98.
LaTeX Font Info:    Checking defaults for PD1/pdf/m/n on input line 98.
LaTeX Font Info:    ... okay on input line 98.
LaTeX Font Info:    Checking defaults for PU/pdf/m/n on input line 98.
LaTeX Font Info:    ... okay on input line 98.

*geometry* driver: auto-detecting
*geometry* detected driver: pdftex
*geometry* verbose mode - [ preamble ] result:
* driver: pdftex
* paper: a4paper
* layout: <same size as paper>
* layoutoffset:(h,v)=(0.0pt,0.0pt)
* modes: 
* h-part:(L,W,R)=(65.44142pt, 466.62503pt, 65.44142pt)
* v-part:(T,H,B)=(65.44142pt, 714.164pt, 65.44142pt)
* \paperwidth=597.50787pt
* \paperheight=845.04684pt
* \textwidth=466.62503pt
* \textheight=714.164pt
* \oddsidemargin=-6.82857pt
* \evensidemargin=-6.82857pt
* \topmargin=-38.70236pt
* \headheight=12.0pt
* \headsep=19.8738pt
* \topskip=11.0pt
* \footskip=27.46295pt
* \marginparwidth=53.0pt
* \marginparsep=7.0pt
* \columnsep=10.0pt
* \skip\footins=10.0pt plus 4.0pt minus 2.0pt
* \hoffset=0.0pt
* \voffset=0.0pt
* \mag=1000
* \@twocolumnfalse
* \@twosidefalse
* \@mparswitchfalse
* \@reversemarginfalse
* (1in=72.27pt=25.4mm, 1cm=28.453pt)

(/opt/texlive/2025/texmf-dist/tex/context/base/mkii/supp-pdf.mkii
[Loading MPS to PDF converter (version 2006.09.02).]
\scratchcounter=\count354
\scratchdimen=\dimen301
\scratchbox=\box83
\nofMPsegments=\count355
\nofMParguments=\count356
\everyMPshowfont=\toks42
\MPscratchCnt=\count357
\MPscratchDim=\dimen302
\MPnumerator=\count358
\makeMPintoPDFobject=\count359
\everyMPtoPDFconversion=\toks43
) (/opt/texlive/2025/texmf-dist/tex/latex/epstopdf-pkg/epstopdf-base.sty
Package: epstopdf-base 2020-01-24 v2.11 Base part for package epstopdf
Package epstopdf-base Info: Redefining graphics rule for `.eps' on input line 4
85.

(/opt/texlive/2025/texmf-dist/tex/latex/latexconfig/epstopdf-sys.cfg
File: epstopdf-sys.cfg 2010/07/13 v1.3 Configuration of (r)epstopdf for TeX Liv
e
))
\c@lstlisting=\count360
Package hyperref Info: Link coloring ON on input line 98.

(./main.out) (./main.out)
\@outlinefile=\write4
\openout4 = `main.out'.

LaTeX Font Info:    Trying to load font information for OT1+lmr on input line 1
01.
 (/opt/texlive/2025/texmf-dist/tex/latex/lm/ot1lmr.fd
File: ot1lmr.fd 2015/05/01 v1.6.1 Font defs for Latin Modern
)
LaTeX Font Info:    Trying to load font information for OML+lmm on input line 1
01.
(/opt/texlive/2025/texmf-dist/tex/latex/lm/omllmm.fd
File: omllmm.fd 2015/05/01 v1.6.1 Font defs for Latin Modern
)
LaTeX Font Info:    Trying to load font information for OMS+lmsy on input line 
101.

(/opt/texlive/2025/texmf-dist/tex/latex/lm/omslmsy.fd
File: omslmsy.fd 2015/05/01 v1.6.1 Font defs for Latin Modern
)
LaTeX Font Info:    Trying to load font information for OMX+lmex on input line 
101.

(/opt/texlive/2025/texmf-dist/tex/latex/lm/omxlmex.fd
File: omxlmex.fd 2015/05/01 v1.6.1 Font defs for Latin Modern
)
LaTeX Font Info:    External font `lmex10' loaded for size
(Font)              <12> on input line 101.
LaTeX Font Info:    External font `lmex10' loaded for size
(Font)              <8> on input line 101.
LaTeX Font Info:    External font `lmex10' loaded for size
(Font)              <6> on input line 101.
LaTeX Font Info:    Trying to load font information for U+msa on input line 101
.

(/opt/texlive/2025/texmf-dist/tex/latex/amsfonts/umsa.fd
File: umsa.fd 2013/01/14 v3.01 AMS symbols A
)
LaTeX Font Info:    Trying to load font information for U+msb on input line 101
.

(/opt/texlive/2025/texmf-dist/tex/latex/amsfonts/umsb.fd
File: umsb.fd 2013/01/14 v3.01 AMS symbols B
) [1



{/opt/texlive/2025/texmf-var/fonts/map/pdftex/updmap/pdftex.map}{/opt/texlive/2
025/texmf-dist/fonts/enc/dvips/lm/lm-ec.enc}] (./main.toc
LaTeX Font Info:    External font `lmex10' loaded for size
(Font)              <10.95> on input line 2.

pdfTeX warning (ext4): destination with the same identifier (name{page.i}) has 
been already used, duplicate ignored
<to be read again> 
                   \relax 
l.48 ...2.2}Uniform Quantization}{20}{section.2.2}
                                                  % [1

] [2] [3] [4] [5]
[6] [7{/opt/texlive/2025/texmf-dist/fonts/enc/dvips/lm/lm-mathit.enc}{/opt/texl
ive/2025/texmf-dist/fonts/enc/dvips/lm/lm-rm.enc}] [8] [9]
Overfull \hbox (3.89328pt too wide) detected at line 496
\T1/lmr/m/n/10.95 12.18.10 
 []


Overfull \hbox (3.89328pt too wide) detected at line 497
\T1/lmr/m/n/10.95 12.18.11 
 []


Overfull \hbox (3.89328pt too wide) detected at line 499
\T1/lmr/m/n/10.95 12.18.12 
 []


Overfull \hbox (3.89328pt too wide) detected at line 501
\T1/lmr/m/n/10.95 12.18.13 
 []

)
\tf@toc=\write5
\openout5 = `main.toc'.

 [10] (./chapters/01.tex
Chapter 1.
<Pics/Pasted_image_20260501163251.png, id=2491, 592.46344pt x 331.2375pt>
File: Pics/Pasted_image_20260501163251.png Graphic file (type png)
<use Pics/Pasted_image_20260501163251.png>
Package pdftex.def Info: Pics/Pasted_image_20260501163251.png  used on input li
ne 31.
(pdftex.def)             Requested size: 279.97786pt x 156.53581pt.
LaTeX Font Info:    Trying to load font information for TS1+lmr on input line 3
5.
(/opt/texlive/2025/texmf-dist/tex/latex/lm/ts1lmr.fd
File: ts1lmr.fd 2015/05/01 v1.6.1 Font defs for Latin Modern
) [1


 <./Pics/Pasted_image_20260501163251.png>]
<Pics/Pasted_image_20260522103557.png, id=2498, 536.75531pt x 149.8097pt>
File: Pics/Pasted_image_20260522103557.png Graphic file (type png)
<use Pics/Pasted_image_20260522103557.png>
Package pdftex.def Info: Pics/Pasted_image_20260522103557.png  used on input li
ne 41.
(pdftex.def)             Requested size: 233.31252pt x 65.1164pt.
<Pics/Pasted_image_20260522103612.png, id=2499, 322.20375pt x 518.6878pt>
File: Pics/Pasted_image_20260522103612.png Graphic file (type png)
<use Pics/Pasted_image_20260522103612.png>
Package pdftex.def Info: Pics/Pasted_image_20260522103612.png  used on input li
ne 41.
(pdftex.def)             Requested size: 186.64716pt x 300.47507pt.
<Pics/Pasted_image_20260501163356.png, id=2500, 414.79968pt x 311.66437pt>
File: Pics/Pasted_image_20260501163356.png Graphic file (type png)
<use Pics/Pasted_image_20260501163356.png>
Package pdftex.def Info: Pics/Pasted_image_20260501163356.png  used on input li
ne 58.
(pdftex.def)             Requested size: 376.09966pt x 282.59732pt.
 [2{/opt/texlive/2025/texmf-dist/fonts/enc/dvips/lm/lm-ts1.enc}{/opt/texlive/20
25/texmf-dist/fonts/enc/dvips/lm/lm-mathsy.enc} <./Pics/Pasted_image_2026052210
3557.png> <./Pics/Pasted_image_20260522103612.png>]
<Pics/Pasted_image_20260501163417.png, id=2511, 414.79968pt x 311.66437pt>
File: Pics/Pasted_image_20260501163417.png Graphic file (type png)
<use Pics/Pasted_image_20260501163417.png>
Package pdftex.def Info: Pics/Pasted_image_20260501163417.png  used on input li
ne 70.
(pdftex.def)             Requested size: 279.97786pt x 210.36913pt.
 [3 <./Pics/Pasted_image_20260501163356.png> <./Pics/Pasted_image_2026050116341
7.png>]
<Pics/Pasted_image_20260501163800.png, id=2518, 569.87906pt x 311.66437pt>
File: Pics/Pasted_image_20260501163800.png Graphic file (type png)
<use Pics/Pasted_image_20260501163800.png>
Package pdftex.def Info: Pics/Pasted_image_20260501163800.png  used on input li
ne 85.
(pdftex.def)             Requested size: 279.97786pt x 153.11635pt.

Overfull \hbox (50.01045pt too wide) in paragraph at lines 119--126
 [] 
 []

[4{/opt/texlive/2025/texmf-dist/fonts/enc/dvips/lm/lm-mathex.enc} <./Pics/Paste
d_image_20260501163800.png>]
<Pics/Pasted_image_20260501163839.png, id=2528, 576.65437pt x 213.79875pt>
File: Pics/Pasted_image_20260501163839.png Graphic file (type png)
<use Pics/Pasted_image_20260501163839.png>
Package pdftex.def Info: Pics/Pasted_image_20260501163839.png  used on input li
ne 146.
(pdftex.def)             Requested size: 279.97786pt x 103.80644pt.
 [5 <./Pics/Pasted_image_20260501163839.png>]
<Pics/Pasted_image_20260501163938.png, id=2537, 221.32687pt x 186.6975pt>
File: Pics/Pasted_image_20260501163938.png Graphic file (type png)
<use Pics/Pasted_image_20260501163938.png>
Package pdftex.def Info: Pics/Pasted_image_20260501163938.png  used on input li
ne 164.
(pdftex.def)             Requested size: 376.09966pt x 317.27328pt.
<Pics/Pasted_image_20260501164014.png, id=2538, 582.67688pt x 213.04594pt>
File: Pics/Pasted_image_20260501164014.png Graphic file (type png)
<use Pics/Pasted_image_20260501164014.png>
Package pdftex.def Info: Pics/Pasted_image_20260501164014.png  used on input li
ne 171.
(pdftex.def)             Requested size: 279.97786pt x 102.37141pt.
<Pics/Pasted_image_20260522103757.png, id=2539, 484.05844pt x 265.74281pt>
File: Pics/Pasted_image_20260522103757.png Graphic file (type png)
<use Pics/Pasted_image_20260522103757.png>
Package pdftex.def Info: Pics/Pasted_image_20260522103757.png  used on input li
ne 181.
(pdftex.def)             Requested size: 279.97786pt x 153.70921pt.

[6 <./Pics/Pasted_image_20260501163938.png> <./Pics/Pasted_image_20260501164014
.png>]
<Pics/Pasted_image_20260501164647.png, id=2547, 434.37282pt x 213.04594pt>
File: Pics/Pasted_image_20260501164647.png Graphic file (type png)
<use Pics/Pasted_image_20260501164647.png>
Package pdftex.def Info: Pics/Pasted_image_20260501164647.png  used on input li
ne 183.
(pdftex.def)             Requested size: 279.97786pt x 137.32742pt.
<Pics/Pasted_image_20260501164756.png, id=2548, 162.6075pt x 130.23656pt>
File: Pics/Pasted_image_20260501164756.png Graphic file (type png)
<use Pics/Pasted_image_20260501164756.png>
Package pdftex.def Info: Pics/Pasted_image_20260501164756.png  used on input li
ne 215.
(pdftex.def)             Requested size: 279.97786pt x 224.25887pt.
 [7 <./Pics/Pasted_image_20260522103757.png> <./Pics/Pasted_image_2026050116464
7.png>]
<Pics/Pasted_image_20260501164937.png, id=2556, 362.10281pt x 266.49562pt>
File: Pics/Pasted_image_20260501164937.png Graphic file (type png)
<use Pics/Pasted_image_20260501164937.png>
Package pdftex.def Info: Pics/Pasted_image_20260501164937.png  used on input li
ne 219.
(pdftex.def)             Requested size: 279.97786pt x 206.0562pt.
<Pics/Pasted_image_20260501164947.png, id=2557, 328.97906pt x 251.43938pt>
File: Pics/Pasted_image_20260501164947.png Graphic file (type png)
<use Pics/Pasted_image_20260501164947.png>
Package pdftex.def Info: Pics/Pasted_image_20260501164947.png  used on input li
ne 221.
(pdftex.def)             Requested size: 279.97786pt x 213.99303pt.
 [8 <./Pics/Pasted_image_20260501164756.png> <./Pics/Pasted_image_2026050116493
7.png>]
<Pics/Pasted_image_20260501165005.png, id=2565, 699.36281pt x 302.63063pt>
File: Pics/Pasted_image_20260501165005.png Graphic file (type png)
<use Pics/Pasted_image_20260501165005.png>
Package pdftex.def Info: Pics/Pasted_image_20260501165005.png  used on input li
ne 231.
(pdftex.def)             Requested size: 279.97786pt x 121.15169pt.
 [9 <./Pics/Pasted_image_20260501164947.png> <./Pics/Pasted_image_2026050116500
5.png>] [10]
<Pics/Pasted_image_20260501165037.png, id=2576, 443.40656pt x 90.3375pt>
File: Pics/Pasted_image_20260501165037.png Graphic file (type png)
<use Pics/Pasted_image_20260501165037.png>
Package pdftex.def Info: Pics/Pasted_image_20260501165037.png  used on input li
ne 367.
(pdftex.def)             Requested size: 279.97786pt x 57.04387pt.
 [11 <./Pics/Pasted_image_20260501165037.png>]
<Pics/Pasted_image_20260501165141.png, id=2590, 307.90031pt x 207.02344pt>
File: Pics/Pasted_image_20260501165141.png Graphic file (type png)
<use Pics/Pasted_image_20260501165141.png>
Package pdftex.def Info: Pics/Pasted_image_20260501165141.png  used on input li
ne 422.
(pdftex.def)             Requested size: 279.97786pt x 188.26208pt.

[12 <./Pics/Pasted_image_20260501165141.png>]
<Pics/Pasted_image_20260501165246.png, id=2599, 549.55313pt x 303.38344pt>
File: Pics/Pasted_image_20260501165246.png Graphic file (type png)
<use Pics/Pasted_image_20260501165246.png>
Package pdftex.def Info: Pics/Pasted_image_20260501165246.png  used on input li
ne 455.
(pdftex.def)             Requested size: 279.97786pt x 154.5661pt.
<Pics/Pasted_image_20260501165300.png, id=2600, 549.55313pt x 303.38344pt>
File: Pics/Pasted_image_20260501165300.png Graphic file (type png)
<use Pics/Pasted_image_20260501165300.png>
Package pdftex.def Info: Pics/Pasted_image_20260501165300.png  used on input li
ne 456.
(pdftex.def)             Requested size: 279.97786pt x 154.5661pt.
<Pics/Pasted_image_20260501165307.png, id=2601, 549.55313pt x 303.38344pt>
File: Pics/Pasted_image_20260501165307.png Graphic file (type png)
<use Pics/Pasted_image_20260501165307.png>
Package pdftex.def Info: Pics/Pasted_image_20260501165307.png  used on input li
ne 457.
(pdftex.def)             Requested size: 279.97786pt x 154.5661pt.
<Pics/Pasted_image_20260501165313.png, id=2602, 549.55313pt x 303.38344pt>
File: Pics/Pasted_image_20260501165313.png Graphic file (type png)
<use Pics/Pasted_image_20260501165313.png>
Package pdftex.def Info: Pics/Pasted_image_20260501165313.png  used on input li
ne 458.
(pdftex.def)             Requested size: 279.97786pt x 154.5661pt.
 [13 <./Pics/Pasted_image_20260501165246.png> <./Pics/Pasted_image_202605011653
00.png> <./Pics/Pasted_image_20260501165307.png>]
<Pics/Pasted_image_20260501165357.png, id=2611, 539.01375pt x 252.19218pt>
File: Pics/Pasted_image_20260501165357.png Graphic file (type png)
<use Pics/Pasted_image_20260501165357.png>
Package pdftex.def Info: Pics/Pasted_image_20260501165357.png  used on input li
ne 485.
(pdftex.def)             Requested size: 279.97786pt x 130.99445pt.
 [14 <./Pics/Pasted_image_20260501165313.png> <./Pics/Pasted_image_202605011653
57.png>]
<Pics/Pasted_image_20260501165536.png, id=2619, 524.71031pt x 295.1025pt>
File: Pics/Pasted_image_20260501165536.png Graphic file (type png)
<use Pics/Pasted_image_20260501165536.png>
Package pdftex.def Info: Pics/Pasted_image_20260501165536.png  used on input li
ne 519.
(pdftex.def)             Requested size: 279.97786pt x 157.46625pt.
<Pics/Pasted_image_20260501165547.png, id=2620, 524.71031pt x 295.1025pt>
File: Pics/Pasted_image_20260501165547.png Graphic file (type png)
<use Pics/Pasted_image_20260501165547.png>
Package pdftex.def Info: Pics/Pasted_image_20260501165547.png  used on input li
ne 520.
(pdftex.def)             Requested size: 279.97786pt x 157.46625pt.
<Pics/Pasted_image_20260501165556.png, id=2621, 524.71031pt x 295.1025pt>
File: Pics/Pasted_image_20260501165556.png Graphic file (type png)
<use Pics/Pasted_image_20260501165556.png>
Package pdftex.def Info: Pics/Pasted_image_20260501165556.png  used on input li
ne 521.
(pdftex.def)             Requested size: 279.97786pt x 157.46625pt.
 [15 <./Pics/Pasted_image_20260501165536.png> <./Pics/Pasted_image_202605011655
47.png>]
<Pics/Pasted_image_20260501165604.png, id=2628, 524.71031pt x 295.1025pt>
File: Pics/Pasted_image_20260501165604.png Graphic file (type png)
<use Pics/Pasted_image_20260501165604.png>
Package pdftex.def Info: Pics/Pasted_image_20260501165604.png  used on input li
ne 522.
(pdftex.def)             Requested size: 279.97786pt x 157.46625pt.
<Pics/Pasted_image_20260501165612.png, id=2629, 524.71031pt x 295.1025pt>
File: Pics/Pasted_image_20260501165612.png Graphic file (type png)
<use Pics/Pasted_image_20260501165612.png>
Package pdftex.def Info: Pics/Pasted_image_20260501165612.png  used on input li
ne 523.
(pdftex.def)             Requested size: 279.97786pt x 157.46625pt.
<Pics/Pasted_image_20260501165619.png, id=2630, 524.71031pt x 295.1025pt>
File: Pics/Pasted_image_20260501165619.png Graphic file (type png)
<use Pics/Pasted_image_20260501165619.png>
Package pdftex.def Info: Pics/Pasted_image_20260501165619.png  used on input li
ne 524.
(pdftex.def)             Requested size: 279.97786pt x 157.46625pt.
<Pics/Pasted_image_20260501165626.png, id=2631, 524.71031pt x 279.29344pt>
File: Pics/Pasted_image_20260501165626.png Graphic file (type png)
<use Pics/Pasted_image_20260501165626.png>
Package pdftex.def Info: Pics/Pasted_image_20260501165626.png  used on input li
ne 525.
(pdftex.def)             Requested size: 279.97786pt x 149.03056pt.
 [16 <./Pics/Pasted_image_20260501165556.png> <./Pics/Pasted_image_202605011656
04.png> <./Pics/Pasted_image_20260501165612.png> <./Pics/Pasted_image_202605011
65619.png>]) [17 <./Pics/Pasted_image_20260501165626.png>] (./chapters/02.tex
Chapter 2.
<Pics/Pasted_image_20260501165859.png, id=2645, 1505.625pt x 1174.3875pt>
File: Pics/Pasted_image_20260501165859.png Graphic file (type png)
<use Pics/Pasted_image_20260501165859.png>
Package pdftex.def Info: Pics/Pasted_image_20260501165859.png  used on input li
ne 29.
(pdftex.def)             Requested size: 466.62503pt x 363.96677pt.
[18


] [19 <./Pics/Pasted_image_20260501165859.png>]
<Pics/Pasted_image_20260501170641.png, id=2656, 284.56313pt x 258.9675pt>
File: Pics/Pasted_image_20260501170641.png Graphic file (type png)
<use Pics/Pasted_image_20260501170641.png>
Package pdftex.def Info: Pics/Pasted_image_20260501170641.png  used on input li
ne 83.
(pdftex.def)             Requested size: 233.31252pt x 212.33495pt.
<Pics/Pasted_image_20260501170650.png, id=2657, 263.48438pt x 258.9675pt>
File: Pics/Pasted_image_20260501170650.png Graphic file (type png)
<use Pics/Pasted_image_20260501170650.png>
Package pdftex.def Info: Pics/Pasted_image_20260501170650.png  used on input li
ne 83.
(pdftex.def)             Requested size: 233.31252pt x 229.32253pt.
<Pics/Pasted_image_20260501170704.png, id=2658, 698.61pt x 347.04657pt>
File: Pics/Pasted_image_20260501170704.png Graphic file (type png)
<use Pics/Pasted_image_20260501170704.png>
Package pdftex.def Info: Pics/Pasted_image_20260501170704.png  used on input li
ne 86.
(pdftex.def)             Requested size: 279.97786pt x 139.08623pt.
 [20 <./Pics/Pasted_image_20260501170641.png> <./Pics/Pasted_image_202605011706
50.png> <./Pics/Pasted_image_20260501170704.png>]
<Pics/Pasted_image_20260522112004.png, id=2667, 435.12563pt x 436.63126pt>
File: Pics/Pasted_image_20260522112004.png Graphic file (type png)
<use Pics/Pasted_image_20260522112004.png>
Package pdftex.def Info: Pics/Pasted_image_20260522112004.png  used on input li
ne 118.
(pdftex.def)             Requested size: 209.97983pt x 210.71323pt.
<Pics/Pasted_image_20260522112025.png, id=2668, 435.12563pt x 453.19313pt>
File: Pics/Pasted_image_20260522112025.png Graphic file (type png)
<use Pics/Pasted_image_20260522112025.png>
Package pdftex.def Info: Pics/Pasted_image_20260522112025.png  used on input li
ne 118.
(pdftex.def)             Requested size: 209.97983pt x 218.7058pt.
<Pics/Pasted_image_20260522112044.png, id=2669, 435.12563pt x 453.19313pt>
File: Pics/Pasted_image_20260522112044.png Graphic file (type png)
<use Pics/Pasted_image_20260522112044.png>
Package pdftex.def Info: Pics/Pasted_image_20260522112044.png  used on input li
ne 122.
(pdftex.def)             Requested size: 209.97983pt x 218.7058pt.
<Pics/Pasted_image_20260522112112.png, id=2670, 435.12563pt x 453.19313pt>
File: Pics/Pasted_image_20260522112112.png Graphic file (type png)
<use Pics/Pasted_image_20260522112112.png>
Package pdftex.def Info: Pics/Pasted_image_20260522112112.png  used on input li
ne 122.
(pdftex.def)             Requested size: 209.97983pt x 218.7058pt.
<Pics/Pasted_image_20260522112124.png, id=2671, 435.12563pt x 453.19313pt>
File: Pics/Pasted_image_20260522112124.png Graphic file (type png)
<use Pics/Pasted_image_20260522112124.png>
Package pdftex.def Info: Pics/Pasted_image_20260522112124.png  used on input li
ne 126.
(pdftex.def)             Requested size: 209.97983pt x 218.7058pt.
<Pics/Pasted_image_20260522112139.png, id=2672, 435.12563pt x 453.19313pt>
File: Pics/Pasted_image_20260522112139.png Graphic file (type png)
<use Pics/Pasted_image_20260522112139.png>
Package pdftex.def Info: Pics/Pasted_image_20260522112139.png  used on input li
ne 126.
(pdftex.def)             Requested size: 209.97983pt x 218.7058pt.
 [21 <./Pics/Pasted_image_20260522112004.png> <./Pics/Pasted_image_202605221120
25.png> <./Pics/Pasted_image_20260522112044.png> <./Pics/Pasted_image_202605221
12112.png>]
<Pics/Pasted_image_20260522112150.png, id=2681, 435.12563pt x 453.19313pt>
File: Pics/Pasted_image_20260522112150.png Graphic file (type png)
<use Pics/Pasted_image_20260522112150.png>
Package pdftex.def Info: Pics/Pasted_image_20260522112150.png  used on input li
ne 130.
(pdftex.def)             Requested size: 209.97983pt x 218.7058pt.
<Pics/Pasted_image_20260522112201.png, id=2682, 435.12563pt x 453.19313pt>
File: Pics/Pasted_image_20260522112201.png Graphic file (type png)
<use Pics/Pasted_image_20260522112201.png>
Package pdftex.def Info: Pics/Pasted_image_20260522112201.png  used on input li
ne 130.
(pdftex.def)             Requested size: 209.97983pt x 218.7058pt.
<Pics/Pasted_image_20260522112829.png, id=2683, 670.00313pt x 376.40625pt>
File: Pics/Pasted_image_20260522112829.png Graphic file (type png)
<use Pics/Pasted_image_20260522112829.png>
Package pdftex.def Info: Pics/Pasted_image_20260522112829.png  used on input li
ne 147.
(pdftex.def)             Requested size: 279.97786pt x 157.2912pt.
 [22 <./Pics/Pasted_image_20260522112124.png> <./Pics/Pasted_image_202605221121
39.png> <./Pics/Pasted_image_20260522112150.png> <./Pics/Pasted_image_202605221
12201.png>]
<Pics/Pasted_image_20260522112843.png, id=2693, 670.00313pt x 376.40625pt>
File: Pics/Pasted_image_20260522112843.png Graphic file (type png)
<use Pics/Pasted_image_20260522112843.png>
Package pdftex.def Info: Pics/Pasted_image_20260522112843.png  used on input li
ne 150.
(pdftex.def)             Requested size: 457.29053pt x 256.90053pt.
<Pics/Pasted_image_20260522112853.png, id=2694, 670.00313pt x 376.40625pt>
File: Pics/Pasted_image_20260522112853.png Graphic file (type png)
<use Pics/Pasted_image_20260522112853.png>
Package pdftex.def Info: Pics/Pasted_image_20260522112853.png  used on input li
ne 153.
(pdftex.def)             Requested size: 457.29053pt x 256.90053pt.
<Pics/Pasted_image_20260522112905.png, id=2695, 670.00313pt x 376.40625pt>
File: Pics/Pasted_image_20260522112905.png Graphic file (type png)
<use Pics/Pasted_image_20260522112905.png>
Package pdftex.def Info: Pics/Pasted_image_20260522112905.png  used on input li
ne 158.
(pdftex.def)             Requested size: 457.29053pt x 256.90053pt.
 [23 <./Pics/Pasted_image_20260522112829.png> <./Pics/Pasted_image_202605221128
43.png> <./Pics/Pasted_image_20260522112853.png>]
<Pics/Pasted_image_20260522112914.png, id=2703, 670.00313pt x 376.40625pt>
File: Pics/Pasted_image_20260522112914.png Graphic file (type png)
<use Pics/Pasted_image_20260522112914.png>
Package pdftex.def Info: Pics/Pasted_image_20260522112914.png  used on input li
ne 161.
(pdftex.def)             Requested size: 457.29053pt x 256.90053pt.
<Pics/Pasted_image_20260522112924.png, id=2704, 670.00313pt x 376.40625pt>
File: Pics/Pasted_image_20260522112924.png Graphic file (type png)
<use Pics/Pasted_image_20260522112924.png>
Package pdftex.def Info: Pics/Pasted_image_20260522112924.png  used on input li
ne 166.
(pdftex.def)             Requested size: 457.29053pt x 256.90053pt.
 [24 <./Pics/Pasted_image_20260522112905.png> <./Pics/Pasted_image_202605221129
14.png>]
<Pics/Pasted_image_20260522112934.png, id=2711, 670.00313pt x 376.40625pt>
File: Pics/Pasted_image_20260522112934.png Graphic file (type png)
<use Pics/Pasted_image_20260522112934.png>
Package pdftex.def Info: Pics/Pasted_image_20260522112934.png  used on input li
ne 169.
(pdftex.def)             Requested size: 457.29053pt x 256.90053pt.
<Pics/Pasted_image_20260522113005.png, id=2712, 670.00313pt x 376.40625pt>
File: Pics/Pasted_image_20260522113005.png Graphic file (type png)
<use Pics/Pasted_image_20260522113005.png>
Package pdftex.def Info: Pics/Pasted_image_20260522113005.png  used on input li
ne 174.
(pdftex.def)             Requested size: 457.29053pt x 256.90053pt.
 [25 <./Pics/Pasted_image_20260522112924.png> <./Pics/Pasted_image_202605221129
34.png>]
<Pics/Pasted_image_20260522113015.png, id=2719, 670.00313pt x 376.40625pt>
File: Pics/Pasted_image_20260522113015.png Graphic file (type png)
<use Pics/Pasted_image_20260522113015.png>
Package pdftex.def Info: Pics/Pasted_image_20260522113015.png  used on input li
ne 177.
(pdftex.def)             Requested size: 457.29053pt x 256.90053pt.
<Pics/Pasted_image_20260522113034.png, id=2720, 670.00313pt x 376.40625pt>
File: Pics/Pasted_image_20260522113034.png Graphic file (type png)
<use Pics/Pasted_image_20260522113034.png>
Package pdftex.def Info: Pics/Pasted_image_20260522113034.png  used on input li
ne 182.
(pdftex.def)             Requested size: 457.29053pt x 256.90053pt.
 [26 <./Pics/Pasted_image_20260522113005.png> <./Pics/Pasted_image_202605221130
15.png>]
<Pics/Pasted_image_20260522113046.png, id=2728, 670.00313pt x 376.40625pt>
File: Pics/Pasted_image_20260522113046.png Graphic file (type png)
<use Pics/Pasted_image_20260522113046.png>
Package pdftex.def Info: Pics/Pasted_image_20260522113046.png  used on input li
ne 185.
(pdftex.def)             Requested size: 457.29053pt x 256.90053pt.
<Pics/Pasted_image_20260522113058.png, id=2729, 670.00313pt x 376.40625pt>
File: Pics/Pasted_image_20260522113058.png Graphic file (type png)
<use Pics/Pasted_image_20260522113058.png>
Package pdftex.def Info: Pics/Pasted_image_20260522113058.png  used on input li
ne 190.
(pdftex.def)             Requested size: 457.29053pt x 256.90053pt.
 [27 <./Pics/Pasted_image_20260522113034.png> <./Pics/Pasted_image_202605221130
46.png>]
<Pics/Pasted_image_20260522113111.png, id=2736, 670.00313pt x 376.40625pt>
File: Pics/Pasted_image_20260522113111.png Graphic file (type png)
<use Pics/Pasted_image_20260522113111.png>
Package pdftex.def Info: Pics/Pasted_image_20260522113111.png  used on input li
ne 193.
(pdftex.def)             Requested size: 457.29053pt x 256.90053pt.
<Pics/Pasted_image_20260522113120.png, id=2737, 670.00313pt x 376.40625pt>
File: Pics/Pasted_image_20260522113120.png Graphic file (type png)
<use Pics/Pasted_image_20260522113120.png>
Package pdftex.def Info: Pics/Pasted_image_20260522113120.png  used on input li
ne 198.
(pdftex.def)             Requested size: 457.29053pt x 256.90053pt.
 [28 <./Pics/Pasted_image_20260522113058.png> <./Pics/Pasted_image_202605221131
11.png>]
<Pics/Pasted_image_20260522113133.png, id=2744, 670.00313pt x 376.40625pt>
File: Pics/Pasted_image_20260522113133.png Graphic file (type png)
<use Pics/Pasted_image_20260522113133.png>
Package pdftex.def Info: Pics/Pasted_image_20260522113133.png  used on input li
ne 201.
(pdftex.def)             Requested size: 457.29053pt x 256.90053pt.
<Pics/Pasted_image_20260501171132.png, id=2745, 566.115pt x 350.81062pt>
File: Pics/Pasted_image_20260501171132.png Graphic file (type png)
<use Pics/Pasted_image_20260501171132.png>
Package pdftex.def Info: Pics/Pasted_image_20260501171132.png  used on input li
ne 220.
(pdftex.def)             Requested size: 279.97786pt x 173.49922pt.
 [29 <./Pics/Pasted_image_20260522113120.png> <./Pics/Pasted_image_202605221131
33.png>] [30 <./Pics/Pasted_image_20260501171132.png>]
Overfull \hbox (8.52731pt too wide) in paragraph at lines 275--276
[]\T1/lmr/m/n/10.95 In HR, within any re-gion $\OT1/lmr/m/n/10.95 ^^B[]$\T1/lmr
/m/n/10.95 , $\OML/lmm/m/it/10.95 p[]$ \T1/lmr/m/n/10.95 is ap-prox-i-mately co
n-stant $\OMS/lmsy/m/n/10.95 !$ \T1/lmr/m/n/10.95 quan-ti-za-tion er-ror $\OMS/
lmsy/m/n/10.95 ^^X U\OT1/lmr/m/n/10.95 (\OMS/lmsy/m/n/10.95 ^^@\OT1/lmr/m/n/10.
95 ^^A\OML/lmm/m/it/10.95 =\OT1/lmr/m/n/10.95 2\OML/lmm/m/it/10.95 ; \OT1/lmr/m
/n/10.95 ^^A\OML/lmm/m/it/10.95 =\OT1/lmr/m/n/10.95 2)$
 []

[31] [32]
<Pics/Pasted_image_20260501171327.png, id=2775, 190.46156pt x 280.04625pt>
File: Pics/Pasted_image_20260501171327.png Graphic file (type png)
<use Pics/Pasted_image_20260501171327.png>
Package pdftex.def Info: Pics/Pasted_image_20260501171327.png  used on input li
ne 397.
(pdftex.def)             Requested size: 279.97786pt x 411.7143pt.
<Pics/Pasted_image_20260501171341.png, id=2776, 449.42906pt x 97.86563pt>
File: Pics/Pasted_image_20260501171341.png Graphic file (type png)
<use Pics/Pasted_image_20260501171341.png>
Package pdftex.def Info: Pics/Pasted_image_20260501171341.png  used on input li
ne 399.
(pdftex.def)             Requested size: 279.97786pt x 60.96873pt.
 [33 <./Pics/Pasted_image_20260501171327.png> <./Pics/Pasted_image_202605011713
41.png>] [34]
<Pics/Pasted_image_20260501171415.png, id=2787, 698.61pt x 272.51813pt>
File: Pics/Pasted_image_20260501171415.png Graphic file (type png)
<use Pics/Pasted_image_20260501171415.png>
Package pdftex.def Info: Pics/Pasted_image_20260501171415.png  used on input li
ne 505.
(pdftex.def)             Requested size: 279.97786pt x 109.21738pt.
<Pics/Pasted_image_20260501173123.png, id=2788, 702.37407pt x 306.39468pt>
File: Pics/Pasted_image_20260501173123.png Graphic file (type png)
<use Pics/Pasted_image_20260501173123.png>
Package pdftex.def Info: Pics/Pasted_image_20260501173123.png  used on input li
ne 509.
(pdftex.def)             Requested size: 279.97786pt x 122.13493pt.
<Pics/Pasted_image_20260501173135.png, id=2789, 707.64375pt x 306.39468pt>
File: Pics/Pasted_image_20260501173135.png Graphic file (type png)
<use Pics/Pasted_image_20260501173135.png>
Package pdftex.def Info: Pics/Pasted_image_20260501173135.png  used on input li
ne 510.
(pdftex.def)             Requested size: 279.97786pt x 121.22327pt.
 [35 <./Pics/Pasted_image_20260501171415.png> <./Pics/Pasted_image_202605011731
23.png>]
<Pics/Pasted_image_20260501173200.png, id=2797, 707.64375pt x 306.39468pt>
File: Pics/Pasted_image_20260501173200.png Graphic file (type png)
<use Pics/Pasted_image_20260501173200.png>
Package pdftex.def Info: Pics/Pasted_image_20260501173200.png  used on input li
ne 534.
(pdftex.def)             Requested size: 279.97786pt x 121.22327pt.
<Pics/Pasted_image_20260501173211.png, id=2798, 707.64375pt x 306.39468pt>
File: Pics/Pasted_image_20260501173211.png Graphic file (type png)
<use Pics/Pasted_image_20260501173211.png>
Package pdftex.def Info: Pics/Pasted_image_20260501173211.png  used on input li
ne 535.
(pdftex.def)             Requested size: 279.97786pt x 121.22327pt.
<Pics/Pasted_image_20260501173246.png, id=2799, 712.91344pt x 306.39468pt>
File: Pics/Pasted_image_20260501173246.png Graphic file (type png)
<use Pics/Pasted_image_20260501173246.png>
Package pdftex.def Info: Pics/Pasted_image_20260501173246.png  used on input li
ne 540.
(pdftex.def)             Requested size: 279.97786pt x 120.32562pt.
 [36 <./Pics/Pasted_image_20260501173135.png> <./Pics/Pasted_image_202605011732
00.png> <./Pics/Pasted_image_20260501173211.png>]
<Pics/Pasted_image_20260501173300.png, id=2808, 712.91344pt x 306.39468pt>
File: Pics/Pasted_image_20260501173300.png Graphic file (type png)
<use Pics/Pasted_image_20260501173300.png>
Package pdftex.def Info: Pics/Pasted_image_20260501173300.png  used on input li
ne 562.
(pdftex.def)             Requested size: 279.97786pt x 120.32562pt.
[37 <./Pics/Pasted_image_20260501173246.png> <./Pics/Pasted_image_2026050117330
0.png>]
<Pics/Pasted_image_20260501173349.png, id=2817, 447.17062pt x 208.52907pt>
File: Pics/Pasted_image_20260501173349.png Graphic file (type png)
<use Pics/Pasted_image_20260501173349.png>
Package pdftex.def Info: Pics/Pasted_image_20260501173349.png  used on input li
ne 590.
(pdftex.def)             Requested size: 279.97786pt x 130.5658pt.
<Pics/Pasted_image_20260501173405.png, id=2818, 557.08125pt x 250.68657pt>
File: Pics/Pasted_image_20260501173405.png Graphic file (type png)
<use Pics/Pasted_image_20260501173405.png>
Package pdftex.def Info: Pics/Pasted_image_20260501173405.png  used on input li
ne 600.
(pdftex.def)             Requested size: 279.97786pt x 125.99324pt.
<Pics/Pasted_image_20260501173437.png, id=2819, 706.13812pt x 250.68657pt>
File: Pics/Pasted_image_20260501173437.png Graphic file (type png)
<use Pics/Pasted_image_20260501173437.png>
Package pdftex.def Info: Pics/Pasted_image_20260501173437.png  used on input li
ne 604.
(pdftex.def)             Requested size: 279.97786pt x 99.39305pt.
<Pics/Pasted_image_20260501173447.png, id=2820, 706.13812pt x 250.68657pt>
File: Pics/Pasted_image_20260501173447.png Graphic file (type png)
<use Pics/Pasted_image_20260501173447.png>
Package pdftex.def Info: Pics/Pasted_image_20260501173447.png  used on input li
ne 605.
(pdftex.def)             Requested size: 279.97786pt x 99.39305pt.
 [38 <./Pics/Pasted_image_20260501173349.png> <./Pics/Pasted_image_202605011734
05.png> <./Pics/Pasted_image_20260501173437.png>]) [39 <./Pics/Pasted_image_202
60501173447.png>] (./chapters/03.tex
Chapter 3.
<Pics/Pasted_image_20260501174916.png, id=2840, 672.26157pt x 161.10187pt>
File: Pics/Pasted_image_20260501174916.png Graphic file (type png)
<use Pics/Pasted_image_20260501174916.png>
Package pdftex.def Info: Pics/Pasted_image_20260501174916.png  used on input li
ne 22.
(pdftex.def)             Requested size: 279.97786pt x 67.09447pt.
[40


 <./Pics/Pasted_image_20260501174916.png>] [41]
<Pics/Pasted_image_20260501175049.png, id=2857, 381.67593pt x 295.85532pt>
File: Pics/Pasted_image_20260501175049.png Graphic file (type png)
<use Pics/Pasted_image_20260501175049.png>
Package pdftex.def Info: Pics/Pasted_image_20260501175049.png  used on input li
ne 122.
(pdftex.def)             Requested size: 279.97786pt x 217.03345pt.
 [42 <./Pics/Pasted_image_20260501175049.png>]
<Pics/Pasted_image_20260522113842.png, id=2863, 543.53062pt x 274.02374pt>
File: Pics/Pasted_image_20260522113842.png Graphic file (type png)
<use Pics/Pasted_image_20260522113842.png>
Package pdftex.def Info: Pics/Pasted_image_20260522113842.png  used on input li
ne 204.
(pdftex.def)             Requested size: 279.97786pt x 141.15933pt.
 [43 <./Pics/Pasted_image_20260522113842.png>]
<Pics/Pasted_image_20260522113926.png, id=2869, 836.3747pt x 274.02374pt>
File: Pics/Pasted_image_20260522113926.png Graphic file (type png)
<use Pics/Pasted_image_20260522113926.png>
Package pdftex.def Info: Pics/Pasted_image_20260522113926.png  used on input li
ne 225.
(pdftex.def)             Requested size: 269.01479pt x 88.14096pt.
<Pics/Pasted_image_20260522113942.png, id=2870, 836.3747pt x 312.41719pt>
File: Pics/Pasted_image_20260522113942.png Graphic file (type png)
<use Pics/Pasted_image_20260522113942.png>
Package pdftex.def Info: Pics/Pasted_image_20260522113942.png  used on input li
ne 226.
(pdftex.def)             Requested size: 269.01479pt x 100.49037pt.
<Pics/Pasted_image_20260522113958.png, id=2871, 836.3747pt x 312.41719pt>
File: Pics/Pasted_image_20260522113958.png Graphic file (type png)
<use Pics/Pasted_image_20260522113958.png>
Package pdftex.def Info: Pics/Pasted_image_20260522113958.png  used on input li
ne 227.
(pdftex.def)             Requested size: 269.01479pt x 100.49037pt.
<Pics/Pasted_image_20260522114010.png, id=2872, 836.3747pt x 312.41719pt>
File: Pics/Pasted_image_20260522114010.png Graphic file (type png)
<use Pics/Pasted_image_20260522114010.png>
Package pdftex.def Info: Pics/Pasted_image_20260522114010.png  used on input li
ne 228.
(pdftex.def)             Requested size: 269.01479pt x 100.49037pt.
<Pics/Pasted_image_20260522114025.png, id=2873, 836.3747pt x 312.41719pt>
File: Pics/Pasted_image_20260522114025.png Graphic file (type png)
<use Pics/Pasted_image_20260522114025.png>
Package pdftex.def Info: Pics/Pasted_image_20260522114025.png  used on input li
ne 229.
(pdftex.def)             Requested size: 269.01479pt x 100.49037pt.
 [44 <./Pics/Pasted_image_20260522113926.png> <./Pics/Pasted_image_202605221139
42.png> <./Pics/Pasted_image_20260522113958.png> <./Pics/Pasted_image_202605221
14010.png>]
[45 <./Pics/Pasted_image_20260522114025.png>]
LaTeX Font Info:    Trying to load font information for T1+lmtt on input line 2
91.

(/opt/texlive/2025/texmf-dist/tex/latex/lm/t1lmtt.fd
File: t1lmtt.fd 2015/05/01 v1.6.1 Font defs for Latin Modern
)
<Pics/Pasted_image_20260522114157.png, id=2891, 325.96782pt x 312.41719pt>
File: Pics/Pasted_image_20260522114157.png Graphic file (type png)
<use Pics/Pasted_image_20260522114157.png>
Package pdftex.def Info: Pics/Pasted_image_20260522114157.png  used on input li
ne 320.
(pdftex.def)             Requested size: 214.65063pt x 205.73357pt.
<Pics/Pasted_image_20260522114218.png, id=2892, 325.96782pt x 312.41719pt>
File: Pics/Pasted_image_20260522114218.png Graphic file (type png)
<use Pics/Pasted_image_20260522114218.png>
Package pdftex.def Info: Pics/Pasted_image_20260522114218.png  used on input li
ne 320.
(pdftex.def)             Requested size: 214.65063pt x 205.73357pt.
<Pics/Pasted_image_20260522123825.png, id=2893, 459.96844pt x 329.73187pt>
File: Pics/Pasted_image_20260522123825.png Graphic file (type png)
<use Pics/Pasted_image_20260522123825.png>
Package pdftex.def Info: Pics/Pasted_image_20260522123825.png  used on input li
ne 361.
(pdftex.def)             Requested size: 269.01479pt x 192.85461pt.
<Pics/Pasted_image_20260522123948.png, id=2894, 677.53125pt x 377.15906pt>
File: Pics/Pasted_image_20260522123948.png Graphic file (type png)
<use Pics/Pasted_image_20260522123948.png>
Package pdftex.def Info: Pics/Pasted_image_20260522123948.png  used on input li
ne 366.
(pdftex.def)             Requested size: 269.01479pt x 149.756pt.
<Pics/Pasted_image_20260522124015.png, id=2895, 677.53125pt x 377.15906pt>
File: Pics/Pasted_image_20260522124015.png Graphic file (type png)
<use Pics/Pasted_image_20260522124015.png>
Package pdftex.def Info: Pics/Pasted_image_20260522124015.png  used on input li
ne 369.
(pdftex.def)             Requested size: 269.01479pt x 149.756pt.
<Pics/Pasted_image_20260522124028.png, id=2896, 677.53125pt x 377.15906pt>
File: Pics/Pasted_image_20260522124028.png Graphic file (type png)
<use Pics/Pasted_image_20260522124028.png>
Package pdftex.def Info: Pics/Pasted_image_20260522124028.png  used on input li
ne 372.
(pdftex.def)             Requested size: 269.01479pt x 149.756pt.
<Pics/Pasted_image_20260522124215.png, id=2897, 798.73407pt x 285.31593pt>
File: Pics/Pasted_image_20260522124215.png Graphic file (type png)
<use Pics/Pasted_image_20260522124215.png>
Package pdftex.def Info: Pics/Pasted_image_20260522124215.png  used on input li
ne 432.
(pdftex.def)             Requested size: 269.01479pt x 96.09624pt.
<Pics/Pasted_image_20260522124323.png, id=2898, 798.73407pt x 285.31593pt>
File: Pics/Pasted_image_20260522124323.png Graphic file (type png)
<use Pics/Pasted_image_20260522124323.png>
Package pdftex.def Info: Pics/Pasted_image_20260522124323.png  used on input li
ne 514.
(pdftex.def)             Requested size: 269.01479pt x 96.09624pt.
 [46 <./Pics/Pasted_image_20260522114157.png> <./Pics/Pasted_image_202605221142
18.png>] [47 <./Pics/Pasted_image_20260522123825.png> <./Pics/Pasted_image_2026
0522123948.png>] [48 <./Pics/Pasted_image_20260522124015.png> <./Pics/Pasted_im
age_20260522124028.png>]
[49 <./Pics/Pasted_image_20260522124215.png>] [50 <./Pics/Pasted_image_20260522
124323.png>]
<Pics/Pasted_image_20260522124452.png, id=2934, 785.93625pt x 297.36093pt>
File: Pics/Pasted_image_20260522124452.png Graphic file (type png)
<use Pics/Pasted_image_20260522124452.png>
Package pdftex.def Info: Pics/Pasted_image_20260522124452.png  used on input li
ne 551.
(pdftex.def)             Requested size: 279.97786pt x 105.93365pt.
 [51 <./Pics/Pasted_image_20260522124452.png>] [52]
Overfull \hbox (13.77435pt too wide) in paragraph at lines 696--744
\T1/lmr/m/n/10.95 20260522130420.png]] >![[Pasted im-age 20260522130430.png]] >
![[Pasted im-age 20260522130441.png]]
 []

[53] [54]
<Pics/Pasted_image_20260501180155.png, id=2959, 715.92468pt x 295.1025pt>
File: Pics/Pasted_image_20260501180155.png Graphic file (type png)
<use Pics/Pasted_image_20260501180155.png>
Package pdftex.def Info: Pics/Pasted_image_20260501180155.png  used on input li
ne 860.
(pdftex.def)             Requested size: 279.97786pt x 115.40471pt.
 [55 <./Pics/Pasted_image_20260501180155.png>]
<Pics/Pasted_image_20260501180238.png, id=2965, 325.96782pt x 205.5178pt>
File: Pics/Pasted_image_20260501180238.png Graphic file (type png)
<use Pics/Pasted_image_20260501180238.png>
Package pdftex.def Info: Pics/Pasted_image_20260501180238.png  used on input li
ne 889.
(pdftex.def)             Requested size: 279.97786pt x 176.5349pt.
<Pics/Pasted_image_20260501180316.png, id=2966, 319.1925pt x 199.49532pt>
File: Pics/Pasted_image_20260501180316.png Graphic file (type png)
<use Pics/Pasted_image_20260501180316.png>
Package pdftex.def Info: Pics/Pasted_image_20260501180316.png  used on input li
ne 902.
(pdftex.def)             Requested size: 279.97786pt x 174.98717pt.
 [56 <./Pics/Pasted_image_20260501180238.png> <./Pics/Pasted_image_202605011803
16.png>] [57]
Overfull \hbox (133.50963pt too wide) in paragraph at lines 1023--1031
 [] 
 []

[58]
Overfull \hbox (103.37817pt too wide) in paragraph at lines 1059--1068
 [] 
 []


Overfull \hbox (70.1118pt too wide) in paragraph at lines 1079--1087
 [] 
 []

) [59] (./chapters/04.tex
Chapter 4.
[60


] [61]
<Pics/Pasted_image_20260501180944.png, id=3006, 400.49625pt x 152.82094pt>
File: Pics/Pasted_image_20260501180944.png Graphic file (type png)
<use Pics/Pasted_image_20260501180944.png>
Package pdftex.def Info: Pics/Pasted_image_20260501180944.png  used on input li
ne 125.
(pdftex.def)             Requested size: 279.97786pt x 106.83865pt.
 [62 <./Pics/Pasted_image_20260501180944.png>]
<Pics/Pasted_image_20260501181043.png, id=3015, 219.82124pt x 192.72pt>
File: Pics/Pasted_image_20260501181043.png Graphic file (type png)
<use Pics/Pasted_image_20260501181043.png>
Package pdftex.def Info: Pics/Pasted_image_20260501181043.png  used on input li
ne 185.
(pdftex.def)             Requested size: 451.6941pt x 396.01953pt.
 [63]
<Pics/Pasted_image_20260501181202.png, id=3021, 257.46187pt x 134.75343pt>
File: Pics/Pasted_image_20260501181202.png Graphic file (type png)
<use Pics/Pasted_image_20260501181202.png>
Package pdftex.def Info: Pics/Pasted_image_20260501181202.png  used on input li
ne 197.
(pdftex.def)             Requested size: 279.97786pt x 146.55139pt.
 [64 <./Pics/Pasted_image_20260501181043.png> <./Pics/Pasted_image_202605011812
02.png>]
<Pics/Pasted_image_20260522110626.png, id=3028, 420.82219pt x 316.18124pt>
File: Pics/Pasted_image_20260522110626.png Graphic file (type png)
<use Pics/Pasted_image_20260522110626.png>
Package pdftex.def Info: Pics/Pasted_image_20260522110626.png  used on input li
ne 218.
(pdftex.def)             Requested size: 221.64973pt x 166.53798pt.
<Pics/Pasted_image_20260522110639.png, id=3029, 420.82219pt x 341.77687pt>
File: Pics/Pasted_image_20260522110639.png Graphic file (type png)
<use Pics/Pasted_image_20260522110639.png>
Package pdftex.def Info: Pics/Pasted_image_20260522110639.png  used on input li
ne 218.
(pdftex.def)             Requested size: 221.64973pt x 180.01962pt.
<Pics/Pasted_image_20260522110653.png, id=3030, 536.0025pt x 222.07968pt>
File: Pics/Pasted_image_20260522110653.png Graphic file (type png)
<use Pics/Pasted_image_20260522110653.png>
Package pdftex.def Info: Pics/Pasted_image_20260522110653.png  used on input li
ne 222.
(pdftex.def)             Requested size: 233.31252pt x 96.66487pt.
<Pics/Pasted_image_20260522110705.png, id=3031, 383.93437pt x 344.78813pt>
File: Pics/Pasted_image_20260522110705.png Graphic file (type png)
<use Pics/Pasted_image_20260522110705.png>
Package pdftex.def Info: Pics/Pasted_image_20260522110705.png  used on input li
ne 222.
(pdftex.def)             Requested size: 233.31252pt x 209.52603pt.
 [65 <./Pics/Pasted_image_20260522110626.png> <./Pics/Pasted_image_202605221106
39.png> <./Pics/Pasted_image_20260522110653.png> <./Pics/Pasted_image_202605221
10705.png>] [66]

LaTeX Warning: Command \textbackslash invalid in math mode on input line 320.


LaTeX Warning: Command \textasciicircum invalid in math mode on input line 320.



LaTeX Warning: Command \textbackslash invalid in math mode on input line 320.


LaTeX Warning: Command \textasciicircum invalid in math mode on input line 320.



LaTeX Warning: Command \textbackslash invalid in math mode on input line 320.


LaTeX Warning: Command \textbackslash invalid in math mode on input line 320.


LaTeX Warning: Command \textasciicircum invalid in math mode on input line 320.



LaTeX Warning: Command \textbackslash invalid in math mode on input line 320.


LaTeX Warning: Command \textasciicircum invalid in math mode on input line 320.


<Pics/Pasted_image_20260501181646.png, id=3051, 648.17157pt x 298.86656pt>
File: Pics/Pasted_image_20260501181646.png Graphic file (type png)
<use Pics/Pasted_image_20260501181646.png>
Package pdftex.def Info: Pics/Pasted_image_20260501181646.png  used on input li
ne 327.
(pdftex.def)             Requested size: 279.97786pt x 129.09383pt.
[67 <./Pics/Pasted_image_20260501181646.png>]
<Pics/Pasted_image_20260501182052.png, id=3061, 549.55313pt x 298.86656pt>
File: Pics/Pasted_image_20260501182052.png Graphic file (type png)
<use Pics/Pasted_image_20260501182052.png>
Package pdftex.def Info: Pics/Pasted_image_20260501182052.png  used on input li
ne 396.
(pdftex.def)             Requested size: 279.97786pt x 152.26486pt.
 [68]
<Pics/Pasted_image_20260501182128.png, id=3067, 705.38531pt x 219.82124pt>
File: Pics/Pasted_image_20260501182128.png Graphic file (type png)
<use Pics/Pasted_image_20260501182128.png>
Package pdftex.def Info: Pics/Pasted_image_20260501182128.png  used on input li
ne 402.
(pdftex.def)             Requested size: 279.97786pt x 87.24937pt.
<Pics/Pasted_image_20260501182154.png, id=3068, 517.18219pt x 256.70906pt>
File: Pics/Pasted_image_20260501182154.png Graphic file (type png)
<use Pics/Pasted_image_20260501182154.png>
Package pdftex.def Info: Pics/Pasted_image_20260501182154.png  used on input li
ne 406.
(pdftex.def)             Requested size: 279.97786pt x 138.97336pt.
<Pics/Pasted_image_20260501182310.png, id=3069, 712.91344pt x 208.52907pt>
File: Pics/Pasted_image_20260501182310.png Graphic file (type png)
<use Pics/Pasted_image_20260501182310.png>
Package pdftex.def Info: Pics/Pasted_image_20260501182310.png  used on input li
ne 412.
(pdftex.def)             Requested size: 279.97786pt x 81.89238pt.
 [69 <./Pics/Pasted_image_20260501182052.png> <./Pics/Pasted_image_202605011821
28.png> <./Pics/Pasted_image_20260501182154.png>]
<Pics/Pasted_image_20260501182505.png, id=3078, 366.61969pt x 296.60812pt>
File: Pics/Pasted_image_20260501182505.png Graphic file (type png)
<use Pics/Pasted_image_20260501182505.png>
Package pdftex.def Info: Pics/Pasted_image_20260501182505.png  used on input li
ne 426.
(pdftex.def)             Requested size: 279.97786pt x 226.52429pt.
<Pics/Pasted_image_20260501182538.png, id=3079, 743.77875pt x 255.20343pt>
File: Pics/Pasted_image_20260501182538.png Graphic file (type png)
<use Pics/Pasted_image_20260501182538.png>
Package pdftex.def Info: Pics/Pasted_image_20260501182538.png  used on input li
ne 443.
(pdftex.def)             Requested size: 279.97786pt x 96.0671pt.
 [70 <./Pics/Pasted_image_20260501182310.png> <./Pics/Pasted_image_202605011825
05.png>]
<Pics/Pasted_image_20260522104346.png, id=3086, 392.96812pt x 313.17pt>
File: Pics/Pasted_image_20260522104346.png Graphic file (type png)
<use Pics/Pasted_image_20260522104346.png>
Package pdftex.def Info: Pics/Pasted_image_20260522104346.png  used on input li
ne 454.
(pdftex.def)             Requested size: 279.97786pt x 223.1407pt.
<Pics/Pasted_image_20260522104420.png, id=3087, 670.00313pt x 198.7425pt>
File: Pics/Pasted_image_20260522104420.png Graphic file (type png)
<use Pics/Pasted_image_20260522104420.png>
Package pdftex.def Info: Pics/Pasted_image_20260522104420.png  used on input li
ne 465.
(pdftex.def)             Requested size: 279.97786pt x 83.04974pt.
 [71 <./Pics/Pasted_image_20260501182538.png> <./Pics/Pasted_image_202605221043
46.png> <./Pics/Pasted_image_20260522104420.png>]
<Pics/Pasted_image_20260501182627.png, id=3095, 463.7325pt x 168.63pt>
File: Pics/Pasted_image_20260501182627.png Graphic file (type png)
<use Pics/Pasted_image_20260501182627.png>
Package pdftex.def Info: Pics/Pasted_image_20260501182627.png  used on input li
ne 501.
(pdftex.def)             Requested size: 279.97786pt x 101.81175pt.

[72 <./Pics/Pasted_image_20260501182627.png>]
<Pics/Pasted_image_20260522104710.png, id=3110, 597.73312pt x 198.7425pt>
File: Pics/Pasted_image_20260522104710.png Graphic file (type png)
<use Pics/Pasted_image_20260522104710.png>
Package pdftex.def Info: Pics/Pasted_image_20260522104710.png  used on input li
ne 553.
(pdftex.def)             Requested size: 279.97786pt x 93.09056pt.
 [73 <./Pics/Pasted_image_20260522104710.png>] [74]
<Pics/Pasted_image_20260501182720.png, id=3121, 265.74281pt x 217.5628pt>
File: Pics/Pasted_image_20260501182720.png Graphic file (type png)
<use Pics/Pasted_image_20260501182720.png>
Package pdftex.def Info: Pics/Pasted_image_20260501182720.png  used on input li
ne 638.
(pdftex.def)             Requested size: 279.97786pt x 229.23445pt.
 [75 <./Pics/Pasted_image_20260501182720.png>]
Overfull \hbox (10.98306pt too wide) in paragraph at lines 697--698
[]\T1/lmr/bx/n/10.95 Final bit-stream: \T1/lmtt/m/n/10.95 011001101010001011111
1001100011100111101010000111011011101001010
 []

<Pics/Pasted_image_20260522104858.png, id=3128, 611.28375pt x 288.3272pt>
File: Pics/Pasted_image_20260522104858.png Graphic file (type png)
<use Pics/Pasted_image_20260522104858.png>
Package pdftex.def Info: Pics/Pasted_image_20260522104858.png  used on input li
ne 715.
(pdftex.def)             Requested size: 279.97786pt x 132.05577pt.
[76 <./Pics/Pasted_image_20260522104858.png>]
<Pics/Pasted_image_20260522105656.png, id=3135, 410.2828pt x 416.30531pt>
File: Pics/Pasted_image_20260522105656.png Graphic file (type png)
<use Pics/Pasted_image_20260522105656.png>
Package pdftex.def Info: Pics/Pasted_image_20260522105656.png  used on input li
ne 750.
(pdftex.def)             Requested size: 147.92076pt x 150.09212pt.
<Pics/Pasted_image_20260522105711.png, id=3136, 410.2828pt x 416.30531pt>
File: Pics/Pasted_image_20260522105711.png Graphic file (type png)
<use Pics/Pasted_image_20260522105711.png>
Package pdftex.def Info: Pics/Pasted_image_20260522105711.png  used on input li
ne 750.
(pdftex.def)             Requested size: 147.92076pt x 150.09212pt.
<Pics/Pasted_image_20260522105725.png, id=3137, 410.2828pt x 416.30531pt>
File: Pics/Pasted_image_20260522105725.png Graphic file (type png)
<use Pics/Pasted_image_20260522105725.png>
Package pdftex.def Info: Pics/Pasted_image_20260522105725.png  used on input li
ne 750.
(pdftex.def)             Requested size: 147.92076pt x 150.09212pt.
<Pics/Pasted_image_20260522105736.png, id=3138, 410.2828pt x 416.30531pt>
File: Pics/Pasted_image_20260522105736.png Graphic file (type png)
<use Pics/Pasted_image_20260522105736.png>
Package pdftex.def Info: Pics/Pasted_image_20260522105736.png  used on input li
ne 754.
(pdftex.def)             Requested size: 147.92076pt x 150.09212pt.
<Pics/Pasted_image_20260522110011.png, id=3139, 410.2828pt x 416.30531pt>
File: Pics/Pasted_image_20260522110011.png Graphic file (type png)
<use Pics/Pasted_image_20260522110011.png>
Package pdftex.def Info: Pics/Pasted_image_20260522110011.png  used on input li
ne 754.
(pdftex.def)             Requested size: 147.92076pt x 150.09212pt.
<Pics/Pasted_image_20260522110044.png, id=3140, 410.2828pt x 416.30531pt>
File: Pics/Pasted_image_20260522110044.png Graphic file (type png)
<use Pics/Pasted_image_20260522110044.png>
Package pdftex.def Info: Pics/Pasted_image_20260522110044.png  used on input li
ne 754.
(pdftex.def)             Requested size: 147.92076pt x 150.09212pt.
 [77 <./Pics/Pasted_image_20260522105656.png> <./Pics/Pasted_image_202605221057
11.png> <./Pics/Pasted_image_20260522105725.png> <./Pics/Pasted_image_202605221
05736.png> <./Pics/Pasted_image_20260522110011.png> <./Pics/Pasted_image_202605
22110044.png>]
Overfull \hbox (10.51985pt too wide) in paragraph at lines 776--776
[]        \T1/lmtt/m/n/10.95 +-- Frequency Transforms -> fixed basis, O(N log N
), near-optimal for AR(1)[] 
 []


Overfull \hbox (23.73503pt too wide) in paragraph at lines 802--818
 [] 
 []

) [78] (./chapters/05.tex
Chapter 5.
<Pics/Pasted_image_20260522131150.png, id=3155, 618.05907pt x 282.30469pt>
File: Pics/Pasted_image_20260522131150.png Graphic file (type png)
<use Pics/Pasted_image_20260522131150.png>
Package pdftex.def Info: Pics/Pasted_image_20260522131150.png  used on input li
ne 42.
(pdftex.def)             Requested size: 221.64973pt x 101.24191pt.
<Pics/Pasted_image_20260522131213.png, id=3156, 618.05907pt x 282.30469pt>
File: Pics/Pasted_image_20260522131213.png Graphic file (type png)
<use Pics/Pasted_image_20260522131213.png>
Package pdftex.def Info: Pics/Pasted_image_20260522131213.png  used on input li
ne 42.
(pdftex.def)             Requested size: 221.64973pt x 101.24191pt.
<Pics/Pasted_image_20260522131257.png, id=3157, 618.05907pt x 282.30469pt>
File: Pics/Pasted_image_20260522131257.png Graphic file (type png)
<use Pics/Pasted_image_20260522131257.png>
Package pdftex.def Info: Pics/Pasted_image_20260522131257.png  used on input li
ne 46.
(pdftex.def)             Requested size: 221.64973pt x 101.24191pt.
<Pics/Pasted_image_20260522131317.png, id=3158, 618.05907pt x 282.30469pt>
File: Pics/Pasted_image_20260522131317.png Graphic file (type png)
<use Pics/Pasted_image_20260522131317.png>
Package pdftex.def Info: Pics/Pasted_image_20260522131317.png  used on input li
ne 46.
(pdftex.def)             Requested size: 221.64973pt x 101.24191pt.
[79


 <./Pics/Pasted_image_20260522131150.png> <./Pics/Pasted_image_20260522131213.p
ng>]
<Pics/Pasted_image_20260522131505.png, id=3165, 289.83281pt x 282.30469pt>
