\BOOKMARK [0][-]{chapter.1}{\376\377\000I\000n\000t\000r\000o\000d\000u\000c\000t\000i\000o\000n\000\040\000t\000o\000\040\000M\000u\000l\000t\000i\000m\000e\000d\000i\000a\000\040\000C\000o\000m\000p\000r\000e\000s\000s\000i\000o\000n}{}% 1
\BOOKMARK [1][-]{section.1.1}{\376\377\000T\000a\000b\000l\000e\000\040\000o\000f\000\040\000C\000o\000n\000t\000e\000n\000t\000s}{chapter.1}% 2
\BOOKMARK [1][-]{section.1.2}{\376\377\000C\000o\000r\000e\000\040\000I\000d\000e\000a}{chapter.1}% 3
\BOOKMARK [1][-]{section.1.3}{\376\377\000K\000e\000y\000\040\000C\000o\000n\000c\000e\000p\000t\000s}{chapter.1}% 4
\BOOKMARK [2][-]{subsection.1.3.1}{\376\377\000M\000u\000l\000t\000i\000m\000e\000d\000i\000a\000\040\000R\000e\000p\000r\000e\000s\000e\000n\000t\000a\000t\000i\000o\000n}{section.1.3}% 5
\BOOKMARK [2][-]{subsection.1.3.2}{\376\377\000H\000u\000m\000a\000n\000\040\000V\000i\000s\000u\000a\000l\000\040\000S\000y\000s\000t\000e\000m}{section.1.3}% 6
\BOOKMARK [2][-]{subsection.1.3.3}{\376\377\000C\000o\000l\000o\000r\000\040\000P\000e\000r\000c\000e\000p\000t\000i\000o\000n\000\040\000a\000n\000d\000\040\000C\000o\000l\000o\000r\000\040\000S\000p\000a\000c\000e\000s}{section.1.3}% 7
\BOOKMARK [2][-]{subsection.1.3.4}{\376\377\000S\000o\000u\000n\000d\000\040\000P\000e\000r\000c\000e\000p\000t\000i\000o\000n}{section.1.3}% 8
\BOOKMARK [2][-]{subsection.1.3.5}{\376\377\000C\000h\000r\000o\000m\000a\000\040\000S\000u\000b\000s\000a\000m\000p\000l\000i\000n\000g}{section.1.3}% 9
\BOOKMARK [2][-]{subsection.1.3.6}{\376\377\000C\000o\000m\000p\000r\000e\000s\000s\000i\000o\000n\000\040\000T\000o\000o\000l\000s}{section.1.3}% 10
\BOOKMARK [2][-]{subsection.1.3.7}{\376\377\000L\000o\000s\000s\000l\000e\000s\000s\000\040\000v\000s\000.\000\040\000L\000o\000s\000s\000y\000\040\000C\000o\000m\000p\000r\000e\000s\000s\000i\000o\000n}{section.1.3}% 11
\BOOKMARK [2][-]{subsection.1.3.8}{\376\377\000M\000a\000c\000h\000i\000n\000e\000-\000C\000e\000n\000t\000r\000i\000c\000\040\000M\000u\000l\000t\000i\000m\000e\000d\000i\000a}{section.1.3}% 12
\BOOKMARK [1][-]{section.1.4}{\376\377\000T\000h\000e\000o\000r\000y\000\040\000a\000n\000d\000\040\000F\000o\000r\000m\000u\000l\000a\000s}{chapter.1}% 13
\BOOKMARK [2][-]{subsection.1.4.1}{\376\377\000Q\000u\000a\000n\000t\000i\000z\000a\000t\000i\000o\000n\000\040\000a\000n\000d\000\040\000B\000i\000t\000\040\000D\000e\000p\000t\000h}{section.1.4}% 14
\BOOKMARK [2][-]{subsection.1.4.2}{\376\377\000R\000a\000t\000e\000\040\000a\000n\000d\000\040\000C\000o\000m\000p\000r\000e\000s\000s\000i\000o\000n\000\040\000R\000a\000t\000i\000o}{section.1.4}% 15
\BOOKMARK [2][-]{subsection.1.4.3}{\376\377\000O\000b\000j\000e\000c\000t\000i\000v\000e\000\040\000Q\000u\000a\000l\000i\000t\000y\000\040\000M\000e\000t\000r\000i\000c\000s}{section.1.4}% 16
\BOOKMARK [2][-]{subsection.1.4.4}{\376\377\000S\000S\000I\000M}{section.1.4}% 17
\BOOKMARK [2][-]{subsection.1.4.5}{\376\377\000L\000e\000a\000r\000n\000e\000d\000\040\000P\000e\000r\000c\000e\000p\000t\000u\000a\000l\000\040\000M\000e\000t\000r\000i\000c\000s}{section.1.4}% 18
\BOOKMARK [2][-]{subsection.1.4.6}{\376\377\000S\000u\000b\000j\000e\000c\000t\000i\000v\000e\000\040\000Q\000u\000a\000l\000i\000t\000y}{section.1.4}% 19
\BOOKMARK [2][-]{subsection.1.4.7}{\376\377\000C\000o\000m\000p\000l\000e\000x\000i\000t\000y\000,\000\040\000D\000e\000l\000a\000y\000,\000\040\000a\000n\000d\000\040\000R\000o\000b\000u\000s\000t\000n\000e\000s\000s}{section.1.4}% 20
\BOOKMARK [1][-]{section.1.5}{\376\377\000V\000i\000s\000u\000a\000l\000\040\000S\000c\000h\000e\000m\000e\000s}{chapter.1}% 21
\BOOKMARK [2][-]{subsection.1.5.1}{\376\377\000V\000i\000s\000u\000a\000l\000\040\000a\000n\000d\000\040\000A\000u\000d\000i\000t\000o\000r\000y\000\040\000P\000e\000r\000c\000e\000p\000t\000i\000o\000n}{section.1.5}% 22
\BOOKMARK [2][-]{subsection.1.5.2}{\376\377\000C\000o\000l\000o\000r\000\040\000a\000n\000d\000\040\000C\000h\000r\000o\000m\000a\000\040\000S\000a\000m\000p\000l\000i\000n\000g}{section.1.5}% 23
\BOOKMARK [2][-]{subsection.1.5.3}{\376\377\000C\000o\000m\000p\000r\000e\000s\000s\000i\000o\000n\000\040\000P\000i\000p\000e\000l\000i\000n\000e}{section.1.5}% 24
\BOOKMARK [2][-]{subsection.1.5.4}{\376\377\000Q\000u\000a\000l\000i\000t\000y\000\040\000A\000s\000s\000e\000s\000s\000m\000e\000n\000t\000\040\000C\000h\000a\000i\000n}{section.1.5}% 25
\BOOKMARK [2][-]{subsection.1.5.5}{\376\377\000V\000i\000d\000e\000o\000\040\000P\000e\000r\000c\000e\000p\000t\000i\000o\000n}{section.1.5}% 26
\BOOKMARK [1][-]{section.1.6}{\376\377\000E\000x\000a\000m\000p\000l\000e\000s}{chapter.1}% 27
\BOOKMARK [0][-]{chapter.2}{\376\377\000S\000c\000a\000l\000a\000r\000\040\000a\000n\000d\000\040\000P\000r\000e\000d\000i\000c\000t\000i\000v\000e\000\040\000Q\000u\000a\000n\000t\000i\000z\000a\000t\000i\000o\000n}{}% 28
\BOOKMARK [1][-]{section.2.1}{\376\377\000T\000a\000b\000l\000e\000\040\000o\000f\000\040\000C\000o\000n\000t\000e\000n\000t\000s}{chapter.2}% 29
\BOOKMARK [1][-]{section.2.2}{\376\377\000C\000o\000r\000e\000\040\000I\000d\000e\000a}{chapter.2}% 30
\BOOKMARK [1][-]{section.2.3}{\376\377\000K\000e\000y\000\040\000C\000o\000n\000c\000e\000p\000t\000s}{chapter.2}% 31
\BOOKMARK [2][-]{subsection.2.3.1}{\376\377\000S\000c\000a\000l\000a\000r\000\040\000Q\000u\000a\000n\000t\000i\000z\000e\000r\000\040\000M\000o\000d\000e\000l}{section.2.3}% 32
\BOOKMARK [2][-]{subsection.2.3.2}{\376\377\000U\000n\000i\000f\000o\000r\000m\000\040\000Q\000u\000a\000n\000t\000i\000z\000a\000t\000i\000o\000n}{section.2.3}% 33
\BOOKMARK [2][-]{subsection.2.3.3}{\376\377\000D\000e\000a\000d\000-\000Z\000o\000n\000e}{section.2.3}% 34
\BOOKMARK [2][-]{subsection.2.3.4}{\376\377\000G\000r\000a\000n\000u\000l\000a\000r\000\040\000N\000o\000i\000s\000e\000\040\000v\000s\000.\000\040\000O\000v\000e\000r\000l\000o\000a\000d\000\040\000N\000o\000i\000s\000e}{section.2.3}% 35
\BOOKMARK [2][-]{subsection.2.3.5}{\376\377\000R\000a\000t\000e\000-\000D\000i\000s\000t\000o\000r\000t\000i\000o\000n\000\040\000B\000e\000h\000a\000v\000i\000o\000r}{section.2.3}% 36
\BOOKMARK [2][-]{subsection.2.3.6}{\376\377\000O\000p\000t\000i\000m\000a\000l\000\040\000S\000c\000a\000l\000a\000r\000\040\000Q\000u\000a\000n\000t\000i\000z\000a\000t\000i\000o\000n}{section.2.3}% 37
\BOOKMARK [2][-]{subsection.2.3.7}{\376\377\000P\000r\000e\000d\000i\000c\000t\000i\000v\000e\000\040\000S\000c\000a\000l\000a\000r\000\040\000Q\000u\000a\000n\000t\000i\000z\000a\000t\000i\000o\000n}{section.2.3}% 38
\BOOKMARK [2][-]{subsection.2.3.8}{\376\377\000D\000r\000i\000f\000t\000\040\000P\000r\000o\000b\000l\000e\000m}{section.2.3}% 39
\BOOKMARK [2][-]{subsection.2.3.9}{\376\377\000E\000n\000t\000r\000o\000p\000y\000\040\000C\000o\000d\000i\000n\000g\000\040\000I\000m\000p\000a\000c\000t}{section.2.3}% 40
\BOOKMARK [1][-]{section.2.4}{\376\377\000T\000h\000e\000o\000r\000y\000\040\000a\000n\000d\000\040\000F\000o\000r\000m\000u\000l\000a\000s}{chapter.2}% 41
\BOOKMARK [2][-]{subsection.2.4.1}{\376\377\000U\000Q\000\040\000o\000f\000\040\000a\000\040\000U\000n\000i\000f\000o\000r\000m\000\040\000R\000a\000n\000d\000o\000m\000\040\000V\000a\000r\000i\000a\000b\000l\000e}{section.2.4}% 42
\BOOKMARK [2][-]{subsection.2.4.2}{\376\377\000H\000i\000g\000h\000-\000R\000e\000s\000o\000l\000u\000t\000i\000o\000n\000\040\000U\000Q\000\040\000f\000o\000r\000\040\000a\000\040\000G\000e\000n\000e\000r\000i\000c\000\040\000S\000o\000u\000r\000c\000e}{section.2.4}% 43
\BOOKMARK [2][-]{subsection.2.4.3}{\376\377\000H\000i\000g\000h\000-\000R\000e\000s\000o\000l\000u\000t\000i\000o\000n\000\040\000O\000p\000t\000i\000m\000a\000l\000\040\000S\000c\000a\000l\000a\000r\000\040\000Q\000u\000a\000n\000t\000i\000z\000e\000r}{section.2.4}% 44
\BOOKMARK [2][-]{subsection.2.4.4}{\376\377\000L\000l\000o\000y\000d\000-\000M\000a\000x\000\040\000C\000o\000n\000d\000i\000t\000i\000o\000n\000s}{section.2.4}% 45
\BOOKMARK [2][-]{subsection.2.4.5}{\376\377\000P\000r\000e\000d\000i\000c\000t\000i\000o\000n\000\040\000G\000a\000i\000n}{section.2.4}% 46
\BOOKMARK [2][-]{subsection.2.4.6}{\376\377\000L\000i\000n\000e\000a\000r\000\040\000P\000r\000e\000d\000i\000c\000t\000i\000o\000n\000\040\000a\000n\000d\000\040\000W\000i\000e\000n\000e\000r\000-\000H\000o\000p\000f\000\040\000S\000o\000l\000u\000t\000i\000o\000n}{section.2.4}% 47
\BOOKMARK [2][-]{subsection.2.4.7}{\376\377\000L\000o\000c\000a\000l\000\040\000A\000d\000a\000p\000t\000a\000t\000i\000o\000n\000\040\000a\000n\000d\000\040\000S\000i\000d\000e\000\040\000I\000n\000f\000o\000r\000m\000a\000t\000i\000o\000n}{section.2.4}% 48
\BOOKMARK [1][-]{section.2.5}{\376\377\000V\000i\000s\000u\000a\000l\000\040\000S\000c\000h\000e\000m\000e\000s}{chapter.2}% 49
\BOOKMARK [2][-]{subsection.2.5.1}{\376\377\000S\000c\000a\000l\000a\000r\000\040\000Q\000u\000a\000n\000t\000i\000z\000e\000r\000\040\000S\000t\000r\000u\000c\000t\000u\000r\000e}{section.2.5}% 50
\BOOKMARK [2][-]{subsection.2.5.2}{\376\377\000R\000a\000t\000e\000-\000D\000i\000s\000t\000o\000r\000t\000i\000o\000n\000\040\000a\000n\000d\000\040\000V\000i\000s\000u\000a\000l\000\040\000A\000r\000t\000i\000f\000a\000c\000t\000s}{section.2.5}% 51
\BOOKMARK [2][-]{subsection.2.5.3}{\376\377\000P\000r\000e\000d\000i\000c\000t\000i\000v\000e\000\040\000C\000o\000d\000i\000n\000g\000\040\000S\000c\000h\000e\000m\000e\000s}{section.2.5}% 52
\BOOKMARK [2][-]{subsection.2.5.4}{\376\377\000D\000r\000i\000f\000t\000\040\000a\000n\000d\000\040\000C\000o\000r\000r\000e\000c\000t\000\040\000C\000l\000o\000s\000e\000d\000\040\000L\000o\000o\000p}{section.2.5}% 53
\BOOKMARK [2][-]{subsection.2.5.5}{\376\377\000E\000n\000t\000r\000o\000p\000y\000\040\000C\000o\000d\000i\000n\000g\000\040\000G\000a\000i\000n}{section.2.5}% 54
\BOOKMARK [1][-]{section.2.6}{\376\377\000E\000x\000a\000m\000p\000l\000e\000s}{chapter.2}% 55
\BOOKMARK [0][-]{chapter.3}{\376\377\000L\000o\000s\000s\000l\000e\000s\000s\000\040\000C\000o\000d\000i\000n\000g}{}% 56
\BOOKMARK [1][-]{section.3.1}{\376\377\000T\000a\000b\000l\000e\000\040\000o\000f\000\040\000C\000o\000n\000t\000e\000n\000t\000s}{chapter.3}% 57
\BOOKMARK [1][-]{section.3.2}{\376\377\000C\000o\000r\000e\000\040\000I\000d\000e\000a}{chapter.3}% 58
\BOOKMARK [1][-]{section.3.3}{\376\377\000K\000e\000y\000\040\000C\000o\000n\000c\000e\000p\000t\000s}{chapter.3}% 59
\BOOKMARK [2][-]{subsection.3.3.1}{\376\377\000C\000o\000d\000e\000s\000\040\000a\000n\000d\000\040\000D\000e\000c\000o\000d\000a\000b\000i\000l\000i\000t\000y}{section.3.3}% 60
\BOOKMARK [2][-]{subsection.3.3.2}{\376\377\000I\000n\000f\000o\000r\000m\000a\000t\000i\000o\000n\000\040\000a\000n\000d\000\040\000E\000n\000t\000r\000o\000p\000y}{section.3.3}% 61
\BOOKMARK [2][-]{subsection.3.3.3}{\376\377\000J\000o\000i\000n\000t\000\040\000a\000n\000d\000\040\000C\000o\000n\000d\000i\000t\000i\000o\000n\000a\000l\000\040\000E\000n\000t\000r\000o\000p\000y}{section.3.3}% 62
\BOOKMARK [2][-]{subsection.3.3.4}{\376\377\000M\000a\000x\000i\000m\000u\000m\000\040\000E\000n\000t\000r\000o\000p\000y}{section.3.3}% 63
\BOOKMARK [2][-]{subsection.3.3.5}{\376\377\000K\000r\000a\000f\000t\000\040\000a\000n\000d\000\040\000P\000r\000e\000f\000i\000x\000\040\000C\000o\000d\000e\000s}{section.3.3}% 64
\BOOKMARK [2][-]{subsection.3.3.6}{\376\377\000S\000h\000a\000n\000n\000o\000n\000\040\000S\000o\000u\000r\000c\000e\000\040\000C\000o\000d\000i\000n\000g\000\040\000T\000h\000e\000o\000r\000e\000m}{section.3.3}% 65
\BOOKMARK [2][-]{subsection.3.3.7}{\376\377\000H\000u\000f\000f\000m\000a\000n\000\040\000C\000o\000d\000i\000n\000g}{section.3.3}% 66
\BOOKMARK [2][-]{subsection.3.3.8}{\376\377\000B\000l\000o\000c\000k\000\040\000C\000o\000d\000i\000n\000g}{section.3.3}% 67
\BOOKMARK [2][-]{subsection.3.3.9}{\376\377\000A\000r\000i\000t\000h\000m\000e\000t\000i\000c\000\040\000C\000o\000d\000i\000n\000g}{section.3.3}% 68
\BOOKMARK [2][-]{subsection.3.3.10}{\376\377\000C\000o\000n\000t\000e\000x\000t\000-\000B\000a\000s\000e\000d\000\040\000a\000n\000d\000\040\000A\000d\000a\000p\000t\000i\000v\000e\000\040\000C\000o\000d\000i\000n\000g}{section.3.3}% 69
\BOOKMARK [2][-]{subsection.3.3.11}{\376\377\000E\000x\000p\000o\000n\000e\000n\000t\000i\000a\000l\000-\000G\000o\000l\000o\000m\000b\000\040\000C\000o\000d\000i\000n\000g}{section.3.3}% 70
\BOOKMARK [2][-]{subsection.3.3.12}{\376\377\000D\000i\000c\000t\000i\000o\000n\000a\000r\000y\000\040\000C\000o\000d\000i\000n\000g\000\040\000a\000n\000d\000\040\000L\000Z\000W}{section.3.3}% 71
\BOOKMARK [2][-]{subsection.3.3.13}{\376\377\000S\000t\000a\000n\000d\000a\000r\000d\000s\000\040\000a\000n\000d\000\040\000P\000r\000a\000c\000t\000i\000c\000a\000l\000\040\000C\000o\000d\000e\000c\000s}{section.3.3}% 72
\BOOKMARK [2][-]{subsection.3.3.14}{\376\377\000N\000e\000u\000r\000a\000l\000\040\000L\000o\000s\000s\000l\000e\000s\000s\000\040\000C\000o\000d\000i\000n\000g}{section.3.3}% 73
\BOOKMARK [1][-]{section.3.4}{\376\377\000T\000h\000e\000o\000r\000y\000\040\000a\000n\000d\000\040\000F\000o\000r\000m\000u\000l\000a\000s}{chapter.3}% 74
\BOOKMARK [2][-]{subsection.3.4.1}{\376\377\000E\000n\000t\000r\000o\000p\000y\000\040\000B\000o\000u\000n\000d\000\040\000a\000n\000d\000\040\000O\000p\000t\000i\000m\000a\000l\000\040\000L\000e\000n\000g\000t\000h\000s}{section.3.4}% 75
\BOOKMARK [2][-]{subsection.3.4.2}{\376\377\000K\000r\000a\000f\000t\000\040\000T\000r\000e\000e\000\040\000I\000n\000t\000e\000r\000p\000r\000e\000t\000a\000t\000i\000o\000n}{section.3.4}% 76
\BOOKMARK [2][-]{subsection.3.4.3}{\376\377\000C\000o\000n\000d\000i\000t\000i\000o\000n\000i\000n\000g\000\040\000a\000n\000d\000\040\000C\000o\000n\000t\000e\000x\000t\000\040\000C\000o\000d\000i\000n\000g}{section.3.4}% 77
\BOOKMARK [2][-]{subsection.3.4.4}{\376\377\000H\000u\000f\000f\000m\000a\000n\000\040\000v\000s\000.\000\040\000A\000r\000i\000t\000h\000m\000e\000t\000i\000c\000\040\000O\000v\000e\000r\000h\000e\000a\000d}{section.3.4}% 78
\BOOKMARK [2][-]{subsection.3.4.5}{\376\377\000H\000o\000u\000s\000e\000\040\000I\000m\000a\000g\000e\000\040\000R\000e\000s\000u\000l\000t}{section.3.4}% 79
\BOOKMARK [1][-]{section.3.5}{\376\377\000V\000i\000s\000u\000a\000l\000\040\000S\000c\000h\000e\000m\000e\000s}{chapter.3}% 80
\BOOKMARK [2][-]{subsection.3.5.1}{\376\377\000E\000n\000t\000r\000o\000p\000y\000\040\000C\000o\000d\000i\000n\000g\000\040\000P\000i\000p\000e\000l\000i\000n\000e}{section.3.5}% 81
\BOOKMARK [2][-]{subsection.3.5.2}{\376\377\000E\000n\000t\000r\000o\000p\000y\000\040\000a\000n\000d\000\040\000P\000r\000e\000f\000i\000x\000\040\000C\000o\000d\000e\000s}{section.3.5}% 82
\BOOKMARK [2][-]{subsection.3.5.3}{\376\377\000H\000u\000f\000f\000m\000a\000n\000\040\000a\000n\000d\000\040\000P\000r\000e\000d\000i\000c\000t\000i\000v\000e\000\040\000C\000o\000d\000i\000n\000g}{section.3.5}% 83
\BOOKMARK [2][-]{subsection.3.5.4}{\376\377\000A\000r\000i\000t\000h\000m\000e\000t\000i\000c\000\040\000C\000o\000d\000i\000n\000g}{section.3.5}% 84
\BOOKMARK [2][-]{subsection.3.5.5}{\376\377\000L\000Z\000W\000\040\000D\000i\000c\000t\000i\000o\000n\000a\000r\000y\000\040\000C\000o\000d\000i\000n\000g}{section.3.5}% 85
\BOOKMARK [2][-]{subsection.3.5.6}{\376\377\000P\000r\000e\000d\000i\000c\000t\000i\000o\000n\000\040\000R\000e\000s\000u\000l\000t\000s\000\040\000o\000n\000\040\000H\000o\000u\000s\000e\000\040\000I\000m\000a\000g\000e}{section.3.5}% 86
\BOOKMARK [1][-]{section.3.6}{\376\377\000E\000x\000a\000m\000p\000l\000e\000s}{chapter.3}% 87
\BOOKMARK [0][-]{chapter.4}{\376\377\000T\000r\000a\000n\000s\000f\000o\000r\000m\000\040\000C\000o\000d\000i\000n\000g}{}% 88
\BOOKMARK [1][-]{section.4.1}{\376\377\000T\000a\000b\000l\000e\000\040\000o\000f\000\040\000C\000o\000n\000t\000e\000n\000t\000s}{chapter.4}% 89
\BOOKMARK [1][-]{section.4.2}{\376\377\000C\000o\000r\000e\000\040\000I\000d\000e\000a}{chapter.4}% 90
\BOOKMARK [1][-]{section.4.3}{\376\377\000K\000e\000y\000\040\000C\000o\000n\000c\000e\000p\000t\000s}{chapter.4}% 91
\BOOKMARK [2][-]{subsection.4.3.1}{\376\377\000B\000l\000o\000c\000k\000\040\000C\000o\000d\000i\000n\000g\000\040\000a\000n\000d\000\040\000R\000a\000t\000e\000\040\000A\000l\000l\000o\000c\000a\000t\000i\000o\000n}{section.4.3}% 92
\BOOKMARK [2][-]{subsection.4.3.2}{\376\377\000H\000u\000a\000n\000g\000-\000S\000c\000h\000u\000l\000t\000e\000i\000s\000s\000\040\000F\000o\000r\000m\000u\000l\000a}{section.4.3}% 93
\BOOKMARK [2][-]{subsection.4.3.3}{\376\377\000O\000r\000t\000h\000o\000g\000o\000n\000a\000l\000\040\000T\000r\000a\000n\000s\000f\000o\000r\000m\000s}{section.4.3}% 94
\BOOKMARK [2][-]{subsection.4.3.4}{\376\377\000C\000o\000d\000i\000n\000g\000\040\000G\000a\000i\000n}{section.4.3}% 95
\BOOKMARK [2][-]{subsection.4.3.5}{\376\377\000P\000r\000a\000c\000t\000i\000c\000a\000l\000\040\000R\000a\000t\000e\000\040\000A\000l\000l\000o\000c\000a\000t\000i\000o\000n}{section.4.3}% 96
\BOOKMARK [2][-]{subsection.4.3.6}{\376\377\000K\000L\000T}{section.4.3}% 97
\BOOKMARK [2][-]{subsection.4.3.7}{\376\377\000D\000F\000T}{section.4.3}% 98
\BOOKMARK [2][-]{subsection.4.3.8}{\376\377\000D\000C\000T}{section.4.3}% 99
\BOOKMARK [2][-]{subsection.4.3.9}{\376\377\000J\000P\000E\000G\000\040\000O\000v\000e\000r\000v\000i\000e\000w}{section.4.3}% 100
\BOOKMARK [2][-]{subsection.4.3.10}{\376\377\000J\000P\000E\000G\000\040\000Q\000u\000a\000n\000t\000i\000z\000a\000t\000i\000o\000n}{section.4.3}% 101
\BOOKMARK [2][-]{subsection.4.3.11}{\376\377\000J\000P\000E\000G\000\040\000E\000n\000t\000r\000o\000p\000y\000\040\000C\000o\000d\000i\000n\000g}{section.4.3}% 102
\BOOKMARK [2][-]{subsection.4.3.12}{\376\377\000J\000P\000E\000G\000\040\000F\000i\000l\000e\000\040\000S\000t\000r\000u\000c\000t\000u\000r\000e}{section.4.3}% 103
\BOOKMARK [1][-]{section.4.4}{\376\377\000T\000h\000e\000o\000r\000y\000\040\000a\000n\000d\000\040\000F\000o\000r\000m\000u\000l\000a\000s}{chapter.4}% 104
\BOOKMARK [2][-]{subsection.4.4.1}{\376\377\000H\000S\000\040\000D\000e\000r\000i\000v\000a\000t\000i\000o\000n\000\040\000S\000k\000e\000t\000c\000h}{section.4.4}% 105
\BOOKMARK [2][-]{subsection.4.4.2}{\376\377\000A\000M\000-\000G\000M\000\040\000a\000n\000d\000\040\000C\000o\000d\000i\000n\000g\000\040\000G\000a\000i\000n}{section.4.4}% 106
\BOOKMARK [2][-]{subsection.4.4.3}{\376\377\000T\000o\000y\000\040\000R\000o\000t\000a\000t\000i\000o\000n\000\040\000E\000x\000a\000m\000p\000l\000e}{section.4.4}% 107
\BOOKMARK [2][-]{subsection.4.4.4}{\376\377\000K\000L\000T\000\040\000E\000n\000e\000r\000g\000y\000\040\000C\000o\000m\000p\000a\000c\000t\000i\000o\000n}{section.4.4}% 108
\BOOKMARK [2][-]{subsection.4.4.5}{\376\377\000J\000P\000E\000G\000\040\000R\000a\000t\000e\000-\000D\000i\000s\000t\000o\000r\000t\000i\000o\000n\000\040\000N\000o\000t\000e\000s}{section.4.4}% 109
\BOOKMARK [1][-]{section.4.5}{\376\377\000V\000i\000s\000u\000a\000l\000\040\000S\000c\000h\000e\000m\000e\000s}{chapter.4}% 110
\BOOKMARK [2][-]{subsection.4.5.1}{\376\377\000T\000r\000a\000n\000s\000f\000o\000r\000m\000\040\000S\000p\000a\000r\000s\000i\000f\000i\000c\000a\000t\000i\000o\000n}{section.4.5}% 111
\BOOKMARK [2][-]{subsection.4.5.2}{\376\377\000K\000L\000T\000,\000\040\000D\000F\000T\000,\000\040\000a\000n\000d\000\040\000D\000C\000T}{section.4.5}% 112
\BOOKMARK [2][-]{subsection.4.5.3}{\376\377\000J\000P\000E\000G\000\040\000P\000i\000p\000e\000l\000i\000n\000e}{section.4.5}% 113
\BOOKMARK [2][-]{subsection.4.5.4}{\376\377\000J\000P\000E\000G\000\040\000A\000r\000t\000i\000f\000a\000c\000t\000s}{section.4.5}% 114
\BOOKMARK [1][-]{section.4.6}{\376\377\000E\000x\000a\000m\000p\000l\000e\000s}{chapter.4}% 115
\BOOKMARK [0][-]{chapter.5}{\376\377\000W\000a\000v\000e\000l\000e\000t\000\040\000A\000n\000a\000l\000y\000s\000i\000s}{}% 116
\BOOKMARK [1][-]{section.5.1}{\376\377\000T\000a\000b\000l\000e\000\040\000o\000f\000\040\000C\000o\000n\000t\000e\000n\000t\000s}{chapter.5}% 117
\BOOKMARK [1][-]{section.5.2}{\376\377\000C\000o\000r\000e\000\040\000I\000d\000e\000a}{chapter.5}% 118
\BOOKMARK [1][-]{section.5.3}{\376\377\000K\000e\000y\000\040\000C\000o\000n\000c\000e\000p\000t\000s}{chapter.5}% 119
\BOOKMARK [2][-]{subsection.5.3.1}{\376\377\000L\000i\000n\000e\000a\000r\000\040\000T\000r\000a\000n\000s\000f\000o\000r\000m\000\040\000b\000y\000\040\000P\000r\000o\000j\000e\000c\000t\000i\000o\000n}{section.5.3}% 120
\BOOKMARK [2][-]{subsection.5.3.2}{\376\377\000T\000i\000m\000e\000-\000F\000r\000e\000q\000u\000e\000n\000c\000y\000\040\000U\000n\000c\000e\000r\000t\000a\000i\000n\000t\000y}{section.5.3}% 121
\BOOKMARK [2][-]{subsection.5.3.3}{\376\377\000S\000T\000F\000T\000\040\000v\000s\000.\000\040\000W\000a\000v\000e\000l\000e\000t\000s}{section.5.3}% 122
\BOOKMARK [2][-]{subsection.5.3.4}{\376\377\000I\000m\000a\000g\000e\000\040\000M\000o\000d\000e\000l}{section.5.3}% 123
\BOOKMARK [2][-]{subsection.5.3.5}{\376\377\0001\000D\000\040\000F\000i\000l\000t\000e\000r\000\040\000B\000a\000n\000k}{section.5.3}% 124
\BOOKMARK [2][-]{subsection.5.3.6}{\376\377\000P\000e\000r\000f\000e\000c\000t\000\040\000R\000e\000c\000o\000n\000s\000t\000r\000u\000c\000t\000i\000o\000n}{section.5.3}% 125
\BOOKMARK [2][-]{subsection.5.3.7}{\376\377\000O\000r\000t\000h\000o\000g\000o\000n\000a\000l\000i\000t\000y\000\040\000a\000n\000d\000\040\000B\000i\000o\000r\000t\000h\000o\000g\000o\000n\000a\000l\000i\000t\000y}{section.5.3}% 126
\BOOKMARK [2][-]{subsection.5.3.8}{\376\377\000V\000a\000n\000i\000s\000h\000i\000n\000g\000\040\000M\000o\000m\000e\000n\000t\000s}{section.5.3}% 127
\BOOKMARK [2][-]{subsection.5.3.9}{\376\377\000B\000o\000r\000d\000e\000r\000\040\000P\000r\000o\000b\000l\000e\000m}{section.5.3}% 128
\BOOKMARK [2][-]{subsection.5.3.10}{\376\377\000H\000a\000a\000r\000\040\000a\000n\000d\000\040\000C\000D\000F\000\040\000F\000i\000l\000t\000e\000r\000s}{section.5.3}% 129
\BOOKMARK [2][-]{subsection.5.3.11}{\376\377\0001\000D\000\040\000a\000n\000d\000\040\0002\000D\000\040\000M\000u\000l\000t\000i\000r\000e\000s\000o\000l\000u\000t\000i\000o\000n}{section.5.3}% 130
\BOOKMARK [2][-]{subsection.5.3.12}{\376\377\000E\000Z\000W}{section.5.3}% 131
\BOOKMARK [2][-]{subsection.5.3.13}{\376\377\000J\000P\000E\000G\0002\0000\0000\0000}{section.5.3}% 132
\BOOKMARK [2][-]{subsection.5.3.14}{\376\377\000E\000B\000C\000O\000T}{section.5.3}% 133
\BOOKMARK [2][-]{subsection.5.3.15}{\376\377\000E\000r\000r\000o\000r\000\040\000R\000o\000b\000u\000s\000t\000n\000e\000s\000s}{section.5.3}% 134
\BOOKMARK [1][-]{section.5.4}{\376\377\000T\000h\000e\000o\000r\000y\000\040\000a\000n\000d\000\040\000F\000o\000r\000m\000u\000l\000a\000s}{chapter.5}% 135
\BOOKMARK [2][-]{subsection.5.4.1}{\376\377\000W\000a\000v\000e\000l\000e\000t\000\040\000S\000c\000a\000l\000i\000n\000g\000\040\000a\000n\000d\000\040\000F\000o\000u\000r\000i\000e\000r\000\040\000I\000n\000t\000e\000r\000p\000r\000e\000t\000a\000t\000i\000o\000n}{section.5.4}% 136
\BOOKMARK [2][-]{subsection.5.4.2}{\376\377\000P\000e\000r\000f\000e\000c\000t\000\040\000R\000e\000c\000o\000n\000s\000t\000r\000u\000c\000t\000i\000o\000n\000\040\000M\000a\000t\000r\000i\000x\000\040\000F\000o\000r\000m}{section.5.4}% 137
\BOOKMARK [2][-]{subsection.5.4.3}{\376\377\000E\000Z\000W\000\040\000Z\000e\000r\000o\000t\000r\000e\000e\000\040\000S\000a\000v\000i\000n\000g}{section.5.4}% 138
\BOOKMARK [2][-]{subsection.5.4.4}{\376\377\000J\000P\000E\000G\0002\0000\0000\0000\000\040\000E\000x\000a\000c\000t\000\040\000R\000a\000t\000e\000\040\000C\000o\000n\000t\000r\000o\000l}{section.5.4}% 139
\BOOKMARK [1][-]{section.5.5}{\376\377\000V\000i\000s\000u\000a\000l\000\040\000S\000c\000h\000e\000m\000e\000s}{chapter.5}% 140
\BOOKMARK [2][-]{subsection.5.5.1}{\376\377\000T\000i\000m\000e\000-\000F\000r\000e\000q\000u\000e\000n\000c\000y\000\040\000R\000e\000s\000o\000l\000u\000t\000i\000o\000n}{section.5.5}% 141
\BOOKMARK [2][-]{subsection.5.5.2}{\376\377\000T\000r\000e\000n\000d\000s\000\040\000a\000n\000d\000\040\000A\000n\000o\000m\000a\000l\000i\000e\000s}{section.5.5}% 142
\BOOKMARK [2][-]{subsection.5.5.3}{\376\377\000F\000i\000l\000t\000e\000r\000\040\000B\000a\000n\000k\000\040\000a\000n\000d\000\040\000M\000u\000l\000t\000i\000r\000e\000s\000o\000l\000u\000t\000i\000o\000n}{section.5.5}% 143
\BOOKMARK [2][-]{subsection.5.5.4}{\376\377\0002\000D\000\040\000D\000W\000T}{section.5.5}% 144
\BOOKMARK [2][-]{subsection.5.5.5}{\376\377\000E\000Z\000W\000\040\000a\000n\000d\000\040\000J\000P\000E\000G\0002\0000\0000\0000\000\040\000S\000c\000h\000e\000m\000e\000s}{section.5.5}% 145
\BOOKMARK [1][-]{section.5.6}{\376\377\000E\000x\000a\000m\000p\000l\000e\000s}{chapter.5}% 146
\BOOKMARK [0][-]{chapter.6}{\376\377\000L\000e\000a\000r\000n\000e\000d\000\040\000I\000m\000a\000g\000e\000\040\000C\000o\000m\000p\000r\000e\000s\000s\000i\000o\000n}{}% 147
\BOOKMARK [1][-]{section.6.1}{\376\377\000T\000a\000b\000l\000e\000\040\000o\000f\000\040\000C\000o\000n\000t\000e\000n\000t\000s}{chapter.6}% 148
\BOOKMARK [1][-]{section.6.2}{\376\377\000C\000o\000r\000e\000\040\000I\000d\000e\000a}{chapter.6}% 149
\BOOKMARK [1][-]{section.6.3}{\376\377\000K\000e\000y\000\040\000C\000o\000n\000c\000e\000p\000t\000s}{chapter.6}% 150
\BOOKMARK [2][-]{subsection.6.3.1}{\376\377\000C\000l\000a\000s\000s\000i\000c\000a\000l\000\040\000v\000s\000.\000\040\000L\000e\000a\000r\000n\000e\000d\000\040\000T\000r\000a\000n\000s\000f\000o\000r\000m\000\040\000C\000o\000d\000i\000n\000g}{section.6.3}% 151
\BOOKMARK [2][-]{subsection.6.3.2}{\376\377\000K\000L\000T\000\040\000a\000s\000\040\000L\000i\000n\000e\000a\000r\000\040\000L\000i\000m\000i\000t}{section.6.3}% 152
\BOOKMARK [2][-]{subsection.6.3.3}{\376\377\000R\000a\000t\000e\000-\000D\000i\000s\000t\000o\000r\000t\000i\000o\000n\000\040\000O\000b\000j\000e\000c\000t\000i\000v\000e}{section.6.3}% 153
\BOOKMARK [2][-]{subsection.6.3.4}{\376\377\000A\000r\000t\000i\000f\000i\000c\000i\000a\000l\000\040\000N\000e\000u\000r\000o\000n\000\040\000a\000n\000d\000\040\000M\000L\000P}{section.6.3}% 154
\BOOKMARK [2][-]{subsection.6.3.5}{\376\377\000G\000r\000a\000d\000i\000e\000n\000t\000\040\000D\000e\000s\000c\000e\000n\000t\000\040\000a\000n\000d\000\040\000B\000a\000c\000k\000p\000r\000o\000p\000a\000g\000a\000t\000i\000o\000n}{section.6.3}% 155
\BOOKMARK [2][-]{subsection.6.3.6}{\376\377\000W\000h\000y\000\040\000M\000L\000P\000s\000\040\000F\000a\000i\000l\000\040\000o\000n\000\040\000I\000m\000a\000g\000e\000s}{section.6.3}% 156
\BOOKMARK [2][-]{subsection.6.3.7}{\376\377\000C\000N\000N\000s\000\040\000f\000o\000r\000\040\000L\000e\000a\000r\000n\000e\000d\000\040\000C\000o\000m\000p\000r\000e\000s\000s\000i\000o\000n}{section.6.3}% 157
\BOOKMARK [2][-]{subsection.6.3.8}{\376\377\000G\000D\000N}{section.6.3}% 158
\BOOKMARK [2][-]{subsection.6.3.9}{\376\377\000A\000u\000t\000o\000e\000n\000c\000o\000d\000e\000r\000\040\000C\000o\000d\000e\000c}{section.6.3}% 159
\BOOKMARK [2][-]{subsection.6.3.10}{\376\377\000V\000A\000E\000\040\000I\000n\000t\000e\000r\000p\000r\000e\000t\000a\000t\000i\000o\000n}{section.6.3}% 160
\BOOKMARK [2][-]{subsection.6.3.11}{\376\377\000Q\000u\000a\000n\000t\000i\000z\000a\000t\000i\000o\000n\000\040\000T\000r\000a\000i\000n\000i\000n\000g\000\040\000P\000r\000o\000b\000l\000e\000m}{section.6.3}% 161
\BOOKMARK [2][-]{subsection.6.3.12}{\376\377\000H\000y\000p\000e\000r\000p\000r\000i\000o\000r}{section.6.3}% 162
\BOOKMARK [2][-]{subsection.6.3.13}{\376\377\000J\000P\000E\000G\000\040\000A\000I}{section.6.3}% 163
\BOOKMARK [2][-]{subsection.6.3.14}{\376\377\000C\000u\000r\000r\000e\000n\000t\000\040\000L\000i\000m\000i\000t\000a\000t\000i\000o\000n\000s}{section.6.3}% 164
\BOOKMARK [2][-]{subsection.6.3.15}{\376\377\000F\000u\000t\000u\000r\000e\000\040\000D\000i\000r\000e\000c\000t\000i\000o\000n\000s}{section.6.3}% 165
\BOOKMARK [1][-]{section.6.4}{\376\377\000T\000h\000e\000o\000r\000y\000\040\000a\000n\000d\000\040\000F\000o\000r\000m\000u\000l\000a\000s}{chapter.6}% 166
\BOOKMARK [2][-]{subsection.6.4.1}{\376\377\000C\000l\000a\000s\000s\000i\000c\000a\000l\000-\000t\000o\000-\000N\000e\000u\000r\000a\000l\000\040\000A\000r\000c\000h\000i\000t\000e\000c\000t\000u\000r\000e}{section.6.4}% 167
\BOOKMARK [2][-]{subsection.6.4.2}{\376\377\000L\000a\000t\000e\000n\000t\000\040\000T\000e\000n\000s\000o\000r\000\040\000S\000i\000z\000e}{section.6.4}% 168
\BOOKMARK [2][-]{subsection.6.4.3}{\376\377\000E\000n\000t\000r\000o\000p\000y\000\040\000M\000o\000d\000e\000l\000\040\000a\000n\000d\000\040\000A\000r\000i\000t\000h\000m\000e\000t\000i\000c\000\040\000C\000o\000d\000i\000n\000g}{section.6.4}% 169
\BOOKMARK [2][-]{subsection.6.4.4}{\376\377\000A\000d\000d\000i\000t\000i\000v\000e\000\040\000N\000o\000i\000s\000e\000\040\000A\000p\000p\000r\000o\000x\000i\000m\000a\000t\000i\000o\000n}{section.6.4}% 170
\BOOKMARK [2][-]{subsection.6.4.5}{\376\377\000G\000D\000N\000\040\000I\000n\000t\000e\000r\000p\000r\000e\000t\000a\000t\000i\000o\000n}{section.6.4}% 171
\BOOKMARK [1][-]{section.6.5}{\376\377\000V\000i\000s\000u\000a\000l\000\040\000S\000c\000h\000e\000m\000e\000s}{chapter.6}% 172
\BOOKMARK [2][-]{subsection.6.5.1}{\376\377\000N\000e\000u\000r\000a\000l\000\040\000N\000e\000t\000w\000o\000r\000k\000\040\000B\000a\000s\000i\000c\000s}{section.6.5}% 173
\BOOKMARK [2][-]{subsection.6.5.2}{\376\377\000C\000N\000N\000\040\000F\000e\000a\000t\000u\000r\000e\000s}{section.6.5}% 174
\BOOKMARK [2][-]{subsection.6.5.3}{\376\377\000A\000u\000t\000o\000e\000n\000c\000o\000d\000e\000r\000\040\000C\000o\000d\000e\000c}{section.6.5}% 175
\BOOKMARK [2][-]{subsection.6.5.4}{\376\377\000H\000y\000p\000e\000r\000p\000r\000i\000o\000r\000\040\000C\000o\000d\000e\000c}{section.6.5}% 176
\BOOKMARK [2][-]{subsection.6.5.5}{\376\377\000J\000P\000E\000G\000\040\000A\000I\000\040\000D\000u\000a\000l\000\040\000U\000s\000e}{section.6.5}% 177
\BOOKMARK [1][-]{section.6.6}{\376\377\000E\000x\000a\000m\000p\000l\000e\000s}{chapter.6}% 178
\BOOKMARK [0][-]{chapter.7}{\376\377\000M\000o\000t\000i\000o\000n\000\040\000E\000s\000t\000i\000m\000a\000t\000i\000o\000n}{}% 179
\BOOKMARK [1][-]{section.7.1}{\376\377\000T\000a\000b\000l\000e\000\040\000o\000f\000\040\000C\000o\000n\000t\000e\000n\000t\000s}{chapter.7}% 180
\BOOKMARK [1][-]{section.7.2}{\376\377\000C\000o\000r\000e\000\040\000I\000d\000e\000a}{chapter.7}% 181
\BOOKMARK [1][-]{section.7.3}{\376\377\000K\000e\000y\000\040\000C\000o\000n\000c\000e\000p\000t\000s}{chapter.7}% 182
\BOOKMARK [2][-]{subsection.7.3.1}{\376\377\000F\000a\000m\000i\000l\000i\000e\000s\000\040\000o\000f\000\040\000M\000o\000t\000i\000o\000n\000\040\000E\000s\000t\000i\000m\000a\000t\000i\000o\000n\000\040\000M\000e\000t\000h\000o\000d\000s}{section.7.3}% 183
\BOOKMARK [2][-]{subsection.7.3.2}{\376\377\000M\000o\000t\000i\000o\000n\000-\000C\000o\000m\000p\000e\000n\000s\000a\000t\000e\000d\000\040\000P\000r\000e\000d\000i\000c\000t\000i\000o\000n}{section.7.3}% 184
\BOOKMARK [2][-]{subsection.7.3.3}{\376\377\000H\000o\000w\000\040\000t\000o\000\040\000E\000v\000a\000l\000u\000a\000t\000e\000\040\000a\000\040\000M\000o\000t\000i\000o\000n\000\040\000F\000i\000e\000l\000d}{section.7.3}% 185
\BOOKMARK [1][-]{section.7.4}{\376\377\000T\000h\000e\000o\000r\000y\000\040\000a\000n\000d\000\040\000F\000o\000r\000m\000u\000l\000a\000s}{chapter.7}% 186
\BOOKMARK [2][-]{subsection.7.4.1}{\376\377\000V\000a\000r\000i\000a\000t\000i\000o\000n\000a\000l\000\040\000O\000p\000t\000i\000c\000a\000l\000\040\000F\000l\000o\000w}{section.7.4}% 187
\BOOKMARK [2][-]{subsection.7.4.2}{\376\377\000H\000o\000r\000n\000\040\000a\000n\000d\000\040\000S\000c\000h\000u\000n\000c\000k}{section.7.4}% 188
\BOOKMARK [2][-]{subsection.7.4.3}{\376\377\000B\000l\000o\000c\000k\000\040\000M\000a\000t\000c\000h\000i\000n\000g}{section.7.4}% 189
\BOOKMARK [2][-]{subsection.7.4.4}{\376\377\000S\000A\000D\000\040\000a\000n\000d\000\040\000S\000S\000D}{section.7.4}% 190
\BOOKMARK [2][-]{subsection.7.4.5}{\376\377\000R\000e\000g\000u\000l\000a\000r\000i\000z\000e\000d\000\040\000M\000o\000t\000i\000o\000n\000\040\000E\000s\000t\000i\000m\000a\000t\000i\000o\000n}{section.7.4}% 191
\BOOKMARK [2][-]{subsection.7.4.6}{\376\377\000B\000l\000o\000c\000k\000\040\000S\000i\000z\000e\000\040\000T\000r\000a\000d\000e\000o\000f\000f}{section.7.4}% 192
\BOOKMARK [2][-]{subsection.7.4.7}{\376\377\000S\000e\000a\000r\000c\000h\000\040\000S\000t\000r\000a\000t\000e\000g\000i\000e\000s}{section.7.4}% 193
\BOOKMARK [2][-]{subsection.7.4.8}{\376\377\000S\000u\000b\000p\000i\000x\000e\000l\000\040\000P\000r\000e\000c\000i\000s\000i\000o\000n}{section.7.4}% 194
\BOOKMARK [2][-]{subsection.7.4.9}{\376\377\000V\000a\000r\000i\000a\000b\000l\000e\000\040\000B\000l\000o\000c\000k\000\040\000S\000i\000z\000e}{section.7.4}% 195
\BOOKMARK [2][-]{subsection.7.4.10}{\376\377\000P\000a\000r\000a\000m\000e\000t\000r\000i\000c\000\040\000M\000o\000t\000i\000o\000n\000\040\000M\000o\000d\000e\000l\000s}{section.7.4}% 196
\BOOKMARK [2][-]{subsection.7.4.11}{\376\377\000D\000e\000e\000p\000\040\000L\000e\000a\000r\000n\000i\000n\000g\000\040\000M\000e\000t\000h\000o\000d\000s}{section.7.4}% 197
\BOOKMARK [1][-]{section.7.5}{\376\377\000V\000i\000s\000u\000a\000l\000\040\000S\000c\000h\000e\000m\000e\000s}{chapter.7}% 198
\BOOKMARK [2][-]{subsection.7.5.1}{\376\377\000M\000o\000t\000i\000o\000n\000-\000C\000o\000m\000p\000e\000n\000s\000a\000t\000e\000d\000\040\000C\000o\000d\000i\000n\000g\000\040\000L\000o\000o\000p}{section.7.5}% 199
\BOOKMARK [2][-]{subsection.7.5.2}{\376\377\000M\000e\000t\000h\000o\000d\000\040\000O\000v\000e\000r\000v\000i\000e\000w}{section.7.5}% 200
\BOOKMARK [2][-]{subsection.7.5.3}{\376\377\000V\000a\000r\000i\000a\000b\000l\000e\000\040\000B\000l\000o\000c\000k\000-\000S\000i\000z\000e\000\040\000D\000e\000c\000i\000s\000i\000o\000n}{section.7.5}% 201
\BOOKMARK [1][-]{section.7.6}{\376\377\000E\000x\000a\000m\000p\000l\000e\000s}{chapter.7}% 202
\BOOKMARK [2][-]{subsection.7.6.1}{\376\377\000S\000A\000D\000\040\000v\000s\000.\000\040\000S\000S\000D\000\040\000o\000n\000\040\000F\000l\000o\000w\000e\000r\000\040\000G\000a\000r\000d\000e\000n}{section.7.6}% 203
\BOOKMARK [2][-]{subsection.7.6.2}{\376\377\000R\000e\000g\000u\000l\000a\000r\000i\000z\000e\000d\000\040\000S\000S\000D}{section.7.6}% 204
\BOOKMARK [2][-]{subsection.7.6.3}{\376\377\000S\000e\000a\000r\000c\000h\000\040\000C\000o\000m\000p\000l\000e\000x\000i\000t\000y\000\040\000E\000x\000a\000m\000p\000l\000e}{section.7.6}% 205
\BOOKMARK [2][-]{subsection.7.6.4}{\376\377\000F\000i\000n\000a\000l\000\040\000C\000o\000m\000p\000a\000r\000i\000s\000o\000n}{section.7.6}% 206
\BOOKMARK [0][-]{chapter.8}{\376\377\000V\000i\000d\000e\000o\000\040\000C\000o\000d\000i\000n\000g\000\040\000P\000r\000i\000n\000c\000i\000p\000l\000e\000s}{}% 207
\BOOKMARK [1][-]{section.8.1}{\376\377\000T\000a\000b\000l\000e\000\040\000o\000f\000\040\000C\000o\000n\000t\000e\000n\000t\000s}{chapter.8}% 208
\BOOKMARK [1][-]{section.8.2}{\376\377\000C\000o\000r\000e\000\040\000I\000d\000e\000a}{chapter.8}% 209
\BOOKMARK [1][-]{section.8.3}{\376\377\000K\000e\000y\000\040\000C\000o\000n\000c\000e\000p\000t\000s}{chapter.8}% 210
\BOOKMARK [2][-]{subsection.8.3.1}{\376\377\000P\000r\000e\000d\000i\000c\000t\000i\000v\000e\000\040\000V\000i\000d\000e\000o\000\040\000C\000o\000d\000i\000n\000g}{section.8.3}% 211
\BOOKMARK [2][-]{subsection.8.3.2}{\376\377\000M\000o\000t\000i\000o\000n\000\040\000E\000s\000t\000i\000m\000a\000t\000i\000o\000n\000\040\000a\000n\000d\000\040\000M\000o\000t\000i\000o\000n\000\040\000C\000o\000m\000p\000e\000n\000s\000a\000t\000i\000o\000n}{section.8.3}% 212
\BOOKMARK [2][-]{subsection.8.3.3}{\376\377\000M\000o\000t\000i\000o\000n\000-\000V\000e\000c\000t\000o\000r\000\040\000F\000i\000e\000l\000d\000\040\000C\000o\000d\000i\000n\000g}{section.8.3}% 213
\BOOKMARK [2][-]{subsection.8.3.4}{\376\377\000I\000n\000t\000r\000a\000,\000\040\000I\000n\000t\000e\000r\000,\000\040\000a\000n\000d\000\040\000D\000i\000r\000e\000c\000t\000\040\000M\000o\000d\000e\000s}{section.8.3}% 214
\BOOKMARK [2][-]{subsection.8.3.5}{\376\377\000F\000r\000a\000m\000e\000\040\000T\000y\000p\000e\000s\000\040\000a\000n\000d\000\040\000G\000O\000P}{section.8.3}% 215
\BOOKMARK [2][-]{subsection.8.3.6}{\376\377\000H\000y\000b\000r\000i\000d\000\040\000V\000i\000d\000e\000o\000\040\000C\000o\000d\000e\000c}{section.8.3}% 216
\BOOKMARK [2][-]{subsection.8.3.7}{\376\377\000V\000i\000d\000e\000o\000\040\000E\000n\000c\000o\000d\000i\000n\000g\000\040\000S\000t\000a\000n\000d\000a\000r\000d\000s}{section.8.3}% 217
\BOOKMARK [1][-]{section.8.4}{\376\377\000T\000h\000e\000o\000r\000y\000\040\000a\000n\000d\000\040\000F\000o\000r\000m\000u\000l\000a\000s}{chapter.8}% 218
\BOOKMARK [2][-]{subsection.8.4.1}{\376\377\000M\000o\000t\000i\000o\000n\000\040\000C\000o\000m\000p\000e\000n\000s\000a\000t\000i\000o\000n\000\040\000a\000n\000d\000\040\000R\000e\000s\000i\000d\000u\000a\000l}{section.8.4}% 219
\BOOKMARK [2][-]{subsection.8.4.2}{\376\377\000E\000n\000t\000r\000o\000p\000y\000\040\000o\000f\000\040\000M\000o\000t\000i\000o\000n\000\040\000V\000e\000c\000t\000o\000r\000s}{section.8.4}% 220
\BOOKMARK [2][-]{subsection.8.4.3}{\376\377\000M\000o\000t\000i\000o\000n\000\040\000E\000s\000t\000i\000m\000a\000t\000i\000o\000n\000\040\000D\000e\000s\000i\000g\000n\000\040\000P\000a\000r\000a\000m\000e\000t\000e\000r\000s}{section.8.4}% 221
\BOOKMARK [2][-]{subsection.8.4.4}{\376\377\000G\000O\000P\000\040\000a\000n\000d\000\040\000C\000o\000d\000i\000n\000g\000\040\000O\000r\000d\000e\000r}{section.8.4}% 222
\BOOKMARK [2][-]{subsection.8.4.5}{\376\377\000R\000a\000t\000e\000-\000D\000i\000s\000t\000o\000r\000t\000i\000o\000n\000\040\000M\000o\000d\000e\000\040\000S\000e\000l\000e\000c\000t\000i\000o\000n}{section.8.4}% 223
\BOOKMARK [2][-]{subsection.8.4.6}{\376\377\000R\000D\000\040\000P\000l\000a\000n\000e\000\040\000S\000l\000o\000p\000e}{section.8.4}% 224
\BOOKMARK [2][-]{subsection.8.4.7}{\376\377\000B\000l\000o\000c\000k\000\040\000P\000a\000r\000t\000i\000t\000i\000o\000n}{section.8.4}% 225
\BOOKMARK [2][-]{subsection.8.4.8}{\376\377\000R\000a\000t\000e\000\040\000C\000o\000n\000t\000r\000o\000l}{section.8.4}% 226
\BOOKMARK [1][-]{section.8.5}{\376\377\000V\000i\000s\000u\000a\000l\000\040\000S\000c\000h\000e\000m\000e\000s}{chapter.8}% 227
\BOOKMARK [2][-]{subsection.8.5.1}{\376\377\000M\000o\000t\000i\000o\000n\000-\000C\000o\000m\000p\000e\000n\000s\000a\000t\000e\000d\000\040\000I\000n\000t\000e\000r\000\040\000C\000o\000d\000i\000n\000g}{section.8.5}% 228
\BOOKMARK [2][-]{subsection.8.5.2}{\376\377\000H\000y\000b\000r\000i\000d\000\040\000C\000o\000d\000e\000c\000\040\000C\000o\000n\000c\000e\000p\000t\000\040\000M\000a\000p}{section.8.5}% 229
\BOOKMARK [2][-]{subsection.8.5.3}{\376\377\000B\000l\000o\000c\000k\000\040\000P\000a\000r\000t\000i\000t\000i\000o\000n\000\040\000D\000e\000c\000i\000s\000i\000o\000n}{section.8.5}% 230
\BOOKMARK [2][-]{subsection.8.5.4}{\376\377\000R\000a\000t\000e\000-\000C\000o\000n\000t\000r\000o\000l\000\040\000F\000e\000e\000d\000b\000a\000c\000k}{section.8.5}% 231
\BOOKMARK [1][-]{section.8.6}{\376\377\000E\000x\000a\000m\000p\000l\000e\000s}{chapter.8}% 232
\BOOKMARK [2][-]{subsection.8.6.1}{\376\377\000R\000a\000w\000\040\000M\000o\000t\000i\000o\000n\000-\000V\000e\000c\000t\000o\000r\000\040\000C\000o\000d\000i\000n\000g}{section.8.6}% 233
\BOOKMARK [2][-]{subsection.8.6.2}{\376\377\000P\000r\000e\000d\000i\000c\000t\000i\000v\000e\000\040\000M\000V\000\040\000C\000o\000d\000i\000n\000g\000\040\000G\000a\000i\000n}{section.8.6}% 234
\BOOKMARK [2][-]{subsection.8.6.3}{\376\377\000F\000r\000a\000m\000e\000-\000T\000y\000p\000e\000\040\000T\000r\000a\000d\000e\000o\000f\000f\000s}{section.8.6}% 235
\BOOKMARK [2][-]{subsection.8.6.4}{\376\377\000M\000o\000d\000e\000-\000S\000e\000l\000e\000c\000t\000i\000o\000n\000\040\000I\000n\000t\000e\000r\000p\000r\000e\000t\000a\000t\000i\000o\000n}{section.8.6}% 236
\BOOKMARK [2][-]{subsection.8.6.5}{\376\377\000F\000i\000n\000a\000l\000\040\000E\000x\000a\000m\000\040\000S\000u\000m\000m\000a\000r\000y}{section.8.6}% 237
\BOOKMARK [0][-]{chapter.9}{\376\377\000M\000o\000d\000e\000r\000n\000\040\000V\000i\000d\000e\000o\000\040\000C\000o\000m\000p\000r\000e\000s\000s\000i\000o\000n\000\040\000S\000t\000a\000n\000d\000a\000r\000d\000s}{}% 238
\BOOKMARK [1][-]{section.9.1}{\376\377\000T\000a\000b\000l\000e\000\040\000o\000f\000\040\000C\000o\000n\000t\000e\000n\000t\000s}{chapter.9}% 239
\BOOKMARK [1][-]{section.9.2}{\376\377\000C\000o\000r\000e\000\040\000I\000d\000e\000a}{chapter.9}% 240
\BOOKMARK [1][-]{section.9.3}{\376\377\000K\000e\000y\000\040\000C\000o\000n\000c\000e\000p\000t\000s}{chapter.9}% 241
\BOOKMARK [2][-]{subsection.9.3.1}{\376\377\000W\000h\000a\000t\000\040\000S\000t\000a\000n\000d\000a\000r\000d\000s\000\040\000D\000e\000f\000i\000n\000e}{section.9.3}% 242
\BOOKMARK [2][-]{subsection.9.3.2}{\376\377\000H\000i\000s\000t\000o\000r\000i\000c\000a\000l\000\040\000E\000v\000o\000l\000u\000t\000i\000o\000n}{section.9.3}% 243
\BOOKMARK [2][-]{subsection.9.3.3}{\376\377\000S\000o\000u\000r\000c\000e\000\040\0002\0000\0002\0006\000\040\000A\000d\000o\000p\000t\000i\000o\000n\000\040\000S\000c\000e\000n\000a\000r\000i\000o\000s}{section.9.3}% 244
\BOOKMARK [2][-]{subsection.9.3.4}{\376\377\000C\000o\000r\000e\000\040\000S\000t\000a\000n\000d\000a\000r\000d\000\040\000T\000o\000o\000l\000s}{section.9.3}% 245
\BOOKMARK [1][-]{section.9.4}{\376\377\000T\000h\000e\000o\000r\000y\000\040\000a\000n\000d\000\040\000F\000o\000r\000m\000u\000l\000a\000s}{chapter.9}% 246
\BOOKMARK [2][-]{subsection.9.4.1}{\376\377\000R\000a\000t\000e\000-\000D\000i\000s\000t\000o\000r\000t\000i\000o\000n\000\040\000O\000p\000t\000i\000m\000i\000z\000a\000t\000i\000o\000n}{section.9.4}% 247
\BOOKMARK [2][-]{subsection.9.4.2}{\376\377\000S\000p\000a\000c\000e\000\040\000P\000a\000r\000t\000i\000t\000i\000o\000n\000i\000n\000g\000\040\000E\000v\000o\000l\000u\000t\000i\000o\000n}{section.9.4}% 248
\BOOKMARK [2][-]{subsection.9.4.3}{\376\377\000R\000D\000O\000\040\000S\000e\000a\000r\000c\000h\000\040\000B\000u\000r\000d\000e\000n}{section.9.4}% 249
\BOOKMARK [2][-]{subsection.9.4.4}{\376\377\000I\000n\000t\000r\000a\000\040\000P\000r\000e\000d\000i\000c\000t\000i\000o\000n}{section.9.4}% 250
\BOOKMARK [2][-]{subsection.9.4.5}{\376\377\000M\000o\000s\000t\000\040\000P\000r\000o\000b\000a\000b\000l\000e\000\040\000M\000o\000d\000e}{section.9.4}% 251
\BOOKMARK [2][-]{subsection.9.4.6}{\376\377\000I\000n\000t\000e\000r\000\040\000P\000r\000e\000d\000i\000c\000t\000i\000o\000n}{section.9.4}% 252
\BOOKMARK [2][-]{subsection.9.4.7}{\376\377\000M\000o\000t\000i\000o\000n\000-\000V\000e\000c\000t\000o\000r\000\040\000P\000r\000e\000d\000i\000c\000t\000i\000o\000n\000\040\000a\000n\000d\000\040\000M\000e\000r\000g\000e}{section.9.4}% 253
\BOOKMARK [2][-]{subsection.9.4.8}{\376\377\000B\000e\000y\000o\000n\000d\000\040\000T\000r\000a\000n\000s\000l\000a\000t\000i\000o\000n\000a\000l\000\040\000M\000o\000t\000i\000o\000n}{section.9.4}% 254
\BOOKMARK [2][-]{subsection.9.4.9}{\376\377\000T\000r\000a\000n\000s\000f\000o\000r\000m\000s}{section.9.4}% 255
\BOOKMARK [2][-]{subsection.9.4.10}{\376\377\000Q\000u\000a\000n\000t\000i\000z\000a\000t\000i\000o\000n\000\040\000a\000n\000d\000\040\000C\000A\000B\000A\000C}{section.9.4}% 256
\BOOKMARK [2][-]{subsection.9.4.11}{\376\377\000I\000n\000-\000L\000o\000o\000p\000\040\000F\000i\000l\000t\000e\000r\000s}{section.9.4}% 257
\BOOKMARK [2][-]{subsection.9.4.12}{\376\377\000S\000l\000i\000c\000e\000s}{section.9.4}% 258
\BOOKMARK [2][-]{subsection.9.4.13}{\376\377\000V\000C\000L\000,\000\040\000N\000A\000L\000,\000\040\000N\000A\000L\000U\000,\000\040\000O\000B\000U}{section.9.4}% 259
\BOOKMARK [2][-]{subsection.9.4.14}{\376\377\000A\000n\000n\000e\000x\000-\000B\000\040\000v\000s\000\040\000P\000a\000c\000k\000e\000t\000i\000z\000e\000d\000\040\000F\000o\000r\000m\000a\000t}{section.9.4}% 260
\BOOKMARK [2][-]{subsection.9.4.15}{\376\377\000N\000e\000t\000w\000o\000r\000k\000-\000F\000r\000i\000e\000n\000d\000l\000y\000\040\000O\000p\000e\000r\000a\000t\000i\000o\000n\000s}{section.9.4}% 261
\BOOKMARK [2][-]{subsection.9.4.16}{\376\377\000R\000a\000n\000d\000o\000m\000\040\000A\000c\000c\000e\000s\000s}{section.9.4}% 262
\BOOKMARK [2][-]{subsection.9.4.17}{\376\377\000T\000i\000l\000e\000s\000\040\000a\000n\000d\000\040\000W\000P\000P}{section.9.4}% 263
\BOOKMARK [1][-]{section.9.5}{\376\377\000V\000i\000s\000u\000a\000l\000\040\000S\000c\000h\000e\000m\000e\000s}{chapter.9}% 264
\BOOKMARK [2][-]{subsection.9.5.1}{\376\377\000M\000o\000d\000e\000r\000n\000\040\000H\000y\000b\000r\000i\000d\000\040\000E\000n\000c\000o\000d\000e\000r\000\040\000L\000o\000o\000p}{section.9.5}% 265
\BOOKMARK [2][-]{subsection.9.5.2}{\376\377\000S\000t\000a\000n\000d\000a\000r\000d\000\040\000A\000b\000s\000t\000r\000a\000c\000t\000i\000o\000n}{section.9.5}% 266
\BOOKMARK [2][-]{subsection.9.5.3}{\376\377\000T\000r\000a\000n\000s\000p\000o\000r\000t\000\040\000M\000a\000p\000p\000i\000n\000g}{section.9.5}% 267
\BOOKMARK [1][-]{section.9.6}{\376\377\000E\000x\000a\000m\000p\000l\000e\000s}{chapter.9}% 268
\BOOKMARK [2][-]{subsection.9.6.1}{\376\377\000U\000V\000G\000\040\000H\000o\000n\000e\000y\000B\000e\000e\000\040\000C\000o\000m\000p\000a\000r\000i\000s\000o\000n}{section.9.6}% 269
\BOOKMARK [2][-]{subsection.9.6.2}{\376\377\000U\000V\000G\000\040\000B\000o\000s\000p\000h\000o\000r\000u\000s\000\040\000C\000o\000m\000p\000a\000r\000i\000s\000o\000n}{section.9.6}% 270
\BOOKMARK [2][-]{subsection.9.6.3}{\376\377\000P\000a\000r\000t\000i\000t\000i\000o\000n\000\040\000E\000v\000o\000l\000u\000t\000i\000o\000n\000\040\000S\000u\000m\000m\000a\000r\000y}{section.9.6}% 271
\BOOKMARK [2][-]{subsection.9.6.4}{\376\377\000F\000i\000n\000a\000l\000\040\000E\000x\000a\000m\000\040\000T\000a\000b\000l\000e}{section.9.6}% 272
\BOOKMARK [0][-]{chapter.10}{\376\377\000A\000u\000d\000i\000o\000\040\000C\000o\000d\000i\000n\000g}{}% 273
\BOOKMARK [1][-]{section.10.1}{\376\377\000T\000a\000b\000l\000e\000\040\000o\000f\000\040\000C\000o\000n\000t\000e\000n\000t\000s}{chapter.10}% 274
\BOOKMARK [1][-]{section.10.2}{\376\377\000C\000o\000r\000e\000\040\000I\000d\000e\000a}{chapter.10}% 275
\BOOKMARK [1][-]{section.10.3}{\376\377\000K\000e\000y\000\040\000C\000o\000n\000c\000e\000p\000t\000s}{chapter.10}% 276
\BOOKMARK [2][-]{subsection.10.3.1}{\376\377\000S\000p\000e\000e\000c\000h\000\040\000v\000s\000.\000\040\000M\000u\000s\000i\000c}{section.10.3}% 277
\BOOKMARK [2][-]{subsection.10.3.2}{\376\377\000E\000m\000p\000i\000r\000i\000c\000a\000l\000\040\000S\000i\000g\000n\000a\000l\000\040\000S\000t\000r\000u\000c\000t\000u\000r\000e}{section.10.3}% 278
\BOOKMARK [2][-]{subsection.10.3.3}{\376\377\000S\000o\000u\000r\000c\000e\000-\000F\000i\000l\000t\000e\000r\000\040\000M\000o\000d\000e\000l}{section.10.3}% 279
\BOOKMARK [2][-]{subsection.10.3.4}{\376\377\000V\000o\000i\000c\000e\000d\000\040\000a\000n\000d\000\040\000U\000n\000v\000o\000i\000c\000e\000d\000\040\000S\000p\000e\000e\000c\000h}{section.10.3}% 280
\BOOKMARK [1][-]{section.10.4}{\376\377\000T\000h\000e\000o\000r\000y\000\040\000a\000n\000d\000\040\000F\000o\000r\000m\000u\000l\000a\000s}{chapter.10}% 281
\BOOKMARK [2][-]{subsection.10.4.1}{\376\377\000L\000i\000n\000e\000a\000r\000\040\000P\000r\000e\000d\000i\000c\000t\000i\000v\000e\000\040\000C\000o\000d\000i\000n\000g}{section.10.4}% 282
\BOOKMARK [2][-]{subsection.10.4.2}{\376\377\000L\000P\000C\000\040\000A\000n\000a\000l\000y\000s\000i\000s}{section.10.4}% 283
\BOOKMARK [2][-]{subsection.10.4.3}{\376\377\000L\000P\000C\000\040\000S\000y\000n\000t\000h\000e\000s\000i\000s}{section.10.4}% 284
\BOOKMARK [2][-]{subsection.10.4.4}{\376\377\000L\000P\000C\000\040\000C\000o\000e\000f\000f\000i\000c\000i\000e\000n\000t\000\040\000Q\000u\000a\000n\000t\000i\000z\000a\000t\000i\000o\000n\000\040\000a\000n\000d\000\040\000L\000S\000F}{section.10.4}% 285
\BOOKMARK [2][-]{subsection.10.4.5}{\376\377\000V\000e\000c\000t\000o\000r\000\040\000Q\000u\000a\000n\000t\000i\000z\000a\000t\000i\000o\000n}{section.10.4}% 286
\BOOKMARK [2][-]{subsection.10.4.6}{\376\377\000L\000P\000C\000-\0001\0000\000\040\000B\000i\000t\000r\000a\000t\000e}{section.10.4}% 287
\BOOKMARK [2][-]{subsection.10.4.7}{\376\377\000C\000E\000L\000P}{section.10.4}% 288
\BOOKMARK [2][-]{subsection.10.4.8}{\376\377\000P\000e\000r\000c\000e\000p\000t\000u\000a\000l\000\040\000W\000e\000i\000g\000h\000t\000i\000n\000g\000\040\000i\000n\000\040\000C\000E\000L\000P}{section.10.4}% 289
\BOOKMARK [2][-]{subsection.10.4.9}{\376\377\000C\000E\000L\000P\000\040\000E\000x\000c\000i\000t\000a\000t\000i\000o\000n}{section.10.4}% 290
\BOOKMARK [2][-]{subsection.10.4.10}{\376\377\000G\000.\0007\0002\0009\000\040\000B\000i\000t\000r\000a\000t\000e}{section.10.4}% 291
\BOOKMARK [2][-]{subsection.10.4.11}{\376\377\000A\000M\000R\000-\000W\000B\000\040\000a\000n\000d\000\040\000E\000V\000S}{section.10.4}% 292
\BOOKMARK [2][-]{subsection.10.4.12}{\376\377\000P\000s\000y\000c\000h\000o\000a\000c\000o\000u\000s\000t\000i\000c\000\040\000C\000o\000d\000i\000n\000g}{section.10.4}% 293
\BOOKMARK [2][-]{subsection.10.4.13}{\376\377\000M\000D\000C\000T}{section.10.4}% 294
\BOOKMARK [2][-]{subsection.10.4.14}{\376\377\000P\000e\000r\000c\000e\000p\000t\000u\000a\000l\000\040\000A\000u\000d\000i\000o\000\040\000C\000o\000d\000e\000r}{section.10.4}% 295
\BOOKMARK [2][-]{subsection.10.4.15}{\376\377\000S\000i\000g\000n\000a\000l\000-\000t\000o\000-\000M\000a\000s\000k\000\040\000R\000a\000t\000i\000o}{section.10.4}% 296
\BOOKMARK [2][-]{subsection.10.4.16}{\376\377\000M\000P\0003\000\040\000v\000s\000.\000\040\000A\000A\000C}{section.10.4}% 297
\BOOKMARK [2][-]{subsection.10.4.17}{\376\377\000H\000E\000-\000A\000A\000C\000,\000\040\000U\000S\000A\000C\000,\000\040\000O\000p\000u\000s\000,\000\040\000N\000e\000u\000r\000a\000l\000\040\000C\000o\000d\000e\000c\000s}{section.10.4}% 298
\BOOKMARK [2][-]{subsection.10.4.18}{\376\377\000S\000p\000a\000t\000i\000a\000l\000\040\000A\000u\000d\000i\000o}{section.10.4}% 299
\BOOKMARK [2][-]{subsection.10.4.19}{\376\377\000Q\000u\000a\000l\000i\000t\000y\000\040\000A\000s\000s\000e\000s\000s\000m\000e\000n\000t}{section.10.4}% 300
\BOOKMARK [1][-]{section.10.5}{\376\377\000V\000i\000s\000u\000a\000l\000\040\000S\000c\000h\000e\000m\000e\000s}{chapter.10}% 301
\BOOKMARK [2][-]{subsection.10.5.1}{\376\377\000S\000p\000e\000e\000c\000h\000\040\000C\000o\000d\000i\000n\000g\000\040\000P\000i\000p\000e\000l\000i\000n\000e}{section.10.5}% 302
\BOOKMARK [2][-]{subsection.10.5.2}{\376\377\000C\000E\000L\000P\000\040\000A\000n\000a\000l\000y\000s\000i\000s\000-\000b\000y\000-\000S\000y\000n\000t\000h\000e\000s\000i\000s}{section.10.5}% 303
\BOOKMARK [2][-]{subsection.10.5.3}{\376\377\000P\000e\000r\000c\000e\000p\000t\000u\000a\000l\000\040\000A\000u\000d\000i\000o\000\040\000C\000o\000d\000i\000n\000g}{section.10.5}% 304
\BOOKMARK [1][-]{section.10.6}{\376\377\000E\000x\000a\000m\000p\000l\000e\000s}{chapter.10}% 305
\BOOKMARK [2][-]{subsection.10.6.1}{\376\377\000S\000p\000e\000e\000c\000h\000\040\000C\000o\000d\000e\000c\000\040\000P\000r\000o\000g\000r\000e\000s\000s\000i\000o\000n}{section.10.6}% 306
\BOOKMARK [2][-]{subsection.10.6.2}{\376\377\000P\000e\000r\000c\000e\000p\000t\000u\000a\000l\000\040\000C\000o\000d\000e\000c\000\040\000P\000r\000o\000g\000r\000e\000s\000s\000i\000o\000n}{section.10.6}% 307
\BOOKMARK [2][-]{subsection.10.6.3}{\376\377\000G\000.\0007\0002\0009\000\040\000R\000a\000t\000e\000\040\000C\000a\000l\000c\000u\000l\000a\000t\000i\000o\000n}{section.10.6}% 308
\BOOKMARK [2][-]{subsection.10.6.4}{\376\377\000W\000h\000y\000\040\000S\000N\000R\000\040\000F\000a\000i\000l\000s\000\040\000f\000o\000r\000\040\000A\000u\000d\000i\000o}{section.10.6}% 309
\BOOKMARK [2][-]{subsection.10.6.5}{\376\377\000F\000i\000n\000a\000l\000\040\000E\000x\000a\000m\000\040\000T\000a\000b\000l\000e}{section.10.6}% 310
\BOOKMARK [0][-]{chapter.11}{\376\377\000Q\000u\000a\000l\000i\000t\000y\000\040\000A\000s\000s\000e\000s\000s\000m\000e\000n\000t\000\040\000a\000n\000d\000\040\000Q\000u\000a\000l\000i\000t\000y\000\040\000o\000f\000\040\000E\000x\000p\000e\000r\000i\000e\000n\000c\000e\000\040\000f\000o\000r\000\040\000M\000u\000l\000t\000i\000m\000e\000d\000i\000a\000\040\000S\000e\000r\000v\000i\000c\000e\000s}{}% 311
\BOOKMARK [1][-]{section.11.1}{\376\377\000T\000a\000b\000l\000e\000\040\000o\000f\000\040\000C\000o\000n\000t\000e\000n\000t\000s}{chapter.11}% 312
\BOOKMARK [1][-]{section.11.2}{\376\377\000C\000o\000r\000e\000\040\000I\000d\000e\000a}{chapter.11}% 313
\BOOKMARK [1][-]{section.11.3}{\376\377\000K\000e\000y\000\040\000C\000o\000n\000c\000e\000p\000t\000s}{chapter.11}% 314
\BOOKMARK [2][-]{subsection.11.3.1}{\376\377\000A\000s\000s\000e\000s\000s\000m\000e\000n\000t\000\040\000T\000a\000x\000o\000n\000o\000m\000y}{section.11.3}% 315
\BOOKMARK [2][-]{subsection.11.3.2}{\376\377\000S\000u\000b\000j\000e\000c\000t\000i\000v\000e\000\040\000T\000e\000s\000t\000i\000n\000g}{section.11.3}% 316
\BOOKMARK [2][-]{subsection.11.3.3}{\376\377\000S\000t\000i\000m\000u\000l\000u\000s\000\040\000S\000e\000l\000e\000c\000t\000i\000o\000n\000:\000\040\000S\000I\000\040\000a\000n\000d\000\040\000T\000I}{section.11.3}% 317
\BOOKMARK [2][-]{subsection.11.3.4}{\376\377\000S\000u\000b\000j\000e\000c\000t\000i\000v\000e\000\040\000M\000e\000t\000h\000o\000d\000o\000l\000o\000g\000i\000e\000s}{section.11.3}% 318
\BOOKMARK [2][-]{subsection.11.3.5}{\376\377\000O\000b\000j\000e\000c\000t\000i\000v\000e\000\040\000M\000e\000t\000r\000i\000c\000\040\000T\000y\000p\000e\000s}{section.11.3}% 319
\BOOKMARK [1][-]{section.11.4}{\376\377\000T\000h\000e\000o\000r\000y\000\040\000a\000n\000d\000\040\000F\000o\000r\000m\000u\000l\000a\000s}{chapter.11}% 320
\BOOKMARK [2][-]{subsection.11.4.1}{\376\377\000S\000p\000a\000t\000i\000a\000l\000\040\000I\000n\000f\000o\000r\000m\000a\000t\000i\000o\000n}{section.11.4}% 321
\BOOKMARK [2][-]{subsection.11.4.2}{\376\377\000T\000e\000m\000p\000o\000r\000a\000l\000\040\000I\000n\000f\000o\000r\000m\000a\000t\000i\000o\000n}{section.11.4}% 322
\BOOKMARK [2][-]{subsection.11.4.3}{\376\377\000M\000O\000S}{section.11.4}% 323
\BOOKMARK [2][-]{subsection.11.4.4}{\376\377\000V\000a\000r\000i\000a\000b\000i\000l\000i\000t\000y\000,\000\040\000S\000t\000a\000n\000d\000a\000r\000d\000\040\000E\000r\000r\000o\000r\000,\000\040\000C\000o\000n\000f\000i\000d\000e\000n\000c\000e}{section.11.4}% 324
\BOOKMARK [2][-]{subsection.11.4.5}{\376\377\000H\000u\000m\000a\000n\000\040\000V\000i\000s\000u\000a\000l\000\040\000S\000y\000s\000t\000e\000m\000\040\000E\000f\000f\000e\000c\000t\000s}{section.11.4}% 325
\BOOKMARK [2][-]{subsection.11.4.6}{\376\377\000M\000S\000E\000\040\000a\000n\000d\000\040\000P\000S\000N\000R}{section.11.4}% 326
\BOOKMARK [2][-]{subsection.11.4.7}{\376\377\000B\000j\000o\000n\000t\000e\000g\000a\000a\000r\000d\000\040\000M\000e\000t\000r\000i\000c\000s}{section.11.4}% 327
\BOOKMARK [2][-]{subsection.11.4.8}{\376\377\000W\000h\000y\000\040\000P\000S\000N\000R\000\040\000I\000s\000\040\000N\000o\000t\000\040\000E\000n\000o\000u\000g\000h}{section.11.4}% 328
\BOOKMARK [2][-]{subsection.11.4.9}{\376\377\000S\000S\000I\000M}{section.11.4}% 329
\BOOKMARK [2][-]{subsection.11.4.10}{\376\377\000V\000M\000A\000F}{section.11.4}% 330
\BOOKMARK [2][-]{subsection.11.4.11}{\376\377\000A\000I\000-\000B\000a\000s\000e\000d\000\040\000M\000e\000t\000r\000i\000c\000s}{section.11.4}% 331
\BOOKMARK [2][-]{subsection.11.4.12}{\376\377\000R\000e\000d\000u\000c\000e\000d\000-\000R\000e\000f\000e\000r\000e\000n\000c\000e\000\040\000M\000e\000t\000r\000i\000c\000s}{section.11.4}% 332
\BOOKMARK [2][-]{subsection.11.4.13}{\376\377\000N\000o\000-\000R\000e\000f\000e\000r\000e\000n\000c\000e\000\040\000M\000e\000t\000r\000i\000c\000s}{section.11.4}% 333
\BOOKMARK [1][-]{section.11.5}{\376\377\000V\000i\000s\000u\000a\000l\000\040\000S\000c\000h\000e\000m\000e\000s}{chapter.11}% 334
\BOOKMARK [2][-]{subsection.11.5.1}{\376\377\000S\000u\000b\000j\000e\000c\000t\000i\000v\000e\000\040\000Q\000u\000a\000l\000i\000t\000y\000\040\000E\000x\000p\000e\000r\000i\000m\000e\000n\000t}{section.11.5}% 335
\BOOKMARK [2][-]{subsection.11.5.2}{\376\377\000O\000b\000j\000e\000c\000t\000i\000v\000e\000\040\000M\000e\000t\000r\000i\000c\000\040\000P\000i\000p\000e\000l\000i\000n\000e}{section.11.5}% 336
\BOOKMARK [2][-]{subsection.11.5.3}{\376\377\000Q\000o\000E\000\040\000O\000p\000t\000i\000m\000i\000z\000a\000t\000i\000o\000n\000\040\000L\000o\000o\000p}{section.11.5}% 337
\BOOKMARK [1][-]{section.11.6}{\376\377\000E\000x\000a\000m\000p\000l\000e\000s}{chapter.11}% 338
\BOOKMARK [2][-]{subsection.11.6.1}{\376\377\000S\000u\000b\000j\000e\000c\000t\000i\000v\000e\000\040\000M\000e\000t\000h\000o\000d\000\040\000C\000h\000o\000i\000c\000e}{section.11.6}% 339
\BOOKMARK [2][-]{subsection.11.6.2}{\376\377\000S\000I\000/\000T\000I\000\040\000C\000o\000n\000t\000e\000n\000t\000\040\000I\000n\000t\000e\000r\000p\000r\000e\000t\000a\000t\000i\000o\000n}{section.11.6}% 340
\BOOKMARK [2][-]{subsection.11.6.3}{\376\377\000O\000b\000j\000e\000c\000t\000i\000v\000e\000\040\000M\000e\000t\000r\000i\000c\000s\000\040\000S\000u\000m\000m\000a\000r\000y}{section.11.6}% 341
\BOOKMARK [2][-]{subsection.11.6.4}{\376\377\000F\000i\000n\000a\000l\000\040\000E\000x\000a\000m\000\040\000T\000a\000b\000l\000e}{section.11.6}% 342
\BOOKMARK [0][-]{chapter.12}{\376\377\000A\000d\000a\000p\000t\000i\000v\000e\000\040\000S\000t\000r\000e\000a\000m\000i\000n\000g}{}% 343
\BOOKMARK [1][-]{section.12.1}{\376\377\000T\000a\000b\000l\000e\000\040\000o\000f\000\040\000C\000o\000n\000t\000e\000n\000t\000s}{chapter.12}% 344
\BOOKMARK [1][-]{section.12.2}{\376\377\000C\000o\000r\000e\000\040\000I\000d\000e\000a}{chapter.12}% 345
\BOOKMARK [1][-]{section.12.3}{\376\377\000K\000e\000y\000\040\000C\000o\000n\000c\000e\000p\000t\000s}{chapter.12}% 346
\BOOKMARK [2][-]{subsection.12.3.1}{\376\377\000S\000e\000r\000v\000i\000c\000e\000\040\000C\000l\000a\000s\000s\000e\000s}{section.12.3}% 347
\BOOKMARK [2][-]{subsection.12.3.2}{\376\377\000O\000n\000e\000-\000t\000o\000-\000M\000a\000n\000y\000\040\000H\000e\000t\000e\000r\000o\000g\000e\000n\000e\000i\000t\000y}{section.12.3}% 348
\BOOKMARK [2][-]{subsection.12.3.3}{\376\377\000P\000u\000s\000h\000\040\000v\000s\000.\000\040\000P\000u\000l\000l\000\040\000M\000u\000l\000t\000i\000m\000e\000d\000i\000a\000\040\000S\000t\000a\000c\000k\000s}{section.12.3}% 349
\BOOKMARK [2][-]{subsection.12.3.4}{\376\377\000N\000e\000t\000w\000o\000r\000k\000-\000F\000r\000i\000e\000n\000d\000l\000y\000\040\000V\000i\000d\000e\000o}{section.12.3}% 350
\BOOKMARK [2][-]{subsection.12.3.5}{\376\377\000S\000c\000a\000l\000a\000b\000l\000e\000\040\000V\000i\000d\000e\000o\000\040\000C\000o\000d\000i\000n\000g}{section.12.3}% 351
\BOOKMARK [2][-]{subsection.12.3.6}{\376\377\000H\000T\000T\000P\000,\000\040\000Q\000U\000I\000C\000,\000\040\000a\000n\000d\000\040\000C\000D\000N\000s}{section.12.3}% 352
\BOOKMARK [1][-]{section.12.4}{\376\377\000T\000h\000e\000o\000r\000y\000\040\000a\000n\000d\000\040\000F\000o\000r\000m\000u\000l\000a\000s}{chapter.12}% 353
\BOOKMARK [2][-]{subsection.12.4.1}{\376\377\000D\000A\000S\000H\000\040\000A\000r\000c\000h\000i\000t\000e\000c\000t\000u\000r\000e}{section.12.4}% 354
\BOOKMARK [2][-]{subsection.12.4.2}{\376\377\000M\000P\000D\000\040\000M\000a\000n\000i\000f\000e\000s\000t}{section.12.4}% 355
\BOOKMARK [2][-]{subsection.12.4.3}{\376\377\000S\000e\000g\000m\000e\000n\000t\000\040\000G\000e\000n\000e\000r\000a\000t\000i\000o\000n\000\040\000R\000u\000l\000e\000s}{section.12.4}% 356
\BOOKMARK [2][-]{subsection.12.4.4}{\376\377\000L\000o\000w\000-\000L\000a\000t\000e\000n\000c\000y\000\040\000D\000A\000S\000H\000/\000C\000M\000A\000F}{section.12.4}% 357
\BOOKMARK [2][-]{subsection.12.4.5}{\376\377\000T\000h\000r\000o\000u\000g\000h\000p\000u\000t}{section.12.4}% 358
\BOOKMARK [2][-]{subsection.12.4.6}{\376\377\000D\000e\000l\000a\000y\000\040\000a\000n\000d\000\040\000J\000i\000t\000t\000e\000r}{section.12.4}% 359
\BOOKMARK [2][-]{subsection.12.4.7}{\376\377\000P\000l\000a\000y\000o\000u\000t\000\040\000B\000u\000f\000f\000e\000r\000\040\000M\000o\000d\000e\000l}{section.12.4}% 360
\BOOKMARK [2][-]{subsection.12.4.8}{\376\377\000F\000l\000u\000i\000d\000\040\000D\000y\000n\000a\000m\000i\000c\000s}{section.12.4}% 361
\BOOKMARK [2][-]{subsection.12.4.9}{\376\377\000Q\000o\000E\000\040\000f\000o\000r\000\040\000S\000t\000r\000e\000a\000m\000i\000n\000g}{section.12.4}% 362
\BOOKMARK [2][-]{subsection.12.4.10}{\376\377\000A\000B\000R\000\040\000S\000t\000r\000a\000t\000e\000g\000i\000e\000s}{section.12.4}% 363
\BOOKMARK [2][-]{subsection.12.4.11}{\376\377\000E\000x\000a\000m\000p\000l\000e\000\040\000A\000B\000R\000\040\000D\000e\000c\000i\000s\000i\000o\000n}{section.12.4}% 364
\BOOKMARK [1][-]{section.12.5}{\376\377\000V\000i\000s\000u\000a\000l\000\040\000S\000c\000h\000e\000m\000e\000s}{chapter.12}% 365
\BOOKMARK [2][-]{subsection.12.5.1}{\376\377\000D\000A\000S\000H\000\040\000P\000u\000l\000l\000\040\000P\000i\000p\000e\000l\000i\000n\000e}{section.12.5}% 366
\BOOKMARK [2][-]{subsection.12.5.2}{\376\377\000B\000u\000f\000f\000e\000r\000\040\000S\000t\000a\000t\000e\000\040\000M\000a\000c\000h\000i\000n\000e}{section.12.5}% 367
\BOOKMARK [2][-]{subsection.12.5.3}{\376\377\000A\000B\000R\000\040\000O\000b\000j\000e\000c\000t\000i\000v\000e}{section.12.5}% 368
\BOOKMARK [1][-]{section.12.6}{\376\377\000E\000x\000a\000m\000p\000l\000e\000s}{chapter.12}% 369
\BOOKMARK [2][-]{subsection.12.6.1}{\376\377\000B\000u\000f\000f\000e\000r\000\040\000P\000a\000r\000a\000m\000e\000t\000e\000r\000\040\000T\000r\000a\000d\000e\000o\000f\000f}{section.12.6}% 370
\BOOKMARK [2][-]{subsection.12.6.2}{\376\377\000E\000x\000e\000r\000c\000i\000s\000e\000\040\0001\000\040\000R\000e\000s\000u\000l\000t}{section.12.6}% 371
\BOOKMARK [2][-]{subsection.12.6.3}{\376\377\000E\000x\000e\000r\000c\000i\000s\000e\000\040\0002\000:\000\040\000M\000a\000x\000\040\000Q\000u\000a\000l\000i\000t\000y\000\040\000C\000a\000u\000s\000e\000s\000\040\000P\000e\000r\000i\000o\000d\000i\000c\000\040\000S\000t\000a\000l\000l\000s}{section.12.6}% 372
\BOOKMARK [2][-]{subsection.12.6.4}{\376\377\000E\000x\000e\000r\000c\000i\000s\000e\000\040\0002\000:\000\040\000P\000e\000r\000i\000o\000d\000i\000c\000\040\000Q\000u\000a\000l\000i\000t\000y\000\040\000R\000e\000d\000u\000c\000t\000i\000o\000n}{section.12.6}% 373
\BOOKMARK [2][-]{subsection.12.6.5}{\376\377\000F\000i\000n\000a\000l\000\040\000E\000x\000a\000m\000\040\000T\000a\000b\000l\000e}{section.12.6}% 374
