\BOOKMARK [1][-]{section.1}{\376\377\000M\000u\000l\000t\000i\000m\000e\000d\000i\000a\000\040\000R\000e\000p\000r\000e\000s\000e\000n\000t\000a\000t\000i\000o\000n\000\040\000\046\000\040\000P\000e\000r\000c\000e\000p\000t\000i\000o\000n}{}% 1
\BOOKMARK [2][-]{subsection.1.1}{\376\377\000H\000u\000m\000a\000n\000\040\000E\000y\000e}{section.1}% 2
\BOOKMARK [3][-]{subsubsection.1.1.1}{\376\377\000C\000S\000F\000\040\000-\000\040\000C\000o\000n\000t\000r\000a\000s\000t\000\040\000S\000e\000n\000s\000i\000t\000i\000v\000i\000t\000y\000\040\000F\000u\000n\000c\000t\000i\000o\000n}{subsection.1.1}% 3
\BOOKMARK [3][-]{subsubsection.1.1.2}{\376\377\000E\000y\000e\000\040\000S\000e\000n\000s\000i\000t\000i\000v\000i\000t\000y}{subsection.1.1}% 4
\BOOKMARK [2][-]{subsection.1.2}{\376\377\000C\000o\000l\000o\000r\000\040\000S\000p\000a\000c\000e\000s}{section.1}% 5
\BOOKMARK [3][-]{subsubsection.1.2.1}{\376\377\000R\000G\000B}{subsection.1.2}% 6
\BOOKMARK [3][-]{subsubsection.1.2.2}{\376\377\000H\000S\000V}{subsection.1.2}% 7
\BOOKMARK [3][-]{subsubsection.1.2.3}{\376\377\000Y\000C\000b\000C\000r\000\040\000=\000\040\000Y\000U\000V}{subsection.1.2}% 8
\BOOKMARK [2][-]{subsection.1.3}{\376\377\000M\000a\000c\000h\000i\000n\000e\000-\000c\000e\000n\000t\000r\000i\000c\000\040\000M\000u\000l\000t\000i\000m\000e\000d\000i\000a}{section.1}% 9
\BOOKMARK [2][-]{subsection.1.4}{\376\377\000F\000r\000e\000q\000u\000e\000n\000c\000y\000\040\000M\000a\000s\000k\000i\000n\000g\000\040\000F\000u\000n\000c\000t\000i\000o\000n\000s}{section.1}% 10
\BOOKMARK [2][-]{subsection.1.5}{\376\377\000I\000m\000a\000g\000e\000\040\000a\000n\000d\000\040\000V\000i\000d\000e\000o\000\040\000R\000e\000p\000r\000e\000s\000e\000n\000t\000a\000t\000i\000o\000n}{section.1}% 11
\BOOKMARK [3][-]{subsubsection.1.5.1}{\376\377\000I\000m\000a\000g\000e\000s}{subsection.1.5}% 12
\BOOKMARK [3][-]{subsubsection.1.5.2}{\376\377\000C\000o\000l\000o\000r\000\040\000S\000a\000m\000p\000l\000i\000n\000g}{subsection.1.5}% 13
\BOOKMARK [2][-]{subsection.1.6}{\376\377\000C\000o\000m\000p\000r\000e\000s\000s\000i\000o\000n}{section.1}% 14
\BOOKMARK [3][-]{subsubsection.1.6.1}{\376\377\000L\000o\000s\000s\000l\000e\000s\000s\000\040\000T\000e\000c\000h\000n\000i\000q\000u\000e\000s}{subsection.1.6}% 15
\BOOKMARK [3][-]{subsubsection.1.6.2}{\376\377\000L\000o\000s\000s\000y\000\040\000T\000e\000c\000h\000n\000i\000q\000u\000e\000s}{subsection.1.6}% 16
\BOOKMARK [2][-]{subsection.1.7}{\376\377\000Q\000u\000a\000n\000t\000i\000z\000a\000t\000i\000o\000n}{section.1}% 17
\BOOKMARK [3][-]{subsubsection.1.7.1}{\376\377\000Q\000u\000a\000l\000i\000t\000y\000\040\000E\000v\000a\000l\000u\000a\000t\000i\000o\000n}{subsection.1.7}% 18
\BOOKMARK [3][-]{subsubsection.1.7.2}{\376\377\000P\000e\000a\000k\000\040\000S\000N\000R\000\040\000\050\000P\000S\000N\000R\000\051}{subsection.1.7}% 19
\BOOKMARK [3][-]{subsubsection.1.7.3}{\376\377\000W\000e\000i\000g\000h\000t\000e\000d\000\040\000P\000e\000a\000k\000\040\000S\000N\000R\000\040\000\050\000W\000P\000S\000N\000R\000\051}{subsection.1.7}% 20
\BOOKMARK [3][-]{subsubsection.1.7.4}{\376\377\000O\000t\000h\000e\000r\000\040\000c\000r\000i\000t\000e\000r\000i\000a}{subsection.1.7}% 21
\BOOKMARK [3][-]{subsubsection.1.7.5}{\376\377\000C\000r\000i\000t\000e\000r\000i\000a\000\040\000t\000o\000\040\000e\000v\000a\000l\000u\000a\000t\000e\000\040\000a\000\040\000c\000o\000m\000p\000r\000e\000s\000s\000i\000o\000n\000\040\000a\000l\000g\000o\000r\000i\000t\000h\000m}{subsection.1.7}% 22
\BOOKMARK [1][-]{section.2}{\376\377\000S\000c\000a\000l\000a\000r\000\040\000a\000n\000d\000\040\000P\000r\000e\000d\000i\000c\000t\000i\000v\000e\000\040\000Q\000u\000a\000n\000t\000i\000z\000a\000t\000i\000o\000n}{}% 23
\BOOKMARK [2][-]{subsection.2.1}{\376\377\000S\000c\000a\000l\000a\000r\000\040\000Q\000u\000a\000n\000t\000i\000z\000e\000r}{section.2}% 24
\BOOKMARK [3][-]{subsubsection.2.1.1}{\376\377\000R\000a\000t\000e}{subsection.2.1}% 25
\BOOKMARK [3][-]{subsubsection.2.1.2}{\376\377\000D\000i\000s\000t\000o\000r\000t\000i\000o\000n}{subsection.2.1}% 26
\BOOKMARK [2][-]{subsection.2.2}{\376\377\000U\000n\000i\000f\000o\000r\000m\000\040\000Q\000u\000a\000n\000t\000i\000z\000a\000t\000i\000o\000n}{section.2}% 27
\BOOKMARK [3][-]{subsubsection.2.2.1}{\376\377\000D\000e\000f\000i\000n\000i\000t\000i\000o\000n\000s}{subsection.2.2}% 28
\BOOKMARK [3][-]{subsubsection.2.2.2}{\376\377\000U\000n\000s\000i\000g\000n\000e\000d\000\040\000D\000a\000t\000a}{subsection.2.2}% 29
\BOOKMARK [3][-]{subsubsection.2.2.3}{\376\377\000S\000i\000g\000n\000e\000d\000\040\000D\000a\000t\000a\000\040\000\050\000M\000i\000d\000t\000r\000e\000a\000d\000\051}{subsection.2.2}% 30
\BOOKMARK [3][-]{subsubsection.2.2.4}{\376\377\000D\000e\000a\000d\000-\000z\000o\000n\000e\000\040\000Q\000u\000a\000n\000t\000i\000z\000a\000t\000i\000o\000n\000\040\000f\000o\000r\000\040\000S\000i\000g\000n\000e\000d\000\040\000D\000a\000t\000a}{subsection.2.2}% 31
\BOOKMARK [3][-]{subsubsection.2.2.5}{\376\377\000R\000a\000t\000e\000\040\000a\000n\000d\000\040\000D\000i\000s\000t\000o\000r\000s\000i\000o\000n\000\040\000c\000u\000r\000v\000e}{subsection.2.2}% 32
\BOOKMARK [2][-]{subsection.2.3}{\376\377\000O\000p\000t\000i\000m\000a\000l\000\040\000Q\000u\000a\000n\000t\000i\000z\000a\000t\000i\000o\000n}{section.2}% 33
\BOOKMARK [3][-]{subsubsection.2.3.1}{\376\377\000H\000i\000g\000h\000\040\000R\000e\000s\000o\000l\000u\000t\000i\000o\000n\000\040\000\050\000H\000R\000\051\000\040\000U\000n\000i\000f\000o\000r\000m\000\040\000Q\000u\000a\000n\000t\000i\000z\000a\000t\000i\000o\000n}{subsection.2.3}% 34
\BOOKMARK [3][-]{subsubsection.2.3.2}{\376\377\000L\000l\000o\000y\000d\000-\000M\000a\000x\000\040\000a\000l\000g\000o\000r\000i\000t\000h\000m}{subsection.2.3}% 35
\BOOKMARK [3][-]{subsubsection.2.3.3}{\376\377\000R\000e\000a\000l\000-\000l\000i\000f\000e\000\040\000L\000l\000o\000y\000d\000-\000M\000a\000x\000\040\000a\000d\000a\000p\000t\000a\000t\000i\000o\000n}{subsection.2.3}% 36
\BOOKMARK [2][-]{subsection.2.4}{\376\377\000P\000r\000e\000d\000i\000c\000t\000i\000v\000e\000\040\000S\000c\000a\000l\000a\000r\000\040\000Q\000u\000a\000n\000t\000i\000z\000a\000t\000i\000o\000n}{section.2}% 37
\BOOKMARK [3][-]{subsubsection.2.4.1}{\376\377\000S\000p\000a\000r\000s\000i\000f\000i\000c\000a\000t\000i\000o\000n}{subsection.2.4}% 38
\BOOKMARK [3][-]{subsubsection.2.4.2}{\376\377\000P\000r\000e\000d\000i\000c\000t\000i\000o\000n}{subsection.2.4}% 39
\BOOKMARK [3][-]{subsubsection.2.4.3}{\376\377\000P\000r\000e\000d\000i\000c\000t\000i\000o\000n\000\040\000E\000r\000r\000o\000r}{subsection.2.4}% 40
\BOOKMARK [3][-]{subsubsection.2.4.4}{\376\377\000C\000o\000d\000i\000n\000g\000\040\000G\000a\000i\000n\000s}{subsection.2.4}% 41
\BOOKMARK [3][-]{subsubsection.2.4.5}{\376\377\000L\000i\000n\000e\000a\000r\000\040\000P\000r\000e\000d\000i\000c\000t\000o\000r\000s}{subsection.2.4}% 42
\BOOKMARK [3][-]{subsubsection.2.4.6}{\376\377\000O\000p\000t\000i\000m\000a\000l\000\040\000P\000r\000e\000d\000i\000c\000t\000o\000r\000\040\000\050\000W\000i\000e\000n\000e\000r\000-\000H\000o\000p\000f\000\051}{subsection.2.4}% 43
\BOOKMARK [3][-]{subsubsection.2.4.7}{\376\377\000W\000o\000r\000k\000e\000d\000\040\000e\000x\000a\000m\000p\000l\000e\000:\000\040\000A\000R\000\050\0001\000\051\000\040\000G\000a\000u\000s\000s\000i\000a\000n\000\040\000s\000i\000g\000n\000a\000l}{subsection.2.4}% 44
\BOOKMARK [3][-]{subsubsection.2.4.8}{\376\377\000P\000r\000e\000d\000i\000c\000t\000i\000o\000n\000\040\000G\000a\000i\000n\000:\000\040\000f\000i\000l\000t\000e\000r\000\040\000o\000r\000d\000e\000r\000\040\000i\000m\000p\000a\000c\000t}{subsection.2.4}% 45
\BOOKMARK [3][-]{subsubsection.2.4.9}{\376\377\000L\000o\000c\000a\000l\000\040\000a\000d\000a\000p\000t\000a\000t\000i\000o\000n}{subsection.2.4}% 46
\BOOKMARK [3][-]{subsubsection.2.4.10}{\376\377\000W\000r\000o\000n\000g\000\040\000s\000c\000h\000e\000m\000e\000:\000\040\000o\000p\000e\000n\000-\000l\000o\000o\000p\000\040\000p\000r\000e\000d\000i\000c\000t\000i\000o\000n\000\040\000\050\000d\000r\000i\000f\000t\000\051}{subsection.2.4}% 47
\BOOKMARK [3][-]{subsubsection.2.4.11}{\376\377\000C\000o\000r\000r\000e\000c\000t\000\040\000s\000c\000h\000e\000m\000e\000:\000\040\000c\000l\000o\000s\000e\000d\000-\000l\000o\000o\000p\000\040\000p\000r\000e\000d\000i\000c\000t\000i\000o\000n\000\040\000\050\000D\000P\000C\000M\000\051}{subsection.2.4}% 48
\BOOKMARK [3][-]{subsubsection.2.4.12}{\376\377\000I\000m\000p\000a\000c\000t\000\040\000o\000f\000\040\000e\000n\000t\000r\000o\000p\000y\000\040\000c\000o\000d\000i\000n\000g\000\040\000o\000n\000\040\000P\000Q}{subsection.2.4}% 49
\BOOKMARK [3][-]{subsubsection.2.4.13}{\376\377\000D\000i\000r\000e\000c\000t\000\040\000v\000s\000\040\000P\000r\000e\000d\000i\000c\000t\000i\000v\000e\000\040\000Q\000u\000a\000n\000t\000i\000z\000a\000t\000i\000o\000n}{subsection.2.4}% 50
\BOOKMARK [1][-]{section.3}{\376\377\000L\000o\000s\000s\000l\000e\000s\000s\000\040\000C\000o\000d\000i\000n\000g}{}% 51
\BOOKMARK [2][-]{subsection.3.1}{\376\377\000D\000e\000f\000i\000n\000i\000t\000i\000o\000n\000s}{section.3}% 52
\BOOKMARK [2][-]{subsection.3.2}{\376\377\000C\000o\000d\000e\000\040\000T\000y\000p\000e\000s}{section.3}% 53
\BOOKMARK [3][-]{subsubsection.3.2.1}{\376\377\000F\000i\000x\000e\000d\000-\000L\000e\000n\000g\000t\000h\000\040\000C\000o\000d\000e}{subsection.3.2}% 54
\BOOKMARK [3][-]{subsubsection.3.2.2}{\376\377\000V\000a\000r\000i\000a\000b\000l\000e\000-\000L\000e\000n\000g\000t\000h\000\040\000C\000o\000d\000e}{subsection.3.2}% 55
\BOOKMARK [2][-]{subsection.3.3}{\376\377\000V\000a\000r\000i\000a\000b\000l\000e\000-\000l\000e\000n\000g\000t\000h\000\040\000c\000o\000d\000e\000s\000\040\000t\000h\000e\000o\000r\000e\000m\000s}{section.3}% 56
\BOOKMARK [3][-]{subsubsection.3.3.1}{\376\377\000M\000c\000M\000i\000l\000l\000a\000n\000'\000s\000\040\000T\000h\000e\000o\000r\000e\000m}{subsection.3.3}% 57
\BOOKMARK [3][-]{subsubsection.3.3.2}{\376\377\000K\000r\000a\000f\000t\000'\000s\000\040\000I\000n\000e\000q\000u\000a\000l\000i\000t\000y}{subsection.3.3}% 58
\BOOKMARK [3][-]{subsubsection.3.3.3}{\376\377\000P\000r\000o\000o\000f\000\040\000f\000o\000r\000\040\000K\000r\000a\000f\000t\000'\000s\000\040\000\040\000\050\000n\000e\000c\000e\000s\000s\000i\000t\000y\000\051}{subsection.3.3}% 59
\BOOKMARK [3][-]{subsubsection.3.3.4}{\376\377\000P\000r\000o\000o\000f\000\040\000f\000o\000r\000\040\000K\000r\000a\000f\000t\000'\000s\000\040\000\040\000\050\000s\000u\000f\000f\000i\000c\000i\000e\000n\000c\000y\000\051}{subsection.3.3}% 60
\BOOKMARK [2][-]{subsection.3.4}{\376\377\000R\000e\000c\000a\000l\000l\000:\000\040\000I\000n\000f\000o\000r\000m\000a\000t\000i\000o\000n\000\040\000T\000h\000e\000o\000r\000y}{section.3}% 61
\BOOKMARK [3][-]{subsubsection.3.4.1}{\376\377\000I\000n\000f\000o\000r\000m\000a\000t\000i\000o\000n}{subsection.3.4}% 62
\BOOKMARK [3][-]{subsubsection.3.4.2}{\376\377\000S\000o\000u\000r\000c\000e\000\040\000E\000n\000t\000r\000o\000p\000y}{subsection.3.4}% 63
\BOOKMARK [3][-]{subsubsection.3.4.3}{\376\377\000M\000a\000x\000\040\000E\000n\000t\000r\000o\000p\000y\000\040\000D\000i\000s\000t\000r\000i\000b\000u\000t\000i\000o\000n}{subsection.3.4}% 64
\BOOKMARK [3][-]{subsubsection.3.4.4}{\376\377\000J\000o\000i\000n\000t\000\040\000E\000n\000t\000r\000o\000p\000y}{subsection.3.4}% 65
\BOOKMARK [3][-]{subsubsection.3.4.5}{\376\377\000C\000o\000n\000d\000i\000t\000i\000o\000n\000a\000l\000\040\000E\000n\000t\000r\000o\000p\000y}{subsection.3.4}% 66
\BOOKMARK [2][-]{subsection.3.5}{\376\377\000O\000p\000t\000i\000m\000a\000l\000\040\000C\000o\000d\000e}{section.3}% 67
\BOOKMARK [3][-]{subsubsection.3.5.1}{\376\377\000M\000a\000t\000h\000\040\000F\000o\000r\000m\000u\000l\000a\000t\000i\000o\000n}{subsection.3.5}% 68
\BOOKMARK [3][-]{subsubsection.3.5.2}{\376\377\000S\000h\000a\000n\000n\000o\000n\000'\000s\000\040\000s\000o\000u\000r\000c\000e\000\040\000c\000o\000d\000i\000n\000g\000\040\000t\000h\000e\000o\000r\000e\000m}{subsection.3.5}% 69
\BOOKMARK [3][-]{subsubsection.3.5.3}{\376\377\000H\000u\000f\000f\000m\000a\000n\000\040\000C\000o\000d\000i\000n\000g}{subsection.3.5}% 70
\BOOKMARK [3][-]{subsubsection.3.5.4}{\376\377\000B\000l\000o\000c\000k\000\040\000C\000o\000d\000i\000n\000g}{subsection.3.5}% 71
\BOOKMARK [3][-]{subsubsection.3.5.5}{\376\377\000L\000i\000m\000i\000t\000s\000\040\000o\000f\000\040\000H\000u\000f\000f\000m\000a\000n}{subsection.3.5}% 72
\BOOKMARK [3][-]{subsubsection.3.5.6}{\376\377\000A\000r\000i\000t\000h\000m\000e\000t\000i\000c\000\040\000c\000o\000d\000i\000n\000g}{subsection.3.5}% 73
\BOOKMARK [3][-]{subsubsection.3.5.7}{\376\377\000A\000d\000a\000p\000t\000i\000v\000i\000t\000y\000\040\000a\000n\000d\000\040\000C\000o\000n\000t\000e\000x\000t\000-\000b\000a\000s\000e\000d\000\040\000c\000o\000d\000i\000n\000g}{subsection.3.5}% 74
\BOOKMARK [3][-]{subsubsection.3.5.8}{\376\377\000W\000h\000y\000\040\000A\000r\000i\000t\000h\000m\000e\000t\000i\000c\000\040\000i\000s\000\040\000p\000r\000e\000f\000e\000r\000r\000e\000d\000\040\000o\000v\000e\000r\000\040\000H\000u\000f\000f\000m\000a\000n\000\040\000\050\000w\000r\000a\000p\000-\000u\000p\000\051}{subsection.3.5}% 75
\BOOKMARK [3][-]{subsubsection.3.5.9}{\376\377\000C\000o\000n\000t\000e\000x\000t\000-\000b\000a\000s\000e\000d\000\040\000c\000o\000d\000i\000n\000g}{subsection.3.5}% 76
\BOOKMARK [2][-]{subsection.3.6}{\376\377\000O\000t\000h\000e\000r\000\040\000T\000e\000c\000h\000n\000i\000q\000u\000e\000s}{section.3}% 77
\BOOKMARK [3][-]{subsubsection.3.6.1}{\376\377\000U\000n\000s\000i\000g\000n\000e\000d\000\040\000E\000x\000p\000-\000G\000o\000l\000o\000m\000b}{subsection.3.6}% 78
\BOOKMARK [3][-]{subsubsection.3.6.2}{\376\377\000S\000i\000g\000n\000e\000d\000\040\000E\000x\000p\000-\000G\000o\000l\000o\000m\000b}{subsection.3.6}% 79
\BOOKMARK [3][-]{subsubsection.3.6.3}{\376\377\000D\000i\000c\000t\000i\000o\000n\000a\000r\000y\000-\000b\000a\000s\000e\000d\000\040\000c\000o\000d\000i\000n\000g}{subsection.3.6}% 80
\BOOKMARK [3][-]{subsubsection.3.6.4}{\376\377\000L\000Z\000W\000\040\000c\000o\000d\000i\000n\000g}{subsection.3.6}% 81
\BOOKMARK [3][-]{subsubsection.3.6.5}{\376\377\000E\000x\000a\000m\000p\000l\000e\000s\000\040\000o\000f\000\040\000r\000e\000a\000l\000-\000l\000i\000f\000e\000\040\000C\000o\000d\000i\000n\000g}{subsection.3.6}% 82
\BOOKMARK [3][-]{subsubsection.3.6.6}{\376\377\000N\000e\000u\000r\000a\000l\000\040\000L\000o\000s\000s\000l\000e\000s\000s\000\040\000C\000o\000d\000i\000n\000g\000\040\000\050\000N\000L\000C\000\051\000\040\000T\000e\000c\000h\000n\000i\000q\000u\000e\000s}{subsection.3.6}% 83
\BOOKMARK [3][-]{subsubsection.3.6.7}{\376\377\000G\000u\000i\000d\000e\000l\000i\000n\000e\000s\000\040\000t\000o\000\040\000r\000e\000a\000c\000h\000\040\000L\000\040\000H}{subsection.3.6}% 84
\BOOKMARK [1][-]{section.4}{\376\377\000T\000r\000a\000n\000s\000f\000o\000r\000m\000\040\000C\000o\000d\000i\000n\000g\000\040\000a\000n\000d\000\040\000J\000P\000E\000G}{}% 85
\BOOKMARK [2][-]{subsection.4.1}{\376\377\000I\000n\000t\000r\000o\000d\000u\000c\000t\000i\000o\000n\000\040\000w\000i\000t\000h\000\040\000B\000l\000o\000c\000k\000\040\000C\000o\000d\000i\000n\000g}{section.4}% 86
\BOOKMARK [2][-]{subsection.4.2}{\376\377\000H\000u\000a\000n\000g\000-\000S\000c\000h\000u\000l\000t\000e\000i\000s\000s\000\040\000\050\000H\000S\000\051\000\040\000f\000o\000r\000m\000u\000l\000a}{section.4}% 87
\BOOKMARK [3][-]{subsubsection.4.2.1}{\376\377\000H\000S\000\040\000f\000o\000r\000m\000u\000l\000a\000\040\000d\000e\000r\000i\000v\000a\000t\000i\000o\000n}{subsection.4.2}% 88
\BOOKMARK [3][-]{subsubsection.4.2.2}{\376\377\000H\000S\000\040\000f\000o\000r\000m\000u\000l\000a\000\040\000i\000n\000t\000e\000r\000p\000r\000e\000t\000a\000t\000i\000o\000n}{subsection.4.2}% 89
\BOOKMARK [3][-]{subsubsection.4.2.3}{\376\377\000W\000h\000y\000\040\000t\000h\000e\000\040\000G\000e\000o\000m\000e\000t\000r\000i\000c\000\040\000M\000e\000a\000n\000\040\000i\000s\000\040\000t\000h\000e\000\040\000k\000e\000y\000\040\000q\000u\000a\000n\000t\000i\000t\000y}{subsection.4.2}% 90
\BOOKMARK [2][-]{subsection.4.3}{\376\377\000T\000r\000a\000n\000s\000f\000o\000r\000m\000\040\000C\000o\000d\000i\000n\000g}{section.4}% 91
\BOOKMARK [3][-]{subsubsection.4.3.1}{\376\377\000O\000r\000t\000h\000o\000g\000o\000n\000a\000l\000\040\000T\000r\000a\000n\000s\000f\000o\000r\000m\000s}{subsection.4.3}% 92
\BOOKMARK [3][-]{subsubsection.4.3.2}{\376\377\000O\000r\000t\000h\000o\000g\000o\000n\000a\000l\000\040\000T\000r\000a\000n\000s\000f\000o\000r\000m\000s\000\040\000a\000p\000p\000l\000i\000e\000d\000\040\000t\000o\000\040\000B\000l\000o\000c\000k\000\040\000C\000o\000d\000i\000n\000g}{subsection.4.3}% 93
\BOOKMARK [3][-]{subsubsection.4.3.3}{\376\377\000T\000r\000a\000n\000s\000f\000o\000r\000m\000\040\000C\000o\000d\000i\000n\000g\000\040\000e\000x\000a\000m\000p\000l\000e}{subsection.4.3}% 94
\BOOKMARK [2][-]{subsection.4.4}{\376\377\000P\000r\000a\000c\000t\000i\000c\000a\000l\000\040\000A\000l\000g\000o\000r\000i\000t\000h\000m\000s\000\040\000f\000o\000r\000\040\000R\000e\000s\000o\000u\000r\000c\000e\000\040\000A\000l\000l\000o\000c\000a\000t\000i\000o\000n}{section.4}% 95
\BOOKMARK [3][-]{subsubsection.4.4.1}{\376\377\000G\000r\000e\000e\000d\000y\000\040\000A\000l\000g\000o\000r\000i\000t\000h\000m}{subsection.4.4}% 96
\BOOKMARK [3][-]{subsubsection.4.4.2}{\376\377\000M\000o\000d\000i\000f\000i\000e\000d\000\040\000H\000S\000\040\000a\000l\000g\000o\000r\000i\000t\000h\000m}{subsection.4.4}% 97
\BOOKMARK [2][-]{subsection.4.5}{\376\377\000T\000o\000w\000a\000r\000d\000s\000\040\000O\000p\000t\000i\000m\000a\000l\000\040\000T\000r\000a\000n\000s\000f\000o\000r\000m}{section.4}% 98
\BOOKMARK [3][-]{subsubsection.4.5.1}{\376\377\000K\000a\000r\000h\000u\000n\000e\000n\000-\000L\000o\000\350\000v\000e\000\040\000T\000r\000a\000n\000s\000f\000o\000r\000m\000\040\000\050\000K\000L\000T\000\051}{subsection.4.5}% 99
\BOOKMARK [2][-]{subsection.4.6}{\376\377\000F\000r\000e\000q\000u\000e\000n\000c\000y\000\040\000T\000r\000a\000n\000s\000f\000o\000r\000m\000s}{section.4}% 100
\BOOKMARK [3][-]{subsubsection.4.6.1}{\376\377\0001\000D\000-\000D\000F\000T\000\040\000f\000o\000r\000\040\000C\000o\000m\000p\000r\000e\000s\000s\000i\000o\000n}{subsection.4.6}% 101
\BOOKMARK [3][-]{subsubsection.4.6.2}{\376\377\0002\000D\000-\000D\000F\000T\000\040\000f\000o\000r\000\040\000C\000o\000m\000p\000r\000e\000s\000s\000i\000o\000n}{subsection.4.6}% 102
\BOOKMARK [3][-]{subsubsection.4.6.3}{\376\377\000D\000F\000T\000\040\000S\000e\000p\000a\000r\000a\000b\000l\000e\000\040\000I\000m\000p\000l\000e\000m\000e\000n\000t\000a\000t\000i\000o\000n}{subsection.4.6}% 103
\BOOKMARK [3][-]{subsubsection.4.6.4}{\376\377\000D\000C\000T\000\040\000T\000r\000a\000n\000s\000f\000o\000r\000m\000\040\000M\000a\000t\000r\000i\000x}{subsection.4.6}% 104
\BOOKMARK [3][-]{subsubsection.4.6.5}{\376\377\0001\000D\000-\000D\000C\000T\000\040\000T\000r\000a\000n\000s\000f\000o\000r\000m}{subsection.4.6}% 105
\BOOKMARK [3][-]{subsubsection.4.6.6}{\376\377\0002\000D\000-\000D\000C\000T\000\040\000T\000r\000a\000n\000s\000f\000o\000r\000m\000:\000\040\000B\000l\000o\000c\000k\000-\000B\000a\000s\000e\000d\000\040\000D\000C\000T}{subsection.4.6}% 106
\BOOKMARK [2][-]{subsection.4.7}{\376\377\000J\000P\000E\000G}{section.4}% 107
\BOOKMARK [3][-]{subsubsection.4.7.1}{\376\377\000E\000n\000c\000o\000d\000i\000n\000g\000\040\000S\000t\000r\000a\000t\000e\000g\000y}{subsection.4.7}% 108
\BOOKMARK [3][-]{subsubsection.4.7.2}{\376\377\000Q\000u\000a\000n\000t\000i\000z\000a\000t\000i\000o\000n\000-\000s\000t\000e\000p\000\040\000t\000a\000b\000l\000e}{subsection.4.7}% 109
\BOOKMARK [3][-]{subsubsection.4.7.3}{\376\377\000S\000c\000a\000l\000i\000n\000g\000\040\000F\000a\000c\000t\000o\000r\000\040\000a\000n\000d\000\040\000Q\000u\000a\000l\000i\000t\000y}{subsection.4.7}% 110
\BOOKMARK [3][-]{subsubsection.4.7.4}{\376\377\000Z\000i\000g\000-\000Z\000a\000g\000\040\000C\000o\000d\000i\000n\000g}{subsection.4.7}% 111
\BOOKMARK [2][-]{subsection.4.8}{\376\377\000E\000n\000t\000r\000o\000p\000y\000\040\000C\000o\000d\000i\000n\000g\000\040\000o\000f\000\040\000t\000h\000e\000\040\000C\000o\000e\000f\000f\000i\000c\000i\000e\000n\000t\000s}{section.4}% 112
\BOOKMARK [3][-]{subsubsection.4.8.1}{\376\377\000D\000C\000\040\000C\000o\000e\000f\000f\000i\000c\000i\000e\000n\000t\000s}{subsection.4.8}% 113
\BOOKMARK [3][-]{subsubsection.4.8.2}{\376\377\000A\000C\000\040\000C\000o\000e\000f\000f\000i\000c\000i\000e\000n\000t\000s}{subsection.4.8}% 114
\BOOKMARK [2][-]{subsection.4.9}{\376\377\000F\000r\000a\000m\000e\000\040\000B\000u\000i\000l\000d\000i\000n\000g}{section.4}% 115
\BOOKMARK [2][-]{subsection.4.10}{\376\377\000J\000P\000E\000G\000\040\000a\000d\000d\000i\000t\000i\000o\000n\000a\000l\000\040\000i\000n\000f\000o\000r\000m\000a\000t\000i\000o\000n\000s}{section.4}% 116
\BOOKMARK [3][-]{subsubsection.4.10.1}{\376\377\000J\000F\000I\000F\000:\000\040\000J\000P\000E\000G\000\040\000F\000i\000l\000e\000\040\000I\000n\000t\000e\000r\000c\000h\000a\000n\000g\000e\000\040\000F\000o\000r\000m\000a\000t}{subsection.4.10}% 117
\BOOKMARK [3][-]{subsubsection.4.10.2}{\376\377\000E\000X\000I\000F\000:\000\040\000E\000x\000t\000e\000n\000d\000e\000d\000\040\000I\000m\000a\000g\000e\000\040\000F\000i\000l\000e\000\040\000F\000o\000r\000m\000a\000t}{subsection.4.10}% 118
\BOOKMARK [1][-]{section.5}{\376\377\000W\000a\000v\000e\000l\000e\000t\000-\000b\000a\000s\000e\000d\000\040\000I\000m\000a\000g\000e\000\040\000C\000o\000m\000p\000r\000e\000s\000s\000i\000o\000n}{}% 119
\BOOKMARK [2][-]{subsection.5.1}{\376\377\000S\000i\000g\000n\000a\000l\000\040\000A\000n\000a\000l\000y\000s\000i\000s}{section.5}% 120
\BOOKMARK [3][-]{subsubsection.5.1.1}{\376\377\000S\000i\000g\000n\000a\000l\000\040\000A\000n\000a\000l\000y\000s\000i\000s\000\040\000t\000h\000r\000o\000u\000g\000h\000\040\000P\000r\000o\000j\000e\000c\000t\000i\000o\000n}{subsection.5.1}% 121
\BOOKMARK [3][-]{subsubsection.5.1.2}{\376\377\000R\000e\000s\000o\000l\000u\000t\000i\000o\000n\000\040\000T\000r\000a\000d\000e\000o\000f\000f\000:\000\040\000T\000i\000m\000e\000-\000F\000r\000e\000q\000u\000e\000n\000c\000y\000\040\000H\000e\000i\000s\000e\000n\000b\000e\000r\000g\000-\000l\000i\000k\000e\000\040\000U\000n\000c\000e\000r\000t\000a\000i\000n\000t\000y\000\040\000p\000r\000i\000n\000c\000i\000p\000l\000e}{subsection.5.1}% 122
\BOOKMARK [3][-]{subsubsection.5.1.3}{\376\377\000F\000r\000e\000q\000u\000e\000n\000c\000y\000\040\000A\000n\000a\000l\000y\000s\000i\000s\000:\000\040\000S\000T\000F\000T\000\040\000a\000n\000d\000\040\000R\000i\000g\000i\000d\000\040\000T\000i\000l\000t\000i\000n\000g}{subsection.5.1}% 123
\BOOKMARK [2][-]{subsection.5.2}{\376\377\000D\000i\000s\000c\000r\000e\000t\000e\000\040\000W\000a\000v\000e\000l\000e\000t\000\040\000T\000r\000a\000n\000s\000f\000o\000r\000m\000\040\000\050\000D\000W\000T\000\051\000\040\000a\000n\000d\000\040\000M\000u\000l\000t\000i\000\040\000R\000e\000s\000o\000l\000u\000t\000i\000o\000n\000\040\000A\000n\000a\000l\000y\000s\000i\000s\000\040\000\050\000M\000R\000A\000\051}{section.5}% 124
\BOOKMARK [3][-]{subsubsection.5.2.1}{\376\377\0001\000D\000-\000M\000R\000A}{subsection.5.2}% 125
\BOOKMARK [3][-]{subsubsection.5.2.2}{\376\377\0002\000D\000-\000M\000R\000A}{subsection.5.2}% 126
\BOOKMARK [3][-]{subsubsection.5.2.3}{\376\377\000E\000Z\000W\000:\000\040\000E\000m\000b\000e\000d\000d\000e\000d\000\040\000Z\000e\000r\000o\000t\000r\000e\000e\000s\000\040\000o\000f\000\040\000W\000a\000v\000e\000l\000e\000t\000\040\000C\000o\000e\000f\000f\000i\000c\000i\000e\000n\000t\000s}{subsection.5.2}% 127
\BOOKMARK [3][-]{subsubsection.5.2.4}{\376\377\000R\000e\000c\000a\000l\000l\000:\000\040\000B\000i\000t\000p\000l\000a\000n\000e\000s}{subsection.5.2}% 128
\BOOKMARK [3][-]{subsubsection.5.2.5}{\376\377\000E\000Z\000W\000\040\000A\000l\000g\000o\000r\000i\000t\000h\000m}{subsection.5.2}% 129
\BOOKMARK [2][-]{subsection.5.3}{\376\377\000J\000P\000E\000G\0002\0000\0000\0000}{section.5}% 130
\BOOKMARK [3][-]{subsubsection.5.3.1}{\376\377\000I\000n\000t\000r\000o\000d\000u\000c\000t\000i\000o\000n}{subsection.5.3}% 131
\BOOKMARK [3][-]{subsubsection.5.3.2}{\376\377\000Q\000u\000a\000n\000t\000i\000z\000a\000t\000i\000o\000n}{subsection.5.3}% 132
\BOOKMARK [3][-]{subsubsection.5.3.3}{\376\377\000C\000o\000m\000p\000a\000r\000i\000s\000o\000n\000\040\000b\000e\000t\000w\000e\000e\000n\000\040\000J\000P\000E\000G\000\040\000a\000n\000d\000\040\000J\000P\0002\000K\000\040\000\050\000J\000P\000E\000G\0002\0000\0000\0000\000\051}{subsection.5.3}% 133
\BOOKMARK [3][-]{subsubsection.5.3.4}{\376\377\000E\000r\000r\000o\000r\000\040\000R\000o\000b\000u\000s\000t\000n\000e\000s\000s\000\040\000i\000n\000\040\000c\000o\000m\000p\000r\000e\000s\000s\000e\000d\000\040\000d\000a\000t\000a}{subsection.5.3}% 134
\BOOKMARK [2][-]{subsection.5.4}{\376\377\000C\000o\000n\000c\000e\000p\000t\000u\000a\000l\000\040\000M\000a\000p\000s}{section.5}% 135
\BOOKMARK [1][-]{section.6}{\376\377\000L\000e\000a\000r\000n\000e\000d\000\040\000I\000m\000a\000g\000e\000\040\000C\000o\000d\000i\000n\000g\000\040\000\050\000L\000I\000C\000\051\000\040\000/\000\040\000N\000e\000u\000r\000a\000l\000\040\000I\000m\000a\000g\000e\000\040\000C\000o\000d\000i\000n\000g\000\040\000\050\000N\000I\000C\000\051}{}% 136
\BOOKMARK [2][-]{subsection.6.1}{\376\377\000C\000o\000d\000i\000n\000g\000\040\000A\000r\000c\000h\000i\000t\000e\000c\000t\000u\000r\000e}{section.6}% 137
\BOOKMARK [3][-]{subsubsection.6.1.1}{\376\377\000O\000p\000t\000i\000m\000i\000z\000a\000t\000i\000o\000n\000\040\000o\000f\000\040\000t\000h\000e\000\040\000L\000o\000s\000s\000\040\000F\000u\000n\000c\000t\000i\000o\000n}{subsection.6.1}% 138
\BOOKMARK [2][-]{subsection.6.2}{\376\377\000N\000N\000\040\000R\000e\000c\000a\000p}{section.6}% 139
\BOOKMARK [3][-]{subsubsection.6.2.1}{\376\377\000G\000r\000a\000d\000i\000e\000n\000t\000\040\000D\000e\000s\000c\000e\000n\000t\000\040\000a\000n\000d\000\040\000B\000a\000c\000k\000p\000r\000o\000p\000a\000g\000a\000t\000i\000o\000n}{subsection.6.2}% 140
\BOOKMARK [3][-]{subsubsection.6.2.2}{\376\377\000G\000D\000N\000:\000\040\000G\000e\000n\000e\000r\000a\000l\000i\000z\000e\000d\000\040\000D\000i\000v\000i\000s\000i\000v\000e\000\040\000N\000o\000r\000m\000a\000l\000i\000z\000a\000t\000i\000o\000n}{subsection.6.2}% 141
\BOOKMARK [2][-]{subsection.6.3}{\376\377\000J\000P\000E\000G\000-\000A\000I\000\040\000s\000t\000a\000n\000d\000a\000r\000d}{section.6}% 142
\BOOKMARK [3][-]{subsubsection.6.3.1}{\376\377\000C\000o\000r\000e\000\040\000I\000d\000e\000a}{subsection.6.3}% 143
\BOOKMARK [3][-]{subsubsection.6.3.2}{\376\377\000A\000u\000t\000o\000-\000E\000n\000c\000o\000d\000e\000r\000\040\000F\000r\000a\000m\000e\000w\000o\000r\000k}{subsection.6.3}% 144
\BOOKMARK [3][-]{subsubsection.6.3.3}{\376\377\000R\000a\000t\000e\000-\000D\000i\000s\000t\000o\000r\000s\000i\000o\000n\000\040\000V\000a\000r\000i\000a\000b\000l\000e\000\040\000A\000u\000t\000o\000-\000E\000n\000c\000o\000d\000e\000r}{subsection.6.3}% 145
\BOOKMARK [3][-]{subsubsection.6.3.4}{\376\377\000S\000c\000a\000l\000e\000\040\000H\000y\000p\000e\000r\000p\000r\000i\000o\000r\000:\000\040\000s\000p\000a\000t\000i\000a\000l\000\040\000a\000d\000a\000p\000t\000a\000b\000i\000l\000i\000t\000y}{subsection.6.3}% 146
\BOOKMARK [3][-]{subsubsection.6.3.5}{\376\377\000H\000i\000e\000r\000a\000r\000c\000h\000i\000c\000a\000l\000\040\000V\000A\000E}{subsection.6.3}% 147
\BOOKMARK [3][-]{subsubsection.6.3.6}{\376\377\000C\000o\000n\000c\000l\000u\000s\000i\000o\000n\000s}{subsection.6.3}% 148
\BOOKMARK [1][-]{section.7}{\376\377\000M\000o\000t\000i\000o\000n\000\040\000E\000s\000t\000i\000m\000a\000t\000i\000o\000n}{}% 149
\BOOKMARK [2][-]{subsection.7.1}{\376\377\000V\000a\000r\000i\000a\000t\000i\000o\000n\000a\000l\000\040\000M\000e\000t\000h\000o\000d\000s}{section.7}% 150
\BOOKMARK [3][-]{subsubsection.7.1.1}{\376\377\000V\000e\000l\000o\000c\000i\000t\000y\000\040\000V\000e\000c\000t\000o\000r\000\040\000F\000i\000e\000l\000d\000\040\000-\000\040\000O\000p\000t\000i\000c\000a\000l\000\040\000F\000l\000o\000w}{subsection.7.1}% 151
\BOOKMARK [3][-]{subsubsection.7.1.2}{\376\377\000M\000o\000t\000i\000o\000n\000\040\000V\000e\000c\000t\000o\000r\000\040\000F\000i\000e\000l\000d}{subsection.7.1}% 152
\BOOKMARK [3][-]{subsubsection.7.1.3}{\376\377\000D\000a\000t\000a\000\040\000A\000t\000t\000a\000c\000h\000m\000e\000n\000t\000\040\000a\000n\000d\000\040\000R\000e\000g\000u\000l\000a\000r\000i\000z\000a\000t\000i\000o\000n}{subsection.7.1}% 153
\BOOKMARK [3][-]{subsubsection.7.1.4}{\376\377\000O\000p\000t\000i\000c\000a\000l\000\040\000F\000l\000o\000w\000\040\000P\000r\000o\000b\000l\000e\000m}{subsection.7.1}% 154
\BOOKMARK [3][-]{subsubsection.7.1.5}{\376\377\000O\000p\000t\000i\000c\000a\000l\000\040\000F\000l\000o\000w\000\040\000-\000\040\000D\000i\000s\000p\000l\000a\000c\000e\000m\000e\000n\000t\000\040\000F\000i\000e\000l\000d}{subsection.7.1}% 155
\BOOKMARK [3][-]{subsubsection.7.1.6}{\376\377\000O\000p\000t\000i\000c\000a\000l\000\040\000F\000l\000o\000w\000\040\000-\000\040\000C\000o\000n\000s\000t\000a\000n\000t\000\040\000I\000l\000l\000u\000m\000i\000n\000a\000t\000i\000o\000n\000\040\000H\000y\000p\000o\000t\000h\000e\000s\000i\000s\000\040\000\050\000C\000I\000H\000\051}{subsection.7.1}% 156
\BOOKMARK [3][-]{subsubsection.7.1.7}{\376\377\000O\000p\000t\000i\000c\000a\000l\000\040\000F\000l\000o\000w\000\040\000-\000\040\000E\000q\000u\000a\000t\000i\000o\000n}{subsection.7.1}% 157
\BOOKMARK [3][-]{subsubsection.7.1.8}{\376\377\000O\000p\000t\000i\000c\000a\000l\000\040\000F\000l\000o\000w\000\040\000-\000\040\000S\000o\000l\000u\000t\000i\000o\000n\000:\000\040\000H\000o\000r\000n\000\040\000\046\000\040\000S\000c\000h\000u\000n\000c\000k\000\040\000m\000e\000t\000h\000o\000d}{subsection.7.1}% 158
\BOOKMARK [2][-]{subsection.7.2}{\376\377\000B\000l\000o\000c\000k\000\040\000M\000a\000t\000c\000h\000i\000n\000g}{section.7}% 159
\BOOKMARK [3][-]{subsubsection.7.2.1}{\376\377\000F\000o\000r\000m\000u\000l\000a\000t\000i\000o\000n}{subsection.7.2}% 160
\BOOKMARK [3][-]{subsubsection.7.2.2}{\376\377\000E\000v\000a\000l\000u\000a\000t\000i\000o\000n\000\040\000o\000f\000\040\000t\000h\000e\000\040\000M\000V\000F}{subsection.7.2}% 161
\BOOKMARK [3][-]{subsubsection.7.2.3}{\376\377\000B\000l\000o\000c\000k\000\040\000M\000a\000t\000c\000h\000i\000n\000g\000\040\000c\000r\000i\000t\000e\000r\000i\000a}{subsection.7.2}% 162
\BOOKMARK [3][-]{subsubsection.7.2.4}{\376\377\000F\000u\000l\000l\000-\000S\000e\000a\000r\000c\000h\000\040\000r\000e\000s\000e\000a\000r\000c\000h\000\040\000s\000t\000r\000a\000t\000e\000g\000y}{subsection.7.2}% 163
\BOOKMARK [3][-]{subsubsection.7.2.5}{\376\377\000F\000a\000s\000t\000\040\000R\000e\000s\000e\000a\000r\000c\000h\000\040\000M\000e\000t\000h\000o\000d\000s\000:\000\040\0003\000S\000S\000\040\000\050\000T\000h\000r\000e\000e\000\040\000s\000t\000e\000p\000\040\000s\000e\000a\000r\000c\000h\000,\000\040\0002\000D\000-\000l\000o\000g\000\051}{subsection.7.2}% 164
\BOOKMARK [3][-]{subsubsection.7.2.6}{\376\377\000F\000a\000s\000t\000\040\000R\000e\000s\000e\000a\000r\000c\000h\000\040\000M\000e\000t\000h\000o\000d\000s\000:\000\040\000D\000i\000a\000m\000o\000n\000d\000\040\000S\000e\000a\000r\000c\000h}{subsection.7.2}% 165
\BOOKMARK [3][-]{subsubsection.7.2.7}{\376\377\000F\000a\000s\000t\000\040\000R\000e\000s\000e\000a\000r\000c\000h\000\040\000M\000e\000t\000h\000o\000d\000s\000:\000\040\000H\000e\000x\000\040\000S\000e\000a\000r\000c\000h}{subsection.7.2}% 166
\BOOKMARK [3][-]{subsubsection.7.2.8}{\376\377\000F\000a\000s\000t\000\040\000R\000e\000s\000e\000a\000r\000c\000h\000\040\000M\000e\000t\000h\000o\000d\000s\000:\000\040\000T\000Z\000S\000e\000a\000r\000c\000h}{subsection.7.2}% 167
\BOOKMARK [3][-]{subsubsection.7.2.9}{\376\377\000B\000M\000\040\000I\000m\000p\000r\000o\000v\000e\000m\000e\000n\000t\000:\000\040\000S\000u\000b\000-\000p\000i\000x\000e\000l\000\040\000p\000r\000e\000c\000i\000s\000i\000o\000n}{subsection.7.2}% 168
\BOOKMARK [3][-]{subsubsection.7.2.10}{\376\377\000B\000M\000\040\000I\000m\000p\000r\000o\000v\000e\000m\000e\000n\000t\000:\000\040\000V\000a\000r\000i\000a\000b\000l\000e\000\040\000B\000l\000o\000c\000k\000s\000i\000z\000e}{subsection.7.2}% 169
\BOOKMARK [2][-]{subsection.7.3}{\376\377\000P\000a\000r\000a\000m\000e\000t\000r\000i\000c\000\040\000M\000e\000t\000h\000o\000d\000s}{section.7}% 170
\BOOKMARK [3][-]{subsubsection.7.3.1}{\376\377\000A\000f\000f\000i\000n\000e\000\040\000M\000o\000d\000e\000l}{subsection.7.3}% 171
\BOOKMARK [3][-]{subsubsection.7.3.2}{\376\377\000B\000e\000s\000t\000\040\000p\000o\000s\000s\000i\000b\000l\000e\000\040\000p\000a\000r\000a\000m\000e\000t\000e\000r\000s}{subsection.7.3}% 172
\BOOKMARK [2][-]{subsection.7.4}{\376\377\000D\000e\000e\000p\000-\000L\000e\000a\000r\000n\000i\000n\000g\000\040\000f\000o\000r\000\040\000M\000o\000t\000i\000o\000n\000\040\000E\000s\000t\000i\000m\000a\000t\000i\000o\000n}{section.7}% 173
\BOOKMARK [3][-]{subsubsection.7.4.1}{\376\377\000T\000i\000m\000e\000\040\000e\000v\000o\000l\000u\000t\000i\000o\000n}{subsection.7.4}% 174
\BOOKMARK [3][-]{subsubsection.7.4.2}{\376\377\000U\000s\000a\000g\000e\000\040\000C\000o\000m\000p\000a\000r\000i\000s\000o\000n}{subsection.7.4}% 175
\BOOKMARK [1][-]{section.8}{\376\377\000V\000i\000d\000e\000o\000-\000c\000o\000d\000i\000n\000g\000\040\000P\000r\000i\000n\000c\000i\000p\000l\000e\000s}{}% 176
\BOOKMARK [2][-]{subsection.8.1}{\376\377\000B\000l\000o\000c\000k\000\040\000S\000c\000h\000e\000m\000a}{section.8}% 177
\BOOKMARK [2][-]{subsection.8.2}{\376\377\000B\000l\000o\000c\000k\000-\000M\000a\000t\000c\000h\000i\000n\000g\000\040\000m\000o\000t\000i\000o\000n\000\040\000e\000s\000t\000i\000m\000a\000t\000i\000o\000n}{section.8}% 178
\BOOKMARK [3][-]{subsubsection.8.2.1}{\376\377\000M\000o\000t\000i\000o\000n\000\040\000C\000o\000m\000p\000e\000n\000s\000a\000t\000i\000o\000n}{subsection.8.2}% 179
\BOOKMARK [3][-]{subsubsection.8.2.2}{\376\377\000A\000d\000a\000p\000t\000i\000v\000e\000\040\000b\000l\000o\000c\000k\000\040\000c\000o\000d\000i\000n\000g}{subsection.8.2}% 180
\BOOKMARK [3][-]{subsubsection.8.2.3}{\376\377\000D\000e\000s\000i\000g\000n\000\040\000P\000a\000r\000a\000m\000e\000t\000e\000r\000s}{subsection.8.2}% 181
\BOOKMARK [2][-]{subsection.8.3}{\376\377\000G\000O\000P\000:\000\040\000G\000r\000o\000u\000p\000\040\000o\000f\000\040\000P\000i\000c\000t\000u\000r\000e\000s}{section.8}% 182
\BOOKMARK [3][-]{subsubsection.8.3.1}{\376\377\000`\000I\000'\000\040\000f\000r\000a\000m\000e\000s\000:\000\040\000I\000n\000t\000r\000a\000\040\000F\000r\000a\000m\000e\000s}{subsection.8.3}% 183
\BOOKMARK [3][-]{subsubsection.8.3.2}{\376\377\000`\000B\000'\000\040\000f\000r\000a\000m\000e\000s\000:\000\040\000`\000b\000e\000t\000w\000e\000e\000n\000'\000\040\000f\000r\000a\000m\000e\000s}{subsection.8.3}% 184
\BOOKMARK [3][-]{subsubsection.8.3.3}{\376\377\000`\000P\000'\000\040\000f\000r\000a\000m\000e\000s\000:\000\040\000P\000r\000e\000d\000i\000c\000t\000i\000v\000e\000\040\000F\000r\000a\000m\000e\000s}{subsection.8.3}% 185
\BOOKMARK [3][-]{subsubsection.8.3.4}{\376\377\000R\000a\000t\000e\000\040\000a\000n\000d\000\040\000q\000u\000a\000l\000i\000t\000y\000\040\000o\000f\000\040\000t\000h\000e\000\040\000f\000r\000a\000m\000e\000\040\000t\000y\000p\000e\000s}{subsection.8.3}% 186
\BOOKMARK [2][-]{subsection.8.4}{\376\377\000H\000y\000b\000r\000i\000d\000\040\000V\000i\000d\000e\000o\000\040\000E\000n\000c\000o\000d\000e\000r}{section.8}% 187
\BOOKMARK [3][-]{subsubsection.8.4.1}{\376\377\000F\000r\000a\000m\000e\000\040\000c\000o\000d\000i\000n\000g\000\040\000m\000o\000d\000e\000s}{subsection.8.4}% 188
\BOOKMARK [3][-]{subsubsection.8.4.2}{\376\377\000B\000l\000o\000c\000k\000\040\000S\000i\000z\000e\000:\000\040\000B\000l\000o\000c\000k\000\040\000P\000a\000r\000t\000i\000t\000i\000o\000n\000\040\000P\000r\000o\000b\000l\000e\000m}{subsection.8.4}% 189
\BOOKMARK [3][-]{subsubsection.8.4.3}{\376\377\000C\000o\000d\000i\000n\000g\000\040\000M\000o\000d\000e\000\040\000i\000k\000\040\000s\000e\000l\000e\000c\000t\000i\000o\000n}{subsection.8.4}% 190
\BOOKMARK [3][-]{subsubsection.8.4.4}{\376\377\000E\000n\000c\000o\000d\000e\000r\000\040\000s\000c\000h\000e\000m\000e}{subsection.8.4}% 191
\BOOKMARK [2][-]{subsection.8.5}{\376\377\000H\000y\000b\000r\000i\000d\000\040\000V\000i\000d\000e\000o\000\040\000D\000e\000c\000o\000d\000e\000r}{section.8}% 192
\BOOKMARK [3][-]{subsubsection.8.5.1}{\376\377\000D\000e\000c\000o\000d\000e\000r\000\040\000s\000c\000h\000e\000m\000e}{subsection.8.5}% 193
\BOOKMARK [3][-]{subsubsection.8.5.2}{\376\377\000K\000e\000y\000\040\000e\000l\000e\000m\000e\000n\000t\000s}{subsection.8.5}% 194
\BOOKMARK [2][-]{subsection.8.6}{\376\377\000V\000i\000d\000e\000o\000\040\000E\000n\000c\000o\000d\000i\000n\000g\000\040\000S\000t\000a\000n\000d\000a\000r\000d\000s}{section.8}% 195
\BOOKMARK [3][-]{subsubsection.8.6.1}{\376\377\000M\000P\000E\000G\000-\0001}{subsection.8.6}% 196
\BOOKMARK [1][-]{section.9}{\376\377\000M\000o\000d\000e\000r\000n\000\040\000V\000i\000d\000e\000o\000-\000C\000o\000m\000p\000r\000e\000s\000s\000i\000o\000n\000\040\000S\000t\000a\000n\000d\000a\000r\000d\000s}{}% 197
\BOOKMARK [2][-]{subsection.9.1}{\376\377\000U\000n\000i\000v\000e\000r\000s\000a\000l\000\040\000H\000y\000b\000r\000i\000d\000\040\000V\000i\000d\000e\000o\000\040\000E\000n\000c\000o\000d\000e\000r}{section.9}% 198
\BOOKMARK [3][-]{subsubsection.9.1.1}{\376\377\000C\000o\000d\000e\000c\000s\000\040\000a\000p\000p\000l\000i\000c\000a\000t\000i\000o\000n\000s}{subsection.9.1}% 199
\BOOKMARK [2][-]{subsection.9.2}{\376\377\000R\000a\000t\000e\000-\000D\000i\000s\000t\000o\000r\000s\000i\000o\000n\000\040\000O\000p\000t\000i\000m\000i\000z\000a\000t\000i\000o\000n}{section.9}% 200
\BOOKMARK [3][-]{subsubsection.9.2.1}{\376\377\000B\000l\000o\000c\000k\000\040\000P\000a\000r\000t\000i\000t\000i\000o\000n\000i\000n\000g\000\040\000P\000r\000o\000b\000l\000e\000m\000:\000\040\000H\000.\0002\0006\0004}{subsection.9.2}% 201
\BOOKMARK [3][-]{subsubsection.9.2.2}{\376\377\000B\000l\000o\000c\000k\000\040\000P\000a\000r\000t\000i\000t\000i\000o\000n\000i\000n\000g\000\040\000P\000r\000o\000b\000l\000e\000m\000:\000\040\000H\000.\0002\0006\0005\000/\000H\000E\000V\000C}{subsection.9.2}% 202
\BOOKMARK [3][-]{subsubsection.9.2.3}{\376\377\000B\000l\000o\000c\000k\000\040\000P\000a\000r\000t\000i\000t\000i\000o\000n\000i\000n\000g\000\040\000P\000r\000o\000b\000l\000e\000m\000:\000\040\000H\000.\0002\0006\0006\000/\000V\000V\000C}{subsection.9.2}% 203
\BOOKMARK [2][-]{subsection.9.3}{\376\377\000S\000p\000a\000t\000i\000a\000l\000\040\000a\000n\000d\000\040\000T\000e\000m\000p\000o\000r\000a\000l\000\040\000F\000r\000a\000m\000e\000\040\000P\000r\000e\000d\000i\000c\000t\000i\000o\000n}{section.9}% 204
\BOOKMARK [3][-]{subsubsection.9.3.1}{\376\377\000I\000n\000t\000r\000a\000\040\000P\000r\000e\000d\000i\000c\000t\000i\000o\000n}{subsection.9.3}% 205
\BOOKMARK [3][-]{subsubsection.9.3.2}{\376\377\000I\000n\000t\000e\000r\000\040\000P\000r\000e\000d\000i\000c\000t\000i\000o\000n}{subsection.9.3}% 206
\BOOKMARK [3][-]{subsubsection.9.3.3}{\376\377\000M\000e\000r\000g\000e\000\040\000M\000o\000d\000e}{subsection.9.3}% 207
\BOOKMARK [2][-]{subsection.9.4}{\376\377\000F\000i\000l\000t\000e\000r\000i\000n\000g\000,\000\040\000T\000r\000a\000n\000s\000f\000o\000r\000m\000s\000\040\000a\000n\000d\000\040\000Q\000u\000a\000n\000t\000i\000z\000a\000t\000i\000o\000n}{section.9}% 208
\BOOKMARK [3][-]{subsubsection.9.4.1}{\376\377\000R\000e\000s\000i\000d\000u\000a\000l\000\040\000C\000o\000d\000i\000n\000g}{subsection.9.4}% 209
\BOOKMARK [3][-]{subsubsection.9.4.2}{\376\377\000I\000n\000-\000l\000o\000o\000p\000\040\000D\000e\000b\000l\000o\000c\000k\000i\000n\000g\000\040\000F\000i\000l\000t\000e\000r}{subsection.9.4}% 210
\BOOKMARK [3][-]{subsubsection.9.4.3}{\376\377\000S\000l\000i\000c\000e\000s}{subsection.9.4}% 211
\BOOKMARK [2][-]{subsection.9.5}{\376\377\000N\000e\000t\000w\000o\000r\000k\000\040\000p\000a\000r\000a\000l\000l\000e\000l\000i\000s\000m}{section.9}% 212
\BOOKMARK [3][-]{subsubsection.9.5.1}{\376\377\000N\000A\000L\000U}{subsection.9.5}% 213
\BOOKMARK [1][-]{section.10}{\376\377\000A\000u\000d\000i\000o\000\040\000a\000n\000d\000\040\000S\000p\000e\000e\000c\000h\000\040\000C\000o\000d\000i\000n\000g}{}% 214
\BOOKMARK [2][-]{subsection.10.1}{\376\377\000A\000u\000d\000i\000o\000\040\000M\000o\000d\000e\000l\000i\000n\000g}{section.10}% 215
\BOOKMARK [3][-]{subsubsection.10.1.1}{\376\377\000R\000e\000q\000u\000i\000r\000e\000m\000e\000n\000t\000s}{subsection.10.1}% 216
\BOOKMARK [3][-]{subsubsection.10.1.2}{\376\377\000V\000o\000w\000e\000l\000s}{subsection.10.1}% 217
\BOOKMARK [3][-]{subsubsection.10.1.3}{\376\377\000M\000u\000s\000i\000c}{subsection.10.1}% 218
\BOOKMARK [3][-]{subsubsection.10.1.4}{\376\377\000H\000u\000m\000a\000n\000\040\000S\000p\000e\000e\000c\000h\000\040\000P\000r\000o\000d\000u\000c\000t\000i\000o\000n\000\040\000S\000y\000s\000t\000e\000m}{subsection.10.1}% 219
\BOOKMARK [2][-]{subsection.10.2}{\376\377\000L\000i\000n\000e\000a\000r\000\040\000P\000r\000e\000d\000i\000c\000t\000i\000v\000e\000\040\000C\000o\000d\000i\000n\000g}{section.10}% 220
\BOOKMARK [3][-]{subsubsection.10.2.1}{\376\377\000Y\000u\000l\000e\000-\000W\000a\000l\000k\000e\000r\000\040\000E\000q\000u\000a\000t\000i\000o\000n}{subsection.10.2}% 221
\BOOKMARK [3][-]{subsubsection.10.2.2}{\376\377\000R\000e\000s\000i\000d\000u\000a\000l\000s}{subsection.10.2}% 222
\BOOKMARK [3][-]{subsubsection.10.2.3}{\376\377\000L\000P\000C\000\040\000S\000y\000n\000t\000h\000e\000s\000i\000s}{subsection.10.2}% 223
\BOOKMARK [2][-]{subsection.10.3}{\376\377\000V\000e\000c\000t\000o\000r\000\040\000Q\000u\000a\000n\000t\000i\000z\000a\000t\000i\000o\000n}{section.10}% 224
\BOOKMARK [3][-]{subsubsection.10.3.1}{\376\377\000C\000E\000L\000P\000\040\000P\000a\000r\000a\000d\000i\000g\000m\000\040\000\050\000C\000o\000d\000e\000-\000E\000x\000c\000i\000t\000e\000d\000\040\000L\000i\000n\000e\000a\000r\000\040\000P\000r\000e\000d\000i\000c\000t\000i\000o\000n\000\051}{subsection.10.3}% 225
\BOOKMARK [3][-]{subsubsection.10.3.2}{\376\377\000P\000e\000r\000c\000e\000p\000t\000u\000a\000l\000\040\000C\000o\000d\000i\000n\000g\000\040\000f\000o\000r\000\040\000A\000u\000d\000i\000o}{subsection.10.3}% 226
\BOOKMARK [2][-]{subsection.10.4}{\376\377\000M\000o\000d\000e\000r\000n\000\040\000T\000e\000c\000h\000n\000i\000q\000u\000e\000s}{section.10}% 227
\BOOKMARK [3][-]{subsubsection.10.4.1}{\376\377\000O\000P\000U\000S}{subsection.10.4}% 228
\BOOKMARK [3][-]{subsubsection.10.4.2}{\376\377\000N\000e\000u\000r\000a\000l\000\040\000C\000o\000d\000e\000c\000s}{subsection.10.4}% 229
\BOOKMARK [3][-]{subsubsection.10.4.3}{\376\377\000S\000p\000a\000t\000i\000a\000l\000\040\000A\000u\000d\000i\000o}{subsection.10.4}% 230
\BOOKMARK [3][-]{subsubsection.10.4.4}{\376\377\000Q\000u\000a\000l\000i\000t\000y\000\040\000A\000s\000s\000e\000s\000s\000m\000e\000n\000t}{subsection.10.4}% 231
\BOOKMARK [1][-]{section.11}{\376\377\000Q\000u\000a\000l\000i\000t\000y\000\040\000A\000s\000s\000e\000s\000s\000m\000e\000n\000t\000\040\000a\000n\000d\000\040\000Q\000o\000E\000\040\000f\000o\000r\000\040\000M\000u\000l\000t\000i\000m\000e\000d\000i\000a\000\040\000S\000e\000r\000v\000i\000c\000e\000s}{}% 232
\BOOKMARK [2][-]{subsection.11.1}{\376\377\000W\000h\000a\000t\000\040\000i\000s\000\040\000Q\000u\000a\000l\000i\000t\000y\000\040\000A\000s\000s\000e\000s\000s\000m\000e\000n\000t\000?}{section.11}% 233
\BOOKMARK [2][-]{subsection.11.2}{\376\377\000I\000m\000a\000g\000e\000\040\000Q\000u\000a\000l\000i\000t\000y\000:\000\040\000S\000u\000b\000j\000e\000c\000t\000i\000v\000e\000\040\000A\000s\000s\000e\000s\000s\000m\000e\000n\000t}{section.11}% 234
\BOOKMARK [3][-]{subsubsection.11.2.1}{\376\377\000T\000e\000s\000t\000i\000n\000g\000\040\000C\000o\000n\000d\000i\000t\000i\000o\000n\000s}{subsection.11.2}% 235
\BOOKMARK [3][-]{subsubsection.11.2.2}{\376\377\0001\000s\000t\000\040\000T\000e\000c\000h\000n\000i\000q\000u\000e\000:\000\040\000S\000i\000n\000g\000l\000e\000\040\000S\000t\000i\000m\000u\000l\000u\000s}{subsection.11.2}% 236
\BOOKMARK [3][-]{subsubsection.11.2.3}{\376\377\0002\000n\000d\000\040\000T\000e\000c\000h\000n\000i\000q\000u\000e\000:\000\040\000D\000o\000u\000b\000l\000e\000\040\000S\000t\000i\000m\000u\000l\000u\000s}{subsection.11.2}% 237
\BOOKMARK [3][-]{subsubsection.11.2.4}{\376\377\0003\000r\000d\000\040\000T\000e\000c\000h\000n\000i\000q\000u\000e\000:\000\040\000P\000a\000i\000r\000w\000i\000s\000e\000\040\000C\000o\000m\000p\000a\000r\000i\000s\000o\000n}{subsection.11.2}% 238
\BOOKMARK [2][-]{subsection.11.3}{\376\377\000H\000u\000m\000a\000n\000\040\000A\000s\000s\000e\000s\000s\000m\000e\000n\000t\000\040\000M\000e\000a\000s\000u\000r\000e\000s}{section.11}% 239
\BOOKMARK [3][-]{subsubsection.11.3.1}{\376\377\000M\000O\000S\000:\000\040\000M\000e\000a\000n\000\040\000O\000p\000i\000n\000i\000o\000n\000\040\000S\000c\000o\000r\000e}{subsection.11.3}% 240
\BOOKMARK [3][-]{subsubsection.11.3.2}{\376\377\000S\000t\000a\000n\000d\000a\000r\000d\000\040\000M\000e\000a\000s\000u\000r\000e\000s}{subsection.11.3}% 241
\BOOKMARK [2][-]{subsection.11.4}{\376\377\000I\000m\000a\000g\000e\000\040\000Q\000u\000a\000l\000i\000t\000y\000:\000\040\000O\000b\000j\000e\000c\000t\000i\000v\000e\000\040\000A\000s\000s\000e\000s\000s\000m\000e\000n\000t}{section.11}% 242
\BOOKMARK [3][-]{subsubsection.11.4.1}{\376\377\000F\000u\000l\000l\000\040\000R\000e\000f\000e\000r\000e\000n\000c\000e\000\040\000T\000e\000c\000h\000n\000i\000q\000u\000e\000s}{subsection.11.4}% 243
\BOOKMARK [3][-]{subsubsection.11.4.2}{\376\377\000Y\000\040\000c\000o\000m\000p\000o\000n\000e\000n\000t\000\040\000m\000e\000a\000s\000u\000r\000e\000s}{subsection.11.4}% 244
\BOOKMARK [3][-]{subsubsection.11.4.3}{\376\377\000C\000b\000C\000r\000\040\000c\000o\000m\000p\000o\000n\000e\000n\000t\000\040\000m\000e\000a\000s\000u\000r\000e\000s}{subsection.11.4}% 245
\BOOKMARK [3][-]{subsubsection.11.4.4}{\376\377\000T\000o\000t\000a\000l\000\040\000P\000S\000N\000R\000\040\000m\000e\000a\000s\000u\000r\000e}{subsection.11.4}% 246
\BOOKMARK [3][-]{subsubsection.11.4.5}{\376\377\000B\000j\000o\000n\000t\000e\000g\000a\000a\000r\000d\000\040\000D\000e\000l\000t\000a\000s}{subsection.11.4}% 247
\BOOKMARK [3][-]{subsubsection.11.4.6}{\376\377\000P\000e\000r\000c\000e\000p\000t\000u\000a\000l\000\040\000M\000e\000t\000r\000i\000c\000s}{subsection.11.4}% 248
\BOOKMARK [3][-]{subsubsection.11.4.7}{\376\377\000R\000e\000d\000u\000c\000e\000d\000\040\000R\000e\000f\000e\000r\000e\000n\000c\000e}{subsection.11.4}% 249
\BOOKMARK [3][-]{subsubsection.11.4.8}{\376\377\000N\000o\000\040\000R\000e\000f\000e\000r\000e\000n\000c\000e}{subsection.11.4}% 250
\BOOKMARK [1][-]{section.12}{\376\377\000A\000d\000a\000p\000t\000i\000v\000e\000\040\000S\000t\000r\000e\000a\000m\000i\000n\000g}{}% 251
\BOOKMARK [2][-]{subsection.12.1}{\376\377\000V\000i\000d\000e\000o\000\040\000C\000o\000n\000t\000e\000n\000t\000\040\000D\000i\000s\000t\000r\000i\000b\000u\000t\000i\000o\000n}{section.12}% 252
\BOOKMARK [3][-]{subsubsection.12.1.1}{\376\377\000C\000h\000a\000l\000l\000e\000n\000g\000e\000s}{subsection.12.1}% 253
\BOOKMARK [3][-]{subsubsection.12.1.2}{\376\377\000C\000o\000d\000i\000n\000g\000\040\000R\000a\000t\000e\000\040\000B\000o\000t\000t\000l\000e\000n\000e\000c\000k}{subsection.12.1}% 254
\BOOKMARK [3][-]{subsubsection.12.1.3}{\376\377\000P\000a\000r\000a\000d\000i\000g\000m\000s}{subsection.12.1}% 255
\BOOKMARK [2][-]{subsection.12.2}{\376\377\000S\000c\000a\000l\000a\000b\000l\000e\000\040\000V\000i\000d\000e\000o\000\040\000C\000o\000d\000i\000n\000g\000\040\000\050\000S\000V\000C\000\051}{section.12}% 256
\BOOKMARK [3][-]{subsubsection.12.2.1}{\376\377\000S\000c\000a\000l\000a\000b\000i\000l\000i\000t\000y\000\040\000T\000y\000p\000e\000s}{subsection.12.2}% 257
\BOOKMARK [3][-]{subsubsection.12.2.2}{\376\377\000S\000m\000a\000r\000t\000\040\000L\000a\000y\000e\000r\000\040\000P\000r\000u\000n\000i\000n\000g}{subsection.12.2}% 258
\BOOKMARK [3][-]{subsubsection.12.2.3}{\376\377\000S\000t\000r\000e\000a\000m\000i\000n\000g\000\040\000v\000i\000a\000\040\000L\000e\000g\000a\000c\000y\000\040\000H\000T\000T\000P}{subsection.12.2}% 259
\BOOKMARK [3][-]{subsubsection.12.2.4}{\376\377\000Q\000U\000I\000C\000\040\000a\000n\000d\000\040\000H\000T\000T\000P\000/\0003}{subsection.12.2}% 260
\BOOKMARK [2][-]{subsection.12.3}{\376\377\000A\000d\000a\000p\000t\000i\000v\000e\000\040\000B\000i\000t\000r\000a\000t\000e\000\040\000S\000t\000r\000e\000a\000m\000i\000n\000g}{section.12}% 261
\BOOKMARK [3][-]{subsubsection.12.3.1}{\376\377\000M\000e\000d\000i\000a\000\040\000P\000r\000e\000s\000e\000n\000t\000a\000t\000i\000o\000n\000\040\000D\000e\000s\000c\000r\000i\000p\000t\000i\000o\000n\000\040\000\050\000M\000P\000D\000\051\000\040\000f\000i\000l\000e}{subsection.12.3}% 262
\BOOKMARK [3][-]{subsubsection.12.3.2}{\376\377\000N\000e\000t\000w\000o\000r\000k\000\040\000M\000e\000t\000r\000i\000c\000s\000:\000\040\000T\000h\000r\000o\000u\000g\000h\000p\000u\000t}{subsection.12.3}% 263
\BOOKMARK [3][-]{subsubsection.12.3.3}{\376\377\000N\000e\000t\000w\000o\000r\000k\000\040\000M\000e\000t\000r\000i\000c\000s\000:\000\040\000E\000-\0002\000-\000E\000\040\000N\000o\000d\000a\000l\000\040\000D\000e\000l\000a\000y}{subsection.12.3}% 264
\BOOKMARK [2][-]{subsection.12.4}{\376\377\000B\000u\000f\000f\000e\000r\000\040\000D\000y\000n\000a\000m\000i\000c\000s}{section.12}% 265
\BOOKMARK [3][-]{subsubsection.12.4.1}{\376\377\000R\000e\000b\000u\000f\000f\000e\000r\000i\000n\000g\000\040\000e\000v\000e\000n\000t}{subsection.12.4}% 266
\BOOKMARK [3][-]{subsubsection.12.4.2}{\376\377\000P\000l\000a\000y\000o\000u\000t\000\040\000m\000a\000n\000a\000g\000e\000m\000e\000n\000t}{subsection.12.4}% 267
\BOOKMARK [3][-]{subsubsection.12.4.3}{\376\377\000C\000l\000i\000e\000n\000t\000\040\000S\000c\000o\000r\000i\000n\000g\000-\000P\000o\000l\000i\000c\000y\000\040\000D\000e\000s\000i\000g\000n}{subsection.12.4}% 268
\BOOKMARK [2][-]{subsection.12.5}{\376\377\000A\000B\000R\000\040\000S\000t\000r\000a\000t\000e\000g\000i\000e\000s}{section.12}% 269
\BOOKMARK [3][-]{subsubsection.12.5.1}{\376\377\000T\000h\000r\000o\000u\000g\000h\000p\000u\000t\000-\000b\000a\000s\000e\000d\000\040\000A\000B\000R}{subsection.12.5}% 270
\BOOKMARK [3][-]{subsubsection.12.5.2}{\376\377\000B\000u\000f\000f\000e\000r\000-\000b\000a\000s\000e\000d\000\040\000A\000B\000R}{subsection.12.5}% 271
\BOOKMARK [3][-]{subsubsection.12.5.3}{\376\377\000H\000y\000b\000r\000i\000d\000\040\000A\000B\000R\000\040\000s\000t\000r\000a\000t\000e\000g\000y}{subsection.12.5}% 272
\BOOKMARK [3][-]{subsubsection.12.5.4}{\376\377\000L\000e\000a\000r\000n\000i\000n\000g\000-\000B\000a\000s\000e\000d\000\040\000A\000B\000R}{subsection.12.5}% 273
\BOOKMARK [3][-]{subsubsection.12.5.5}{\376\377\000M\000u\000l\000t\000i\000p\000l\000a\000y\000e\000r\000\040\000C\000o\000m\000p\000e\000t\000i\000t\000i\000o\000n}{subsection.12.5}% 274
\BOOKMARK [3][-]{subsubsection.12.5.6}{\376\377\000N\000e\000u\000r\000a\000l\000\040\000V\000i\000d\000e\000o\000\040\000C\000o\000d\000i\000n\000g}{subsection.12.5}% 275
