\BOOKMARK [0][-]{chapter.1}{\376\377\000W\000e\000e\000k\000\040\0001\0003\000-\0001\0009\000\040\000O\000c\000t}{}% 1
\BOOKMARK [1][-]{section.1.1}{\376\377\000I\000n\000t\000r\000o\000d\000u\000c\000t\000i\000o\000n}{chapter.1}% 2
\BOOKMARK [1][-]{section.1.2}{\376\377\000P\000r\000i\000m\000e\000r}{chapter.1}% 3
\BOOKMARK [2][-]{subsection.1.2.1}{\376\377\000C\000o\000m\000p\000l\000e\000x\000\040\000s\000y\000m\000m\000e\000t\000r\000i\000c\000\040\000r\000a\000n\000d\000o\000m\000\040\000v\000a\000r\000i\000a\000b\000l\000e\000s\000,\000\040\000i\000n\000f\000i\000n\000i\000t\000y\000-\000m\000o\000d\000u\000l\000a\000t\000i\000o\000n\000s}{section.1.2}% 4
\BOOKMARK [1][-]{section.1.3}{\376\377\000D\000i\000s\000c\000r\000e\000t\000e\000\040\000e\000n\000t\000r\000o\000p\000y\000,\000\040\000p\000r\000o\000p\000e\000r\000\040\000s\000i\000g\000n\000a\000l\000s}{chapter.1}% 5
\BOOKMARK [2][-]{subsection.1.3.1}{\376\377\000E\000n\000t\000r\000o\000p\000y}{section.1.3}% 6
\BOOKMARK [2][-]{subsection.1.3.2}{\376\377\000P\000r\000o\000p\000e\000r\000\040\000c\000o\000m\000p\000l\000e\000x}{section.1.3}% 7
\BOOKMARK [2][-]{subsection.1.3.3}{\376\377\000E\000n\000t\000r\000o\000p\000y\000\040\000r\000a\000t\000e}{section.1.3}% 8
\BOOKMARK [2][-]{subsection.1.3.4}{\376\377\000D\000i\000f\000f\000e\000r\000e\000n\000t\000i\000a\000l\000\040\000e\000n\000t\000r\000o\000p\000y}{section.1.3}% 9
\BOOKMARK [1][-]{section.1.4}{\376\377\000I\000n\000f\000o\000r\000m\000a\000t\000i\000o\000n\000\040\000d\000i\000v\000e\000r\000g\000e\000n\000c\000e\000,\000\040\000m\000u\000t\000u\000a\000l\000\040\000i\000n\000f\000o\000r\000m\000a\000t\000i\000o\000n}{chapter.1}% 10
\BOOKMARK [2][-]{subsection.1.4.1}{\376\377\000P\000o\000w\000e\000r\000\040\000s\000e\000r\000i\000e\000s\000\040\000e\000x\000p\000a\000n\000s\000i\000o\000n\000s}{section.1.4}% 11
\BOOKMARK [2][-]{subsection.1.4.2}{\376\377\000M\000u\000t\000u\000a\000l\000\040\000i\000n\000f\000o\000r\000m\000a\000t\000i\000o\000n\000\040\000o\000f\000\040\000a\000\040\000G\000a\000u\000s\000s\000i\000a\000n\000\040\000s\000c\000a\000l\000a\000r\000\040\000t\000h\000r\000o\000u\000g\000h\000\040\000a\000n\000\040\000A\000W\000G\000N\000\040\000c\000h\000a\000n\000n\000e\000l}{section.1.4}% 12
\BOOKMARK [0][-]{chapter.2}{\376\377\000C\000h\000a\000p\000t\000e\000r\000\040\0002\000\040\000W\000e\000e\000k\000\040\0002\0007\000\040\000O\000c\000t\000o\000b\000e\000r\000\040\000-\000\040\0002\000\040\000N\000o\000v\000e\000m\000b\000e\000r}{}% 13
\BOOKMARK [1][-]{section.2.1}{\376\377\000M\000I\000M\000O\000\040\000I\000n\000t\000u\000t\000i\000o\000n}{chapter.2}% 14
\BOOKMARK [1][-]{section.2.2}{\376\377\000M\000u\000t\000u\000a\000l\000\040\000i\000n\000f\000o\000r\000m\000a\000t\000i\000o\000n\000\040\000o\000f\000\040\000a\000\040\000g\000a\000u\000s\000s\000i\000a\000n\000\040\000v\000e\000c\000t\000o\000r\000\040\000t\000h\000r\000o\000u\000g\000h\000\040\000a\000n\000\040\000A\000W\000G\000N\000\040\000c\000h\000a\000n\000n\000e\000l}{chapter.2}% 15
\BOOKMARK [2][-]{subsection.2.2.1}{\376\377\000N\000o\000i\000s\000e\000\040\000f\000i\000g\000u\000r\000e}{section.2.2}% 16
\BOOKMARK [1][-]{section.2.3}{\376\377\000G\000a\000u\000s\000s\000i\000a\000n\000\040\000m\000u\000t\000u\000a\000l\000\040\000i\000n\000f\000o\000\040\000a\000r\000b\000i\000t\000r\000a\000r\000y\000\040\000c\000o\000n\000s\000t\000.}{chapter.2}% 17
\BOOKMARK [1][-]{section.2.4}{\376\377\000M\000u\000t\000u\000a\000l\000\040\000i\000n\000f\000o\000r\000m\000a\000t\000i\000o\000n\000\040\000o\000f\000\040\000a\000n\000\040\000e\000n\000c\000o\000d\000e\000d\000\040\000w\000o\000r\000d}{chapter.2}% 18
\BOOKMARK [2][-]{subsection.2.4.1}{\376\377\000T\000h\000e\000o\000r\000e\000t\000i\000c\000a\000l\000\040\000t\000r\000e\000a\000t\000m\000e\000n\000t\000:\000\040\000r\000e\000s\000u\000l\000t\000s\000\040\000f\000o\000r\000\040\000g\000e\000n\000e\000r\000i\000c\000\040\000s\000,\000\040\000y\000\040\000\050\000f\000o\000r\000\040\000i\000i\000d\000\040\000v\000a\000l\000u\000e\000s\000\040\000a\000n\000d\000\040\000f\000o\000r\000\040\000a\000\040\000s\000t\000a\000t\000i\000o\000n\000a\000r\000y\000\040\000c\000h\000a\000n\000n\000e\000l\000\051}{section.2.4}% 19
\BOOKMARK [1][-]{section.2.5}{\376\377\000M\000e\000m\000o\000r\000y\000l\000e\000s\000s\000\040\000c\000h\000a\000n\000n\000e\000l\000\040\000l\000a\000w\000\040\000w\000i\000t\000h\000\040\000G\000a\000u\000s\000s\000i\000a\000n\000\040\000n\000o\000i\000s\000e}{chapter.2}% 20
\BOOKMARK [2][-]{subsection.2.5.1}{\376\377\000C\000a\000p\000a\000c\000i\000t\000y\000\040\000o\000f\000\040\000a\000\040\000c\000h\000a\000n\000n\000e\000l\000,\000\040\000i\000n\000f\000o\000r\000m\000a\000t\000i\000o\000n\000\040\000s\000t\000a\000b\000i\000l\000i\000t\000y\000,\000\040\000s\000p\000e\000c\000t\000r\000a\000l\000\040\000e\000f\000f\000i\000c\000i\000e\000n\000c\000y\000\040\000\050\000+\000c\000o\000d\000e\000w\000o\000r\000d\000\040\000e\000r\000r\000o\000r\000,\000\040\000i\000n\000f\000o\000r\000m\000a\000t\000i\000o\000n\000\040\000d\000e\000n\000s\000i\000t\000y\000\051}{section.2.5}% 21
\BOOKMARK [1][-]{section.2.6}{\376\377\000B\000I\000C\000M\000\040\000a\000r\000c\000h\000i\000t\000e\000c\000t\000u\000r\000e}{chapter.2}% 22
\BOOKMARK [0][-]{chapter.3}{\376\377\000W\000e\000e\000k\000\040\0003\000-\0009\000\040\000N\000o\000v\000e\000m\000b\000e\000r}{}% 23
\BOOKMARK [1][-]{section.3.1}{\376\377\000S\000p\000e\000c\000t\000r\000a\000l\000\040\000e\000f\000f\000i\000c\000i\000e\000n\000c\000y\000\040\000f\000o\000r\000\040\000f\000i\000n\000i\000t\000e\000-\000l\000e\000n\000g\000t\000h\000\040\000c\000o\000d\000e\000w\000o\000r\000d\000s}{chapter.3}% 24
\BOOKMARK [1][-]{section.3.2}{\376\377\000M\000M\000S\000E\000\040\000e\000s\000t\000i\000m\000a\000t\000i\000o\000n}{chapter.3}% 25
\BOOKMARK [2][-]{subsection.3.2.1}{\376\377\000I\000n\000t\000r\000o\000\040\000t\000o\000\040\000M\000M\000S\000E\000\040\000e\000s\000t\000i\000m\000a\000t\000i\000o\000n\000,\000\040\000s\000c\000a\000l\000a\000r\000\040\000e\000s\000t\000i\000m\000a\000t\000o\000r\000\040\000\050\000a\000n\000d\000\040\000t\000h\000e\000\040\000p\000r\000o\000p\000e\000r\000t\000i\000e\000s\000\040\000a\000n\000\040\000e\000s\000t\000i\000m\000a\000t\000o\000r\000\040\000s\000h\000o\000u\000l\000d\000\040\000h\000a\000v\000e\000\051}{section.3.2}% 26
\BOOKMARK [2][-]{subsection.3.2.2}{\376\377\000M\000M\000S\000E\000\040\000e\000s\000t\000i\000m\000a\000t\000o\000r\000\040\000f\000o\000r\000\040\000a\000\040\000C\000o\000m\000p\000l\000e\000x\000\040\000G\000a\000u\000s\000s\000i\000a\000n\000\040\000s\000c\000a\000l\000a\000r\000\040\000t\000h\000r\000o\000u\000g\000h\000\040\000a\000\040\000c\000h\000a\000n\000n\000e\000l}{section.3.2}% 27
\BOOKMARK [2][-]{subsection.3.2.3}{\376\377\000V\000e\000c\000t\000o\000r\000i\000a\000l\000\040\000e\000s\000t\000i\000m\000a\000t\000o\000r}{section.3.2}% 28
\BOOKMARK [2][-]{subsection.3.2.4}{\376\377\000M\000M\000S\000E\000\040\000e\000s\000t\000i\000m\000a\000t\000o\000r\000\040\000f\000o\000r\000\040\000a\000\040\000C\000o\000m\000p\000l\000e\000x\000\040\000G\000a\000u\000s\000s\000i\000a\000n\000\040\000v\000e\000c\000t\000o\000r\000\040\000r\000e\000p\000r\000e\000s\000e\000n\000t\000i\000n\000g\000\040\000a\000\040\000c\000h\000a\000n\000n\000e\000l}{section.3.2}% 29
\BOOKMARK [1][-]{section.3.3}{\376\377\000I\000-\000M\000M\000S\000E\000\040\000r\000e\000l\000a\000t\000i\000o\000n\000s\000h\000i\000p\000\040\000i\000n\000\040\000G\000a\000u\000s\000s\000i\000a\000n\000\040\000n\000o\000i\000s\000e}{chapter.3}% 30
\BOOKMARK [1][-]{section.3.4}{\376\377\000L\000M\000M\000S\000E\000\040\000f\000o\000r\000\040\000r\000a\000n\000d\000o\000m\000\040\000v\000a\000r\000i\000a\000b\000l\000e\000s}{chapter.3}% 31
\BOOKMARK [1][-]{section.3.5}{\376\377\000E\000x\000t\000e\000n\000s\000i\000o\000n\000\040\000\050\000f\000r\000o\000m\000\040\000r\000a\000n\000d\000o\000m\000\040\000v\000a\000r\000i\000a\000b\000l\000e\000s\000\040\000t\000o\000\040\000r\000a\000n\000d\000o\000m\000\040\000p\000r\000o\000c\000e\000s\000s\000e\000s\000\051}{chapter.3}% 32
\BOOKMARK [1][-]{section.3.6}{\376\377\000S\000i\000g\000n\000a\000l\000\040\000p\000r\000o\000c\000e\000s\000s\000i\000n\000g}{chapter.3}% 33
\BOOKMARK [2][-]{subsection.3.6.1}{\376\377\000I\000n\000t\000r\000o\000d\000u\000c\000t\000i\000o\000n}{section.3.6}% 34
\BOOKMARK [1][-]{section.3.7}{\376\377\000P\000a\000s\000s\000b\000a\000n\000d\000\040\000s\000i\000g\000n\000a\000l\000,\000\040\000i\000n\000-\000p\000h\000a\000s\000e\000/\000i\000n\000-\000q\000u\000a\000d\000r\000a\000t\000u\000r\000e\000\040\000c\000o\000m\000p\000o\000n\000e\000n\000t\000s}{chapter.3}% 35
\BOOKMARK [2][-]{subsection.3.7.1}{\376\377\000R\000a\000n\000d\000o\000m\000\040\000d\000i\000g\000r\000e\000s\000s\000i\000o\000n\000\040\000o\000n\000\040\000w\000h\000y\000\040\000r\000a\000d\000i\000o\000\040\000d\000o\000e\000s\000n\000'\000t\000\040\000t\000r\000a\000n\000s\000m\000i\000t\000\040\000o\000n\000\040\000b\000a\000s\000e\000b\000a\000n\000d\000\040\000a\000n\000d\000\040\000o\000n\000\040\000A\000D\000S\000L}{section.3.7}% 36
\BOOKMARK [2][-]{subsection.3.7.2}{\376\377\000R\000a\000n\000d\000o\000m\000\040\000d\000i\000g\000r\000e\000s\000s\000i\000o\000n\000\040\000o\000n\000\040\000F\000D\000D\000\040\000\050\000F\000r\000e\000q\000u\000e\000n\000c\000y\000\040\000D\000i\000v\000i\000s\000i\000o\000n\000\040\000D\000u\000p\000l\000e\000x\000\051\000\040\000a\000n\000d\000\040\000T\000D\000D\000\040\000\050\000T\000i\000m\000e\000\040\000D\000i\000v\000i\000s\000o\000n\000\040\000D\000u\000p\000l\000e\000x\000\051}{section.3.7}% 37
\BOOKMARK [1][-]{section.3.8}{\376\377\000C\000o\000m\000p\000l\000e\000x\000\040\000b\000a\000s\000e\000b\000a\000n\000d\000\040\000c\000h\000a\000n\000n\000e\000l\000\040\000r\000e\000s\000p\000o\000n\000s\000e}{chapter.3}% 38
\BOOKMARK [1][-]{section.3.9}{\376\377\000Q\000\040\000p\000a\000t\000h\000s\000\040\000c\000o\000m\000p\000l\000e\000x\000\040\000b\000a\000s\000e\000b\000a\000n\000d\000\040\000e\000q\000u\000i\000v\000a\000l\000e\000n\000t}{chapter.3}% 39
\BOOKMARK [1][-]{section.3.10}{\376\377\000T\000i\000m\000e\000\040\000d\000i\000s\000c\000r\000e\000t\000i\000z\000a\000t\000i\000o\000n}{chapter.3}% 40
\BOOKMARK [1][-]{section.3.11}{\376\377\000P\000u\000l\000s\000e\000\040\000s\000h\000a\000p\000i\000n\000g\000:\000\040\000f\000r\000o\000m\000\040\000d\000i\000g\000i\000t\000a\000l\000\040\000s\000i\000g\000n\000a\000l\000\040\000t\000o\000\040\000a\000n\000\040\000a\000n\000a\000l\000o\000g}{chapter.3}% 41
\BOOKMARK [1][-]{section.3.12}{\376\377\000C\000h\000a\000n\000n\000e\000l\000\040\000m\000o\000d\000e\000l\000s}{chapter.3}% 42
\BOOKMARK [0][-]{chapter.4}{\376\377\000W\000e\000e\000k\000\040\0001\0007\000-\0002\0003\000\040\000N\000o\000v\000e\000m\000b\000e\000r}{}% 43
\BOOKMARK [1][-]{section.4.1}{\376\377\000C\000h\000a\000n\000n\000e\000l\000\040\000m\000o\000d\000e\000l\000s}{chapter.4}% 44
\BOOKMARK [1][-]{section.4.2}{\376\377\000O\000r\000g\000a\000n\000i\000z\000a\000t\000i\000o\000n\000\040\000d\000e\000t\000o\000u\000r\000\040\000\050\000+\000m\000e\000n\000t\000i\000o\000n\000s\000\040\000o\000f\000\040\000S\000V\000D\000,\000\040\000P\000r\000e\000c\000o\000d\000i\000n\000g\000\051}{chapter.4}% 45
\BOOKMARK [1][-]{section.4.3}{\376\377\000P\000r\000o\000b\000l\000e\000m\000s\000\040\000i\000n\000\040\000d\000i\000s\000c\000r\000e\000t\000i\000z\000a\000t\000i\000o\000n}{chapter.4}% 46
\BOOKMARK [1][-]{section.4.4}{\376\377\000D\000i\000s\000c\000r\000e\000t\000i\000z\000e\000d\000\040\000C\000h\000a\000n\000n\000e\000l\000\040\000M\000o\000d\000e\000l}{chapter.4}% 47
\BOOKMARK [1][-]{section.4.5}{\376\377\000T\000r\000a\000n\000s\000i\000t\000i\000o\000n\000i\000n\000g\000\040\000t\000o\000\040\000M\000I\000M\000O}{chapter.4}% 48
\BOOKMARK [1][-]{section.4.6}{\376\377\000P\000r\000e\000c\000o\000d\000i\000n\000g}{chapter.4}% 49
\BOOKMARK [2][-]{subsection.4.6.1}{\376\377\000I\000n\000t\000r\000o\000d\000u\000c\000t\000i\000o\000n\000\040\000\050\000i\000n\000f\000o\000r\000m\000a\000t\000i\000o\000n\000\040\000t\000h\000e\000o\000r\000y\000\040\000w\000r\000i\000t\000i\000n\000g\000\040\000o\000f\000\040\000x\000[\000n\000]\000,\000\040\000m\000a\000t\000r\000i\000x\000\040\000F\000;\000\040\000v\000a\000r\000i\000a\000t\000i\000o\000n\000\040\000o\000f\000\040\000p\000r\000e\000c\000o\000d\000e\000d\000\040\000x\000\051}{section.4.6}% 50
\BOOKMARK [1][-]{section.4.7}{\376\377\000R\000e\000c\000a\000p\000\040\000o\000f\000\040\000s\000i\000n\000g\000u\000l\000a\000r\000\040\000v\000a\000l\000u\000e\000\040\000d\000e\000c\000o\000m\000p\000o\000s\000i\000t\000i\000o\000n}{chapter.4}% 51
\BOOKMARK [1][-]{section.4.8}{\376\377\000A\000p\000p\000l\000y\000i\000n\000g\000\040\000p\000r\000e\000c\000o\000d\000i\000n\000g}{chapter.4}% 52
\BOOKMARK [1][-]{section.4.9}{\376\377\000S\000i\000g\000n\000a\000l\000\040\000p\000o\000w\000e\000r\000\040\000c\000o\000n\000s\000t\000r\000a\000i\000n\000t\000s}{chapter.4}% 53
\BOOKMARK [1][-]{section.4.10}{\376\377\000V\000e\000c\000t\000o\000r\000i\000z\000i\000n\000g\000\040\000t\000h\000e\000\040\000c\000h\000a\000n\000n\000e\000l}{chapter.4}% 54
\BOOKMARK [0][-]{chapter.5}{\376\377\000L\000e\000s\000s\000o\000n\000\040\0002\0005\000-\0001\0001\000-\0002\0000\0002\0005}{}% 55
\BOOKMARK [1][-]{section.5.1}{\376\377\000L\000i\000n\000e\000a\000r\000\040\000c\000h\000a\000n\000n\000e\000l\000\040\000e\000q\000u\000a\000l\000i\000z\000a\000t\000i\000o\000n}{chapter.5}% 56
\BOOKMARK [2][-]{subsection.5.1.1}{\376\377\000I\000n\000t\000r\000o\000d\000u\000c\000t\000i\000o\000n\000:\000\040\000s\000u\000p\000e\000r\000\040\000b\000a\000s\000i\000c\000\040\000b\000l\000o\000c\000k\000\040\000s\000c\000h\000e\000m\000e}{section.5.1}% 57
\BOOKMARK [2][-]{subsection.5.1.2}{\376\377\000F\000e\000e\000d\000b\000a\000c\000k\000\040\000e\000q\000u\000a\000l\000i\000z\000e\000r}{section.5.1}% 58
\BOOKMARK [2][-]{subsection.5.1.3}{\376\377\000L\000i\000n\000e\000a\000r\000\040\000z\000e\000r\000o\000\040\000f\000o\000r\000c\000i\000n\000g\000\040\000e\000q\000u\000a\000l\000i\000z\000a\000t\000i\000o\000n}{section.5.1}% 59
\BOOKMARK [1][-]{section.5.2}{\376\377\000M\000o\000o\000r\000e\000-\000P\000e\000n\000r\000o\000s\000e\000\040\000p\000s\000e\000u\000d\000o\000-\000i\000n\000v\000e\000r\000s\000e}{chapter.5}% 60
\BOOKMARK [1][-]{section.5.3}{\376\377\000A\000c\000t\000u\000a\000l\000l\000y\000\040\000f\000i\000n\000d\000i\000n\000g\000\040\000t\000h\000e\000\040\000M\000I\000M\000O\000\040\000z\000e\000r\000o\000\040\000f\000o\000r\000c\000i\000n\000g\000\040\000e\000q\000u\000a\000l\000i\000z\000e\000r}{chapter.5}% 61
\BOOKMARK [1][-]{section.5.4}{\376\377\000M\000I\000M\000O\000\040\000D\000e\000g\000r\000e\000e\000s\000\040\000o\000f\000\040\000F\000r\000e\000e\000d\000o\000m\000\040\000a\000n\000d\000\040\000Z\000F\000\040\000E\000q\000u\000a\000l\000i\000z\000a\000t\000i\000o\000n}{chapter.5}% 62
\BOOKMARK [1][-]{section.5.5}{\376\377\000L\000M\000M\000S\000E\000\040\000e\000q\000u\000a\000l\000i\000z\000a\000t\000i\000o\000n}{chapter.5}% 63
\BOOKMARK [0][-]{chapter.6}{\376\377\000D\000i\000g\000r\000e\000s\000s\000i\000o\000n\000\040\000o\000n\000\040\000C\000i\000r\000c\000u\000l\000a\000r\000\040\000C\000o\000n\000v\000o\000l\000u\000t\000i\000o\000n}{}% 64
\BOOKMARK [1][-]{section.6.1}{\376\377\000C\000i\000r\000c\000u\000l\000a\000r\000\040\000C\000o\000n\000v\000o\000l\000u\000t\000i\000o\000n}{chapter.6}% 65
\BOOKMARK [1][-]{section.6.2}{\376\377\000C\000y\000c\000l\000i\000c\000\040\000P\000r\000e\000f\000i\000x\000\040\000\046\000\040\000F\000o\000u\000r\000i\000e\000r\000\040\000T\000a\000x\000o\000n\000o\000m\000y}{chapter.6}% 66
\BOOKMARK [1][-]{section.6.3}{\376\377\000G\000r\000a\000p\000h\000i\000c\000a\000l\000\040\000R\000e\000p\000r\000e\000s\000e\000n\000t\000a\000t\000i\000o\000n\000:\000\040\000S\000C\000-\000F\000D\000E}{chapter.6}% 67
\BOOKMARK [2][-]{subsection.6.3.1}{\376\377\000R\000e\000c\000e\000i\000v\000e\000r\000\040\000S\000t\000r\000u\000c\000t\000u\000r\000e\000\040\000N\000o\000t\000e\000s}{section.6.3}% 68
\BOOKMARK [2][-]{subsection.6.3.2}{\376\377\000N\000o\000i\000s\000e\000\040\000V\000a\000r\000i\000a\000n\000c\000e\000\040\000D\000e\000r\000i\000v\000a\000t\000i\000o\000n}{section.6.3}% 69
\BOOKMARK [0][-]{chapter.7}{\376\377\000L\000e\000s\000s\000o\000n\000\040\0002\0008\000-\0001\0001\000-\0002\0000\0002\0005}{}% 70
\BOOKMARK [1][-]{section.7.1}{\376\377\000O\000r\000t\000h\000o\000g\000o\000n\000a\000l\000\040\000F\000r\000e\000q\000u\000e\000n\000c\000y\000\040\000D\000i\000v\000i\000s\000i\000o\000n\000\040\000M\000u\000l\000t\000i\000p\000l\000e\000x\000i\000n\000g\000\040\000\050\000O\000F\000D\000M\000\051}{chapter.7}% 71
\BOOKMARK [2][-]{subsection.7.1.1}{\376\377\000O\000F\000D\000M\000\040\000T\000r\000a\000n\000s\000m\000i\000t\000t\000e\000r}{section.7.1}% 72
\BOOKMARK [1][-]{section.7.2}{\376\377\000T\000h\000e\000\040\000C\000h\000a\000n\000n\000e\000l}{chapter.7}% 73
\BOOKMARK [1][-]{section.7.3}{\376\377\000T\000h\000e\000\040\000O\000F\000D\000M\000\040\000R\000e\000c\000e\000i\000v\000e\000r}{chapter.7}% 74
\BOOKMARK [2][-]{subsection.7.3.1}{\376\377\000C\000y\000c\000l\000i\000c\000\040\000P\000r\000e\000f\000i\000x\000\040\000R\000e\000m\000o\000v\000a\000l}{section.7.3}% 75
\BOOKMARK [2][-]{subsection.7.3.2}{\376\377\000D\000F\000T\000\040\000\050\000D\000i\000s\000c\000r\000e\000t\000e\000\040\000F\000o\000u\000r\000i\000e\000r\000\040\000T\000r\000a\000n\000s\000f\000o\000r\000m\000\051}{section.7.3}% 76
\BOOKMARK [1][-]{section.7.4}{\376\377\000M\000a\000t\000h\000e\000m\000a\000t\000i\000c\000a\000l\000\040\000P\000r\000o\000o\000f\000\040\000[\000T\000h\000e\000\040\000"\000H\000e\000a\000r\000t\000"\000\040\000o\000f\000\040\000O\000F\000D\000M\000]}{chapter.7}% 77
\BOOKMARK [2][-]{subsection.7.4.1}{\376\377\000S\000t\000e\000p\000\040\0001\000:\000\040\000E\000x\000p\000a\000n\000s\000i\000o\000n\000\040\000o\000f\000\040\000y\000[\000n\000]}{section.7.4}% 78
\BOOKMARK [2][-]{subsection.7.4.2}{\376\377\000S\000t\000e\000p\000\040\0002\000:\000\040\000S\000u\000b\000s\000t\000i\000t\000u\000t\000i\000o\000n\000\040\000o\000f\000\040\000x\000\040\000\050\000I\000D\000F\000T\000\051}{section.7.4}% 79
\BOOKMARK [2][-]{subsection.7.4.3}{\376\377\000S\000t\000e\000p\000\040\0003\000:\000\040\000R\000e\000a\000r\000r\000a\000n\000g\000e\000m\000e\000n\000t\000\040\000o\000f\000\040\000S\000u\000m\000m\000a\000t\000i\000o\000n\000s}{section.7.4}% 80
\BOOKMARK [2][-]{subsection.7.4.4}{\376\377\000F\000i\000n\000a\000l\000\040\000R\000e\000s\000u\000l\000t}{section.7.4}% 81
\BOOKMARK [2][-]{subsection.7.4.5}{\376\377\000I\000n\000t\000e\000r\000p\000r\000e\000t\000a\000t\000i\000o\000n\000\040\000a\000n\000d\000\040\000E\000q\000u\000a\000l\000i\000z\000a\000t\000i\000o\000n}{section.7.4}% 82
\BOOKMARK [0][-]{chapter.8}{\376\377\000L\000e\000s\000s\000o\000n\000\040\0002\000-\0001\0002\000-\0002\0000\0002\0005}{}% 83
\BOOKMARK [1][-]{section.8.1}{\376\377\000M\000a\000t\000h\000e\000m\000a\000t\000i\000c\000a\000l\000\040\000r\000e\000p\000r\000e\000s\000e\000n\000t\000a\000t\000i\000o\000n\000\040\000o\000f\000\040\000O\000F\000D\000M}{chapter.8}% 84
\BOOKMARK [1][-]{section.8.2}{\376\377\000S\000u\000b\000c\000a\000r\000r\000i\000e\000r\000\040\000s\000p\000a\000c\000i\000n\000g\000,\000\040\000s\000p\000e\000c\000t\000r\000a\000l\000\040\000e\000f\000f\000i\000c\000i\000e\000n\000c\000y\000\040\000p\000e\000n\000a\000l\000t\000y}{chapter.8}% 85
\BOOKMARK [1][-]{section.8.3}{\376\377\000E\000x\000a\000m\000p\000l\000e\000s\000\040\000o\000f\000\040\000s\000m\000a\000l\000l\000\040\000e\000x\000e\000r\000c\000i\000s\000e\000s}{chapter.8}% 86
\BOOKMARK [0][-]{chapter.9}{\376\377\000L\000e\000s\000s\000o\000n\000\040\0003\000-\0001\0002\000-\0002\0000\0002\0005}{}% 87
\BOOKMARK [1][-]{section.9.1}{\376\377\000C\000h\000a\000n\000n\000e\000l\000\040\000e\000s\000t\000i\000m\000a\000t\000i\000o\000n\000\040\0003\000\040\000D\000e\000c\000\040\0002\0000\0002\0005}{chapter.9}% 88
\BOOKMARK [1][-]{section.9.2}{\376\377\000L\000i\000n\000e\000a\000r\000\040\000e\000s\000t\000i\000m\000a\000t\000i\000o\000n\000\040\000f\000o\000r\000\040\000a\000\040\000M\000I\000M\000O\000\040\000A\000W\000G\000N\000\040\000c\000h\000a\000n\000n\000e\000l}{chapter.9}% 89
\BOOKMARK [1][-]{section.9.3}{\376\377\000Z\000e\000r\000o\000\040\000f\000o\000r\000c\000i\000n\000g\000\040\000e\000q\000u\000a\000l\000i\000z\000e\000r\000\040\000f\000o\000r\000\040\000M\000I\000M\000O\000\040\000O\000F\000D\000M}{chapter.9}% 90
\BOOKMARK [1][-]{section.9.4}{\376\377\000A\000\040\000s\000i\000g\000n\000a\000l\000\040\000p\000r\000o\000c\000e\000s\000s\000i\000n\000g\000\040\000p\000e\000r\000s\000p\000e\000c\000t\000i\000v\000e}{chapter.9}% 91
\BOOKMARK [0][-]{chapter.10}{\376\377\000L\000e\000s\000s\000o\000n\000\040\0005\000-\0001\0002\000-\0002\0000\0002\0005}{}% 92
\BOOKMARK [1][-]{section.10.1}{\376\377\000C\000h\000a\000n\000n\000e\000l\000\040\000m\000o\000d\000e\000l\000i\000n\000g}{chapter.10}% 93
\BOOKMARK [2][-]{subsection.10.1.1}{\376\377\000F\000r\000i\000i\000s\000'\000\040\000e\000q\000u\000a\000t\000i\000o\000n}{section.10.1}% 94
\BOOKMARK [1][-]{section.10.2}{\376\377\000M\000o\000d\000e\000l\000i\000n\000g\000\040\000a\000p\000p\000r\000o\000a\000c\000h\000e\000s}{chapter.10}% 95
\BOOKMARK [2][-]{subsection.10.2.1}{\376\377\000M\000o\000d\000e\000l\000i\000n\000g\000\040\000o\000f\000\040\000r\000a\000d\000i\000o\000\040\000p\000r\000o\000p\000a\000g\000a\000t\000i\000o\000n\000\040\000\050\000L\000O\000S\000,\000\040\000N\000L\000O\000S\000,\000\040\000e\000f\000f\000e\000c\000t\000s\000\040\000o\000n\000\040\000t\000h\000e\000\040\000s\000i\000g\000n\000a\000l\000s\000\051}{section.10.2}% 96
\BOOKMARK [2][-]{subsection.10.2.2}{\376\377\000M\000o\000d\000e\000l\000i\000n\000g\000\040\000a\000p\000p\000r\000o\000a\000c\000h\000e\000s\000\040\000\050\000d\000e\000t\000e\000r\000m\000i\000n\000i\000s\000t\000i\000c\000,\000\040\000s\000t\000o\000c\000h\000a\000s\000t\000i\000c\000\051\000;\000\040\000e\000l\000e\000m\000e\000n\000t\000s\000\040\000o\000f\000\040\000t\000h\000e\000\040\000m\000o\000d\000e\000l\000i\000z\000a\000t\000i\000o\000n}{section.10.2}% 97
\BOOKMARK [1][-]{section.10.3}{\376\377\000L\000a\000r\000g\000e\000\040\000s\000c\000a\000l\000e\000\040\000p\000h\000e\000n\000o\000m\000e\000n\000a}{chapter.10}% 98
\BOOKMARK [2][-]{subsection.10.3.1}{\376\377\000P\000a\000t\000h\000l\000o\000s\000s\000\040\000a\000n\000d\000\040\000s\000h\000a\000d\000o\000w\000\040\000f\000a\000d\000i\000n\000g\000\040\000\050\000t\000h\000e\000i\000r\000\040\000s\000e\000p\000a\000r\000a\000t\000i\000o\000n\000,\000\040\000d\000i\000s\000t\000r\000i\000b\000u\000t\000i\000o\000n\000\040\000o\000f\000\040\000t\000h\000e\000\040\000s\000h\000a\000d\000o\000w\000\040\000f\000a\000d\000i\000n\000g\000\051\000,\000\040\000p\000a\000t\000h\000l\000o\000s\000s\000;\000\040\000l\000a\000r\000g\000e\000-\000s\000c\000a\000l\000e\000\040\000c\000h\000a\000n\000n\000e\000l\000\040\000g\000a\000i\000n\000\040\000G\000\040\000a\000n\000d\000\040\000p\000a\000r\000t\000i\000a\000l\000\040\000v\000a\000l\000u\000e\000s\000\040\000P\000t\000,\000\040\000P\000r\000,\000\040\000G\000t\000,\000\040\000G\000r}{section.10.3}% 99
\BOOKMARK [1][-]{section.10.4}{\376\377\000T\000w\000o\000-\000e\000x\000p\000o\000n\000e\000n\000t\000s\000\040\000m\000o\000d\000e\000l}{chapter.10}% 100
\BOOKMARK [1][-]{section.10.5}{\376\377\000M\000a\000c\000r\000o\000c\000e\000l\000l\000\040\000m\000o\000d\000e\000l\000s}{chapter.10}% 101
\BOOKMARK [2][-]{subsection.10.5.1}{\376\377\000O\000k\000u\000m\000u\000r\000a\000-\000H\000a\000t\000a\000\040\000m\000o\000d\000e\000l}{section.10.5}% 102
\BOOKMARK [2][-]{subsection.10.5.2}{\376\377\000C\000O\000S\000T\000-\0002\0003\0001\000\040\000H\000a\000t\000a\000\040\000m\000o\000d\000e\000l}{section.10.5}% 103
\BOOKMARK [1][-]{section.10.6}{\376\377\000S\000U\000I\000\040\000m\000o\000d\000e\000l}{chapter.10}% 104
\BOOKMARK [1][-]{section.10.7}{\376\377\000M\000i\000c\000r\000o\000c\000e\000l\000l\000\040\000m\000o\000d\000e\000l\000s}{chapter.10}% 105
\BOOKMARK [2][-]{subsection.10.7.1}{\376\377\000C\000O\000S\000T\000-\0002\0003\0001\000\040\000W\000a\000l\000f\000i\000s\000c\000h\000-\000I\000k\000e\000g\000a\000m\000i\000\040\000m\000o\000d\000e\000l}{section.10.7}% 106
\BOOKMARK [0][-]{chapter.11}{\376\377\000L\000e\000s\000s\000o\000n\000\040\0009\000-\0001\0002\000-\0002\0000\0002\0005}{}% 107
\BOOKMARK [1][-]{section.11.1}{\376\377\000P\000i\000c\000o\000c\000e\000l\000l\000\040\000a\000n\000d\000\040\000i\000n\000d\000o\000o\000r\000\040\000m\000o\000d\000e\000l\000s}{chapter.11}% 108
\BOOKMARK [1][-]{section.11.2}{\376\377\000S\000m\000a\000l\000l\000-\000s\000c\000a\000l\000e\000\040\000f\000a\000d\000i\000n\000g}{chapter.11}% 109
\BOOKMARK [2][-]{subsection.11.2.1}{\376\377\000M\000u\000l\000t\000i\000p\000a\000t\000h\000\040\000p\000r\000o\000p\000a\000g\000a\000t\000i\000o\000n\000\040\000\050\000+\000R\000a\000y\000l\000e\000i\000g\000h\000\040\000a\000n\000d\000\040\000R\000i\000c\000e\000\040\000f\000a\000d\000i\000n\000g\000\051}{section.11.2}% 110
\BOOKMARK [1][-]{section.11.3}{\376\377\000I\000m\000p\000o\000r\000t\000a\000n\000c\000e\000\040\000o\000f\000\040\000c\000h\000a\000n\000n\000e\000l\000\040\000m\000o\000d\000e\000l\000i\000n\000g}{chapter.11}% 111
\BOOKMARK [1][-]{section.11.4}{\376\377\000S\000p\000a\000c\000e\000\040\000s\000e\000l\000e\000c\000t\000i\000v\000i\000t\000y}{chapter.11}% 112
\BOOKMARK [1][-]{section.11.5}{\376\377\000P\000A\000S\000\040\000\040\000P\000o\000w\000e\000r\000\040\000A\000n\000g\000l\000e\000\040\000S\000p\000e\000c\000t\000r\000u\000m}{chapter.11}% 113
\BOOKMARK [1][-]{section.11.6}{\376\377\000T\000r\000u\000n\000c\000a\000t\000e\000d\000\040\000L\000a\000p\000l\000a\000c\000i\000a\000n}{chapter.11}% 114
\BOOKMARK [1][-]{section.11.7}{\376\377\000S\000m\000a\000l\000l\000-\000s\000c\000a\000l\000e\000\040\000f\000a\000d\000i\000n\000g}{chapter.11}% 115
\BOOKMARK [2][-]{subsection.11.7.1}{\376\377\000M\000u\000l\000t\000i\000p\000a\000t\000h\000\040\000p\000r\000o\000p\000a\000g\000a\000t\000i\000o\000n\000\040\000\050\000+\000R\000a\000y\000l\000e\000i\000g\000h\000\040\000a\000n\000d\000\040\000R\000i\000c\000e\000\040\000f\000a\000d\000i\000n\000g\000\051}{section.11.7}% 116
\BOOKMARK [0][-]{chapter.12}{\376\377\000L\000e\000s\000s\000o\000n\000\040\0001\0000\000-\0001\0002\000-\0002\0000\0002\0005}{}% 117
\BOOKMARK [1][-]{section.12.1}{\376\377\000S\000p\000a\000c\000e\000\040\000c\000o\000r\000r\000e\000l\000a\000t\000i\000o\000n}{chapter.12}% 118
\BOOKMARK [2][-]{subsection.12.1.1}{\376\377\000A\000b\000o\000u\000t\000\040\000s\000p\000a\000c\000e\000\040\000c\000o\000r\000r\000e\000l\000a\000t\000i\000o\000n\000\040\000\050\000d\000e\000p\000e\000n\000d\000a\000n\000c\000e\000\040\000o\000f\000\040\000y\000\040\000o\000n\000\040\003\270\000,\000\040\000a\000r\000r\000i\000v\000a\000l\000\040\000a\000n\000g\000l\000e\000\051\000;\000\040\000s\000p\000e\000c\000i\000a\000l\000i\000z\000a\000t\000i\000o\000n\000\040\000f\000o\000r\000\040\000w\000h\000e\000n\000\040\000x\000\040\000i\000s\000\040\000s\000i\000n\000u\000s\000o\000i\000d\000a\000l}{section.12.1}% 119
\BOOKMARK [1][-]{section.12.2}{\376\377\000S\000p\000a\000c\000e\000\040\000c\000o\000r\000r\000e\000l\000a\000t\000i\000o\000n\000\040\000f\000u\000n\000c\000t\000i\000o\000n\000\040\000f\000o\000r\000\040\000C\000l\000a\000r\000k\000e\000-\000J\000a\000k\000e\000s\000\040\000P\000A\000S}{chapter.12}% 120
\BOOKMARK [1][-]{section.12.3}{\376\377\000T\000i\000m\000e\000\040\000s\000e\000l\000e\000c\000t\000i\000v\000i\000t\000y}{chapter.12}% 121
\BOOKMARK [2][-]{subsection.12.3.1}{\376\377\000T\000i\000m\000e\000\040\000c\000o\000r\000r\000e\000l\000a\000t\000i\000o\000n\000,\000\040\000c\000o\000h\000e\000r\000e\000n\000c\000e\000\040\000t\000i\000m\000e}{section.12.3}% 122
\BOOKMARK [1][-]{section.12.4}{\376\377\000D\000o\000p\000p\000l\000e\000r\000\040\000s\000p\000e\000c\000t\000r\000u\000m}{chapter.12}% 123
\BOOKMARK [1][-]{section.12.5}{\376\377\000T\000i\000m\000e\000\040\000d\000i\000s\000c\000r\000e\000t\000i\000z\000a\000t\000i\000o\000n\000:\000\040\000t\000i\000m\000e\000\040\000s\000e\000l\000e\000c\000t\000i\000v\000i\000t\000y\000\040\000a\000p\000p\000l\000i\000e\000d\000\040\000t\000o\000\040\000d\000i\000s\000c\000r\000e\000t\000e\000\040\000t\000r\000a\000n\000s\000m\000i\000s\000s\000i\000o\000n}{chapter.12}% 124
\BOOKMARK [1][-]{section.12.6}{\376\377\000S\000i\000m\000p\000l\000i\000f\000i\000e\000d\000\040\000m\000o\000d\000e\000l\000s}{chapter.12}% 125
\BOOKMARK [2][-]{subsection.12.6.1}{\376\377\000W\000h\000y\000\040\000d\000o\000\040\000w\000e\000\040\000n\000e\000e\000d\000\040\000s\000i\000m\000p\000l\000i\000f\000i\000e\000d\000\040\000m\000o\000d\000e\000l\000s\000?}{section.12.6}% 126
\BOOKMARK [1][-]{section.12.7}{\376\377\000G\000a\000u\000s\000s\000-\000M\000a\000r\000k\000o\000v\000\040\000m\000o\000d\000e\000l}{chapter.12}% 127
\BOOKMARK [1][-]{section.12.8}{\376\377\000B\000l\000o\000c\000k\000-\000f\000a\000d\000i\000n\000g\000\040\000m\000o\000d\000e\000l}{chapter.12}% 128
\BOOKMARK [0][-]{chapter.13}{\376\377\000L\000e\000s\000s\000o\000n\000\040\0001\0002\000-\0001\0002\000-\0002\0000\0002\0005}{}% 129
\BOOKMARK [1][-]{section.13.1}{\376\377\000F\000r\000e\000q\000u\000e\000n\000c\000y\000\040\000s\000e\000l\000e\000c\000t\000i\000v\000i\000t\000y}{chapter.13}% 130
\BOOKMARK [2][-]{subsection.13.1.1}{\376\377\000I\000m\000p\000o\000r\000t\000a\000n\000t\000\040\000p\000a\000r\000a\000m\000e\000t\000e\000r\000s\000\040\000\050\000R\000h\000,\000\040\000T\000d\000,\000\040\000P\000D\000P\000\051\000\040\000a\000n\000d\000\040\000W\000S\000S\000U\000S\000\040\000a\000s\000s\000u\000m\000p\000t\000i\000o\000n\000\040\000\173\0003\000.\0004\000.\0002\000\175}{section.13.1}% 131
\BOOKMARK [2][-]{subsection.13.1.2}{\376\377\000E\000x\000a\000m\000p\000l\000e\000\040\0003\000.\0002\0005\000:\000\040\000d\000e\000l\000a\000y\000\040\000s\000p\000r\000e\000a\000d\000\040\000c\000a\000l\000c\000u\000l\000a\000t\000i\000o\000n}{section.13.1}% 132
\BOOKMARK [1][-]{section.13.2}{\376\377\000S\000i\000n\000g\000l\000e\000-\000u\000s\000e\000r\000\040\000S\000I\000S\000O}{chapter.13}% 133
\BOOKMARK [2][-]{subsection.13.2.1}{\376\377\000I\000n\000t\000r\000o\000d\000u\000c\000t\000i\000o\000n\000:\000\040\000c\000a\000p\000a\000c\000i\000t\000y\000\040\000o\000f\000\040\000A\000W\000G\000N\000\040\000c\000h\000a\000n\000n\000e\000l\000,\000\040\000p\000l\000o\000t\000t\000i\000n\000g\000\040\000p\000e\000,\000\040\000v\000a\000r\000i\000o\000u\000s\000\040\000w\000r\000i\000t\000i\000n\000g\000s\000\040\000o\000f\000\040\000C\000,\000\040\000t\000o\000t\000a\000l\000\040\000c\000h\000a\000n\000n\000e\000l\000\040\000g\000a\000i\000n}{section.13.2}% 134
\BOOKMARK [1][-]{section.13.3}{\376\377\000P\000O\000T\000S\000\040\000a\000n\000d\000\040\000t\000e\000l\000e\000p\000h\000o\000n\000e\000\040\000s\000y\000s\000t\000e\000m\000\040\000d\000e\000t\000o\000u\000r}{chapter.13}% 135
\BOOKMARK [1][-]{section.13.4}{\376\377\000I\000n\000f\000i\000n\000e\000o\000n\000\040\000d\000e\000t\000o\000u\000r}{chapter.13}% 136
\BOOKMARK [1][-]{section.13.5}{\376\377\000S\000N\000R\000\040\000a\000n\000d\000\040\000s\000e\000v\000e\000r\000a\000l\000\040\000o\000t\000h\000e\000r\000\040\000d\000e\000f\000i\000n\000i\000t\000i\000o\000n\000s}{chapter.13}% 137
\BOOKMARK [0][-]{chapter*.525}{\376\377\000A\000p\000p\000e\000n\000d\000i\000x\000\040\000A\000:\000\040\000T\000r\000a\000n\000s\000f\000o\000r\000m\000s}{}% 138
\BOOKMARK [1][-]{section.1.1}{\376\377\000F\000o\000u\000r\000i\000e\000r\000\040\000t\000r\000a\000n\000s\000f\000o\000r\000m\000s}{chapter*.525}% 139
\BOOKMARK [2][-]{subsection.1.1.1}{\376\377\000C\000o\000n\000t\000i\000n\000u\000o\000u\000s\000-\000t\000i\000m\000e\000\040\000F\000o\000u\000r\000i\000e\000r\000\040\000t\000r\000a\000n\000s\000f\000o\000r\000m}{section.1.1}% 140
\BOOKMARK [2][-]{subsection.1.1.2}{\376\377\000C\000o\000n\000t\000i\000n\000u\000o\000u\000s\000-\000t\000i\000m\000e\000\040\000F\000o\000u\000r\000i\000e\000r\000\040\000s\000e\000r\000i\000e\000s}{section.1.1}% 141
\BOOKMARK [2][-]{subsection.1.1.3}{\376\377\000D\000i\000s\000c\000r\000e\000t\000e\000-\000t\000i\000m\000e\000\040\000F\000o\000u\000r\000i\000e\000r\000\040\000t\000r\000a\000n\000s\000f\000o\000r\000m}{section.1.1}% 142
\BOOKMARK [2][-]{subsection.1.1.4}{\376\377\000D\000i\000s\000c\000r\000e\000t\000e\000\040\000F\000o\000u\000r\000i\000e\000r\000\040\000t\000r\000a\000n\000s\000f\000o\000r\000m}{section.1.1}% 143
\BOOKMARK [1][-]{section.1.2}{\376\377\000Z\000-\000t\000r\000a\000n\000s\000f\000o\000r\000m}{chapter*.525}% 144
\BOOKMARK [0][-]{chapter*.553}{\376\377\000A\000p\000p\000e\000n\000d\000i\000x\000\040\000B\000:\000\040\000M\000a\000t\000r\000i\000x\000\040\000a\000l\000g\000e\000b\000r\000a}{}% 145
\BOOKMARK [1][-]{section.2.1}{\376\377\000C\000o\000l\000u\000m\000n\000\040\000s\000p\000a\000c\000e\000,\000\040\000r\000o\000w\000\040\000s\000p\000a\000c\000e\000,\000\040\000n\000u\000l\000l\000\040\000s\000p\000a\000c\000e\000s}{chapter*.553}% 146
\BOOKMARK [1][-]{section.2.2}{\376\377\000S\000p\000e\000c\000i\000a\000l\000\040\000m\000a\000t\000r\000i\000c\000e\000s}{chapter*.553}% 147
\BOOKMARK [2][-]{subsection.2.2.1}{\376\377\000H\000e\000r\000m\000i\000t\000i\000a\000n\000\040\000m\000a\000t\000r\000i\000c\000e\000s}{section.2.2}% 148
\BOOKMARK [2][-]{subsection.2.2.2}{\376\377\000U\000n\000i\000t\000a\000r\000y\000\040\000m\000a\000t\000r\000i\000c\000e\000s}{section.2.2}% 149
\BOOKMARK [2][-]{subsection.2.2.3}{\376\377\000F\000o\000u\000r\000i\000e\000r\000\040\000m\000a\000t\000r\000i\000c\000e\000s}{section.2.2}% 150
\BOOKMARK [2][-]{subsection.2.2.4}{\376\377\000T\000o\000e\000p\000l\000i\000t\000z\000\040\000a\000n\000d\000\040\000c\000i\000r\000c\000u\000l\000a\000n\000t\000\040\000m\000a\000t\000r\000i\000c\000e\000s}{section.2.2}% 151
\BOOKMARK [2][-]{subsection.2.2.5}{\376\377\000H\000a\000n\000k\000e\000l\000\040\000m\000a\000t\000r\000i\000c\000e\000s}{section.2.2}% 152
\BOOKMARK [1][-]{section.2.3}{\376\377\000M\000a\000t\000r\000i\000x\000\040\000d\000e\000c\000o\000m\000p\000o\000s\000i\000t\000i\000o\000n\000s}{chapter*.553}% 153
\BOOKMARK [2][-]{subsection.2.3.1}{\376\377\000E\000i\000g\000e\000n\000v\000a\000l\000u\000e\000\040\000d\000e\000c\000o\000m\000p\000o\000s\000i\000t\000i\000o\000n}{section.2.3}% 154
\BOOKMARK [2][-]{subsection.2.3.2}{\376\377\000S\000i\000n\000g\000u\000l\000a\000r\000-\000v\000a\000l\000u\000e\000\040\000d\000e\000c\000o\000m\000p\000o\000s\000i\000t\000i\000o\000n}{section.2.3}% 155
\BOOKMARK [2][-]{subsection.2.3.3}{\376\377\000Q\000R\000\040\000d\000e\000c\000o\000m\000p\000o\000s\000i\000t\000i\000o\000n}{section.2.3}% 156
\BOOKMARK [1][-]{section.2.4}{\376\377\000T\000r\000a\000c\000e\000\040\000a\000n\000d\000\040\000d\000e\000t\000e\000r\000m\000i\000n\000a\000n\000t}{chapter*.553}% 157
\BOOKMARK [1][-]{section.2.5}{\376\377\000F\000r\000o\000b\000e\000n\000i\000u\000s\000\040\000n\000o\000r\000m}{chapter*.553}% 158
\BOOKMARK [1][-]{section.2.6}{\376\377\000M\000o\000o\000r\000e\000-\000P\000e\000n\000r\000o\000s\000e\000\040\000p\000s\000e\000u\000d\000o\000i\000n\000v\000e\000r\000s\000e}{chapter*.553}% 159
\BOOKMARK [1][-]{section.2.7}{\376\377\000M\000a\000t\000r\000i\000x\000\040\000i\000n\000v\000e\000r\000s\000i\000o\000n\000\040\000l\000e\000m\000m\000a}{chapter*.553}% 160
\BOOKMARK [1][-]{section.2.8}{\376\377\000K\000r\000o\000n\000e\000c\000k\000e\000r\000\040\000p\000r\000o\000d\000u\000c\000t}{chapter*.553}% 161
\BOOKMARK [0][-]{chapter*.593}{\376\377\000A\000p\000p\000e\000n\000d\000i\000x\000\040\000C\000:\000\040\000R\000a\000n\000d\000o\000m\000\040\000v\000a\000r\000i\000a\000b\000l\000e\000s\000\040\000a\000n\000d\000\040\000p\000r\000o\000c\000e\000s\000s\000e\000s}{}% 162
\BOOKMARK [1][-]{section.3.1}{\376\377\000R\000a\000n\000d\000o\000m\000\040\000v\000a\000r\000i\000a\000b\000l\000e\000s}{chapter*.593}% 163
\BOOKMARK [2][-]{subsection.3.1.1}{\376\377\000B\000a\000y\000e\000s\000'\000\040\000t\000h\000e\000o\000r\000e\000m}{section.3.1}% 164
\BOOKMARK [2][-]{subsection.3.1.2}{\376\377\000E\000x\000p\000e\000c\000t\000a\000t\000i\000o\000n}{section.3.1}% 165
\BOOKMARK [2][-]{subsection.3.1.3}{\376\377\000C\000o\000r\000r\000e\000l\000a\000t\000i\000o\000n}{section.3.1}% 166
\BOOKMARK [2][-]{subsection.3.1.4}{\376\377\000P\000r\000o\000p\000e\000r\000n\000e\000s\000s}{section.3.1}% 167
\BOOKMARK [2][-]{subsection.3.1.5}{\376\377\000C\000i\000r\000c\000u\000l\000a\000r\000\040\000s\000y\000m\000m\000e\000t\000r\000y}{section.3.1}% 168
\BOOKMARK [2][-]{subsection.3.1.6}{\376\377\000U\000n\000i\000t\000a\000r\000y\000\040\000i\000n\000v\000a\000r\000i\000a\000n\000c\000e}{section.3.1}% 169
\BOOKMARK [2][-]{subsection.3.1.7}{\376\377\000L\000i\000n\000e\000a\000r\000\040\000t\000r\000a\000n\000s\000f\000o\000r\000m\000a\000t\000i\000o\000n\000s}{section.3.1}% 170
\BOOKMARK [2][-]{subsection.3.1.8}{\376\377\000K\000u\000r\000t\000o\000s\000i\000s}{section.3.1}% 171
\BOOKMARK [2][-]{subsection.3.1.9}{\376\377\000R\000e\000l\000e\000v\000a\000n\000t\000\040\000d\000i\000s\000t\000r\000i\000b\000u\000t\000i\000o\000n\000s}{section.3.1}% 172
\BOOKMARK [1][-]{section.3.2}{\376\377\000C\000o\000n\000v\000e\000r\000g\000e\000n\000c\000e\000\040\000o\000f\000\040\000s\000e\000q\000u\000e\000n\000c\000e\000s}{chapter*.593}% 173
\BOOKMARK [1][-]{section.3.3}{\376\377\000L\000a\000r\000g\000e\000\040\000r\000a\000n\000d\000o\000m\000\040\000m\000a\000t\000r\000i\000c\000e\000s}{chapter*.593}% 174
\BOOKMARK [1][-]{section.3.4}{\376\377\000R\000a\000n\000d\000o\000m\000\040\000p\000r\000o\000c\000e\000s\000s\000e\000s}{chapter*.593}% 175
\BOOKMARK [2][-]{subsection.3.4.1}{\376\377\000S\000t\000a\000t\000i\000o\000n\000a\000r\000i\000t\000y}{section.3.4}% 176
\BOOKMARK [2][-]{subsection.3.4.2}{\376\377\000E\000r\000g\000o\000d\000i\000c\000i\000t\000y}{section.3.4}% 177
\BOOKMARK [2][-]{subsection.3.4.3}{\376\377\000S\000y\000s\000t\000e\000m\000\040\000A\000n\000a\000l\000y\000s\000i\000s\000\040\000\050\000H\000a\000n\000d\000w\000r\000i\000t\000t\000e\000n\000\040\000N\000o\000t\000e\000s\000\051}{section.3.4}% 178
\BOOKMARK [0][-]{chapter*.620}{\376\377\000A\000p\000p\000e\000n\000d\000i\000x\000\040\000D\000:\000\040\000G\000r\000a\000d\000i\000e\000n\000t\000\040\000o\000p\000e\000r\000a\000t\000o\000r}{}% 179
\BOOKMARK [0][-]{chapter*.631}{\376\377\000A\000p\000p\000e\000n\000d\000i\000x\000\040\000E\000:\000\040\000S\000p\000e\000c\000i\000a\000l\000\040\000f\000u\000n\000c\000t\000i\000o\000n\000s}{}% 180
\BOOKMARK [1][-]{section.5.1}{\376\377\000G\000a\000m\000m\000a\000\040\000f\000u\000n\000c\000t\000i\000o\000n}{chapter*.631}% 181
\BOOKMARK [1][-]{section.5.2}{\376\377\000D\000i\000g\000a\000m\000m\000a\000\040\000f\000u\000n\000c\000t\000i\000o\000n}{chapter*.631}% 182
\BOOKMARK [1][-]{section.5.3}{\376\377\000E\000x\000p\000o\000n\000e\000n\000t\000i\000a\000l\000\040\000i\000n\000t\000e\000g\000r\000a\000l\000s}{chapter*.631}% 183
\BOOKMARK [1][-]{section.5.4}{\376\377\000B\000e\000s\000s\000e\000l\000\040\000f\000u\000n\000c\000t\000i\000o\000n\000s}{chapter*.631}% 184
\BOOKMARK [1][-]{section.5.5}{\376\377\000Q\000-\000f\000u\000n\000c\000t\000i\000o\000n}{chapter*.631}% 185
\BOOKMARK [1][-]{section.5.6}{\376\377\000H\000y\000p\000e\000r\000g\000e\000o\000m\000e\000t\000r\000i\000c\000\040\000f\000u\000n\000c\000t\000i\000o\000n\000s}{chapter*.631}% 186
\BOOKMARK [0][-]{chapter*.656}{\376\377\000A\000p\000p\000e\000n\000d\000i\000x\000\040\000F\000:\000\040\000L\000a\000n\000d\000a\000u\000\040\000s\000y\000m\000b\000o\000l\000s}{}% 187
\BOOKMARK [0][-]{chapter*.659}{\376\377\000A\000p\000p\000e\000n\000d\000i\000x\000\040\000G\000:\000\040\000C\000o\000n\000v\000e\000x\000\040\000o\000p\000t\000i\000m\000i\000z\000a\000t\000i\000o\000n}{}% 188
\BOOKMARK [1][-]{section.7.1}{\376\377\000C\000o\000n\000v\000e\000x\000\040\000s\000e\000t\000s}{chapter*.659}% 189
\BOOKMARK [1][-]{section.7.2}{\376\377\000C\000o\000n\000v\000e\000x\000\040\000a\000n\000d\000\040\000c\000o\000n\000c\000a\000v\000e\000\040\000f\000u\000n\000c\000t\000i\000o\000n\000s}{chapter*.659}% 190
\BOOKMARK [1][-]{section.7.3}{\376\377\000C\000o\000n\000v\000e\000x\000\040\000o\000p\000t\000i\000m\000i\000z\000a\000t\000i\000o\000n\000\040\000p\000r\000o\000b\000l\000e\000m\000s}{chapter*.659}% 191
\BOOKMARK [1][-]{section.7.4}{\376\377\000K\000K\000T\000\040\000o\000p\000t\000i\000m\000a\000l\000i\000t\000y\000\040\000c\000o\000n\000d\000i\000t\000i\000o\000n\000s}{chapter*.659}% 192
\BOOKMARK [1][-]{section.7.5}{\376\377\000L\000a\000g\000r\000a\000n\000g\000e\000\040\000m\000u\000l\000t\000i\000p\000l\000i\000e\000r\000s}{chapter*.659}% 193
\BOOKMARK [1][-]{section.7.6}{\376\377\000J\000e\000n\000s\000e\000n\000'\000s\000\040\000i\000n\000e\000q\000u\000a\000l\000i\000t\000y}{chapter*.659}% 194
