\BOOKMARK [1][-]{section.1}{\376\377\000D\000i\000v\000i\000s\000i\000b\000i\000l\000i\000t\000y}{}% 1
\BOOKMARK [2][-]{theorem.1}{\376\377\000T\000h\000:\000\040\000T\000r\000a\000n\000s\000i\000t\000i\000v\000i\000t\000y\000\040\000o\000f\000\040\000D\000i\000v\000i\000s\000i\000b\000i\000l\000i\000t\000y}{section.1}% 2
\BOOKMARK [3][-]{proposition.1}{\376\377\000P\000r\000o\000p\000:\000\040\000E\000q\000u\000a\000l\000i\000t\000y\000\040\000f\000r\000o\000m\000\040\000M\000u\000t\000u\000a\000l\000\040\000D\000i\000v\000i\000s\000i\000b\000i\000l\000i\000t\000y}{theorem.1}% 3
\BOOKMARK [3][-]{theorem.2}{\376\377\000T\000h\000:\000\040\000L\000i\000n\000e\000a\000r\000i\000t\000y\000\040\000P\000r\000o\000p\000e\000r\000t\000y\000\040\000o\000f\000\040\000D\000i\000v\000i\000s\000i\000b\000i\000l\000i\000t\000y}{theorem.1}% 4
\BOOKMARK [3][-]{proposition.2}{\376\377\000P\000r\000o\000p\000:\000\040\000E\000u\000c\000l\000i\000d\000e\000a\000n\000\040\000D\000i\000v\000i\000s\000i\000o\000n}{theorem.1}% 5
\BOOKMARK [3][-]{proposition.3}{\376\377\000P\000r\000o\000p\000:\000\040\000B\000i\000n\000a\000r\000y\000\040\000R\000e\000p\000r\000e\000s\000e\000n\000t\000a\000t\000i\000o\000n\000\040\000f\000r\000o\000m\000\040\000R\000e\000p\000e\000a\000t\000e\000d\000\040\000D\000i\000v\000i\000s\000i\000o\000n}{theorem.1}% 6
\BOOKMARK [3][-]{thmt@dummyctr.dummy.7}{\376\377\000R\000e\000m\000:\000\040\000U\000p\000p\000e\000r\000\040\000B\000o\000u\000n\000d\000\040\000o\000f\000\040\000a\000\040\000B\000-\000b\000i\000t\000\040\000N\000u\000m\000b\000e\000r}{theorem.1}% 7
\BOOKMARK [3][-]{corollary.1}{\376\377\000C\000o\000r\000:\000\040\000R\000a\000n\000g\000e\000\040\000o\000f\000\040\000a\000\040\000B\000-\000b\000i\000t\000\040\000N\000u\000m\000b\000e\000r}{theorem.1}% 8
\BOOKMARK [1][-]{section.2}{\376\377\000T\000h\000e\000\040\000G\000r\000e\000a\000t\000e\000s\000t\000\040\000C\000o\000m\000m\000o\000n\000\040\000D\000i\000v\000i\000s\000o\000r\000\040\000\050\000G\000C\000D\000\051}{}% 9
\BOOKMARK [2][-]{definition.1}{\376\377\000D\000e\000f\000:\000\040\000G\000r\000e\000a\000t\000e\000s\000t\000\040\000C\000o\000m\000m\000o\000n\000\040\000D\000i\000v\000i\000s\000o\000r}{section.2}% 10
\BOOKMARK [3][-]{thmt@dummyctr.dummy.10}{\376\377\000R\000e\000m\000:\000\040\000E\000x\000a\000m\000p\000l\000e\000\040\000o\000f\000\040\000G\000C\000D}{definition.1}% 11
\BOOKMARK [1][-]{section.3}{\376\377\000T\000h\000e\000\040\000E\000u\000c\000l\000i\000d\000e\000a\000n\000\040\000A\000l\000g\000o\000r\000i\000t\000h\000m}{}% 12
\BOOKMARK [2][-]{theorem.1}{\376\377\000T\000h\000:\000\040\000E\000u\000c\000l\000i\000d\000e\000a\000n\000\040\000A\000l\000g\000o\000r\000i\000t\000h\000m}{section.3}% 13
\BOOKMARK [3][-]{proposition.1}{\376\377\000P\000r\000o\000p\000:\000\040\000E\000x\000t\000e\000n\000d\000e\000d\000\040\000E\000u\000c\000l\000i\000d\000e\000a\000n\000\040\000A\000l\000g\000o\000r\000i\000t\000h\000m}{theorem.1}% 14
\BOOKMARK [3][-]{proposition.2}{\376\377\000P\000r\000o\000p\000:\000\040\000S\000o\000l\000v\000a\000b\000i\000l\000i\000t\000y\000\040\000C\000o\000n\000d\000i\000t\000i\000o\000n}{theorem.1}% 15
\BOOKMARK [3][-]{proposition.3}{\376\377\000P\000r\000o\000p\000:\000\040\000F\000o\000r\000m\000\040\000o\000f\000\040\000A\000l\000l\000\040\000S\000o\000l\000u\000t\000i\000o\000n\000s}{theorem.1}% 16
\BOOKMARK [1][-]{section.4}{\376\377\000C\000o\000p\000r\000i\000m\000e\000\040\000n\000u\000m\000b\000e\000r\000s}{}% 17
\BOOKMARK [2][-]{definition.1}{\376\377\000D\000e\000f\000:\000\040\000P\000r\000i\000m\000e\000\040\000N\000u\000m\000b\000e\000r}{section.4}% 18
\BOOKMARK [3][-]{theorem.1}{\376\377\000T\000h\000:\000\040\000E\000u\000c\000l\000i\000d}{definition.1}% 19
\BOOKMARK [3][-]{proposition.1}{\376\377\000P\000r\000o\000p\000:\000\040\000D\000i\000v\000i\000s\000o\000r\000s\000\040\000o\000f\000\040\000C\000o\000m\000p\000o\000s\000i\000t\000e\000\040\000N\000u\000m\000b\000e\000r\000s}{definition.1}% 20
\BOOKMARK [3][-]{proposition.2}{\376\377\000P\000r\000o\000p\000:\000\040\000C\000h\000a\000r\000a\000c\000t\000e\000r\000i\000s\000a\000t\000i\000o\000n\000\040\000o\000f\000\040\000C\000o\000p\000r\000i\000m\000e\000\040\000N\000u\000m\000b\000e\000r\000s}{definition.1}% 21
\BOOKMARK [3][-]{proposition.3}{\376\377\000P\000r\000o\000p\000:\000\040\000P\000r\000i\000m\000e\000\040\000D\000i\000v\000i\000s\000o\000r\000\040\000P\000r\000o\000p\000e\000r\000t\000y}{definition.1}% 22
\BOOKMARK [3][-]{theorem.2}{\376\377\000T\000h\000:\000\040\000F\000u\000n\000d\000a\000m\000e\000n\000t\000a\000l\000\040\000T\000h\000e\000o\000r\000e\000m\000\040\000o\000f\000\040\000A\000r\000i\000t\000h\000m\000e\000t\000i\000c}{definition.1}% 23
\BOOKMARK [1][-]{section.5}{\376\377\000C\000l\000a\000s\000s\000e\000s\000\040\000M\000o\000d\000u\000l\000o\000\040\000m}{}% 24
\BOOKMARK [2][-]{theorem.1}{\376\377\000T\000h\000:\000\040\000E\000x\000i\000s\000t\000e\000n\000c\000e\000\040\000o\000f\000\040\000a\000\040\000U\000n\000i\000q\000u\000e\000\040\000R\000e\000m\000a\000i\000n\000d\000e\000r}{section.5}% 25
\BOOKMARK [3][-]{theorem.2}{\376\377\000T\000h\000:\000\040\000C\000o\000n\000g\000r\000u\000e\000n\000c\000e\000\040\000i\000s\000\040\000a\000n\000\040\000E\000q\000u\000i\000v\000a\000l\000e\000n\000c\000e\000\040\000R\000e\000l\000a\000t\000i\000o\000n}{theorem.1}% 26
\BOOKMARK [3][-]{proposition.2}{\376\377\000P\000r\000o\000p\000:\000\040\000E\000q\000u\000i\000v\000a\000l\000e\000n\000c\000e\000\040\000C\000l\000a\000s\000s\000e\000s\000\040\000F\000o\000r\000m\000\040\000a\000\040\000P\000a\000r\000t\000i\000t\000i\000o\000n}{theorem.1}% 27
\BOOKMARK [1][-]{section.6}{\376\377\000I\000n\000v\000e\000r\000t\000i\000b\000i\000l\000i\000t\000y\000\040\000M\000o\000d\000u\000l\000o\000\040\000m}{}% 28
\BOOKMARK [2][-]{proposition.1}{\376\377\000P\000r\000o\000p\000:\000\040\000C\000o\000m\000p\000a\000t\000i\000b\000i\000l\000i\000t\000y}{section.6}% 29
\BOOKMARK [3][-]{theorem.2}{\376\377\000T\000h\000:\000\040\000C\000h\000a\000r\000a\000c\000t\000e\000r\000i\000z\000a\000t\000i\000o\000n\000\040\000o\000f\000\040\000I\000n\000v\000e\000r\000t\000i\000b\000i\000l\000i\000t\000y}{proposition.1}% 30
\BOOKMARK [1][-]{section.7}{\376\377\000S\000o\000l\000v\000i\000n\000g\000\040\000L\000i\000n\000e\000a\000r\000\040\000C\000o\000n\000g\000r\000u\000e\000n\000c\000e\000s}{}% 31
\BOOKMARK [2][-]{proposition.1}{\376\377\000P\000r\000o\000p\000:\000\040\000S\000o\000l\000v\000a\000b\000i\000l\000i\000t\000y\000\040\000C\000o\000n\000d\000i\000t\000i\000o\000n}{section.7}% 32
\BOOKMARK [3][-]{proposition.2}{\376\377\000P\000r\000o\000p\000:\000\040\000N\000u\000m\000b\000e\000r\000\040\000o\000f\000\040\000S\000o\000l\000u\000t\000i\000o\000n\000s}{proposition.1}% 33
\BOOKMARK [1][-]{section.8}{\376\377\000C\000h\000i\000n\000e\000s\000e\000\040\000R\000e\000m\000a\000i\000n\000d\000e\000r\000\040\000T\000h\000e\000o\000r\000e\000m\000\040\000\050\000C\000R\000T\000\051}{}% 34
\BOOKMARK [2][-]{theorem.1}{\376\377\000T\000h\000:\000\040\000C\000h\000i\000n\000e\000s\000e\000\040\000R\000e\000m\000a\000i\000n\000d\000e\000r\000\040\000T\000h\000e\000o\000r\000e\000m}{section.8}% 35
\BOOKMARK [1][-]{section.9}{\376\377\000E\000u\000l\000e\000r\000'\000s\000\040\000p\000h\000i\000\040\000F\000u\000n\000c\000t\000i\000o\000n}{}% 36
\BOOKMARK [2][-]{definition.1}{\376\377\000D\000e\000f\000:\000\040\000E\000u\000l\000e\000r\000'\000s\000\040\000T\000o\000t\000i\000e\000n\000t\000\040\000F\000u\000n\000c\000t\000i\000o\000n\000,\000\040}{section.9}% 37
\BOOKMARK [3][-]{definition.2}{\376\377\000D\000e\000f\000:\000\040\000R\000e\000m\000a\000i\000n\000d\000e\000r\000\040\000M\000a\000p}{definition.1}% 38
\BOOKMARK [3][-]{proposition.1}{\376\377\000P\000r\000o\000p\000:\000\040\000R\000e\000m\000a\000i\000n\000d\000e\000r\000\040\000M\000a\000p\000\040\000i\000s\000\040\000W\000e\000l\000l\000-\000D\000e\000f\000i\000n\000e\000d}{definition.1}% 39
\BOOKMARK [3][-]{theorem.1}{\376\377\000T\000h\000:\000\040\000B\000i\000j\000e\000c\000t\000i\000v\000i\000t\000y\000\040\000o\000f\000\040\000t\000h\000e\000\040\000R\000e\000m\000a\000i\000n\000d\000e\000r\000\040\000M\000a\000p\000\040\000w\000i\000t\000h\000\040\000C\000o\000p\000r\000i\000m\000e\000\040\000F\000a\000c\000t\000o\000r\000s}{definition.1}% 40
\BOOKMARK [3][-]{theorem.2}{\376\377\000T\000h\000:\000\040\000T\000o\000t\000i\000e\000n\000t\000\040\000o\000f\000\040\000a\000\040\000P\000r\000i\000m\000e\000\040\000N\000u\000m\000b\000e\000r}{definition.1}% 41
\BOOKMARK [3][-]{theorem.3}{\376\377\000T\000h\000:\000\040\000P\000r\000i\000m\000a\000l\000i\000t\000y\000\040\000T\000e\000s\000t\000\040\000v\000i\000a\000\040\000t\000h\000e\000\040\000T\000o\000t\000i\000e\000n\000t\000\040\000F\000u\000n\000c\000t\000i\000o\000n}{definition.1}% 42
\BOOKMARK [3][-]{proposition.2}{\376\377\000P\000r\000o\000p\000:\000\040\000T\000o\000t\000i\000e\000n\000t\000\040\000o\000f\000\040\000a\000\040\000P\000r\000i\000m\000e\000\040\000P\000o\000w\000e\000r}{definition.1}% 43
\BOOKMARK [3][-]{theorem.4}{\376\377\000T\000h\000:\000\040\000M\000u\000l\000t\000i\000p\000l\000i\000c\000a\000t\000i\000v\000i\000t\000y\000\040\000o\000f\000\040\000E\000u\000l\000e\000r\000'\000s\000\040\000T\000o\000t\000i\000e\000n\000t\000\040\000F\000u\000n\000c\000t\000i\000o\000n}{definition.1}% 44
\BOOKMARK [1][-]{section.10}{\376\377\000T\000h\000e\000\040\000f\000a\000s\000t\000\040\000p\000o\000w\000e\000r\000i\000n\000g\000\040\000a\000l\000g\000o\000r\000i\000t\000h\000m}{}% 45
\BOOKMARK [2][-]{theorem.1}{\376\377\000T\000h\000:\000\040\000S\000o\000l\000v\000a\000b\000i\000l\000i\000t\000y\000\040\000o\000f\000\040\000a\000\040\000S\000y\000s\000t\000e\000m\000\040\000o\000f\000\040\000T\000w\000o\000\040\000L\000i\000n\000e\000a\000r\000\040\000C\000o\000n\000g\000r\000u\000e\000n\000c\000e\000s}{section.10}% 46
\BOOKMARK [3][-]{proposition.1}{\376\377\000P\000r\000o\000p\000:\000\040\000G\000e\000n\000e\000r\000a\000l\000\040\000S\000o\000l\000v\000a\000b\000i\000l\000i\000t\000y\000\040\000C\000o\000n\000d\000i\000t\000i\000o\000n}{theorem.1}% 47
\BOOKMARK [3][-]{algorithm.1}{\376\377\000A\000l\000g\000:\000\040\000F\000a\000s\000t\000\040\000P\000o\000w\000e\000r\000i\000n\000g\000\040\000A\000l\000g\000o\000r\000i\000t\000h\000m}{theorem.1}% 48
\BOOKMARK [3][-]{thmt@dummyctr.dummy.49}{\376\377\000R\000e\000m\000:\000\040\000C\000o\000m\000p\000l\000e\000x\000i\000t\000y\000\040\000o\000f\000\040\000t\000h\000e\000\040\000F\000a\000s\000t\000\040\000P\000o\000w\000e\000r\000i\000n\000g\000\040\000A\000l\000g\000o\000r\000i\000t\000h\000m}{theorem.1}% 49
\BOOKMARK [3][-]{proposition.2}{\376\377\000P\000r\000o\000p\000:\000\040\000E\000f\000f\000i\000c\000i\000e\000n\000c\000y\000\040\000C\000o\000m\000p\000a\000r\000i\000s\000o\000n}{theorem.1}% 50
\BOOKMARK [3][-]{thmt@dummyctr.dummy.51}{\376\377\000R\000e\000m\000:\000\040\000P\000r\000o\000b\000l\000e\000m\000\040\000S\000t\000a\000t\000e\000m\000e\000n\000t}{theorem.1}% 51
\BOOKMARK [3][-]{thmt@dummyctr.dummy.52}{\376\377\000R\000e\000m\000:\000\040\000M\000e\000t\000h\000o\000d\000\040\000P\000r\000i\000n\000c\000i\000p\000l\000e}{theorem.1}% 52
\BOOKMARK [3][-]{thmt@dummyctr.dummy.53}{\376\377\000R\000e\000m\000:\000\040\000C\000o\000m\000p\000l\000e\000x\000i\000t\000y\000\040\000A\000n\000a\000l\000y\000s\000i\000s}{theorem.1}% 53
\BOOKMARK [3][-]{theorem.2}{\376\377\000T\000h\000:\000\040\000F\000e\000r\000m\000a\000t\000'\000s\000\040\000L\000i\000t\000t\000l\000e\000\040\000T\000h\000e\000o\000r\000e\000m\000\040\000-\000\040\000P\000r\000i\000m\000a\000r\000y\000\040\000F\000o\000r\000m}{theorem.1}% 54
\BOOKMARK [3][-]{theorem.3}{\376\377\000T\000h\000:\000\040\000F\000e\000r\000m\000a\000t\000'\000s\000\040\000L\000i\000t\000t\000l\000e\000\040\000T\000h\000e\000o\000r\000e\000m\000\040\000-\000\040\000A\000l\000t\000e\000r\000n\000a\000t\000i\000v\000e\000\040\000F\000o\000r\000m}{theorem.1}% 55
\BOOKMARK [3][-]{thmt@dummyctr.dummy.56}{\376\377\000R\000e\000m\000:\000\040\000C\000o\000n\000d\000i\000t\000i\000o\000n\000s\000\040\000f\000o\000r\000\040\000A\000p\000p\000l\000i\000c\000a\000t\000i\000o\000n}{theorem.1}% 56
\BOOKMARK [1][-]{section.11}{\376\377\000F\000e\000r\000m\000a\000t\000'\000s\000\040\000l\000i\000t\000t\000l\000e\000\040\000t\000h\000e\000o\000r\000e\000m}{}% 57
\BOOKMARK [2][-]{theorem.1}{\376\377\000T\000h\000:\000\040\000F\000e\000r\000m\000a\000t\000'\000s\000\040\000L\000i\000t\000t\000l\000e\000\040\000T\000h\000e\000o\000r\000e\000m}{section.11}% 58
\BOOKMARK [3][-]{corollary.1}{\376\377\000C\000o\000r\000:\000\040\000M\000o\000d\000u\000l\000a\000r\000\040\000E\000x\000p\000o\000n\000e\000n\000t\000i\000a\000t\000i\000o\000n}{theorem.1}% 59
\BOOKMARK [3][-]{corollary.2}{\376\377\000C\000o\000r\000:\000\040\000F\000i\000n\000d\000i\000n\000g\000\040\000M\000o\000d\000u\000l\000a\000r\000\040\000I\000n\000v\000e\000r\000s\000e\000s}{theorem.1}% 60
\BOOKMARK [3][-]{corollary.3}{\376\377\000C\000o\000r\000:\000\040\000F\000e\000r\000m\000a\000t\000\040\000P\000r\000i\000m\000a\000l\000i\000t\000y\000\040\000T\000e\000s\000t}{theorem.1}% 61
\BOOKMARK [1][-]{section.12}{\376\377\000T\000h\000e\000\040\000O\000r\000d\000e\000r\000\040\000o\000f\000\040\000a\000n\000\040\000E\000l\000e\000m\000e\000n\000t\000\040\000a\000n\000d\000\040\000P\000r\000i\000m\000i\000t\000i\000v\000e\000\040\000R\000o\000o\000t\000s}{}% 62
\BOOKMARK [2][-]{definition.1}{\376\377\000D\000e\000f\000:\000\040\000O\000r\000d\000e\000r\000\040\000o\000f\000\040\000a\000n\000\040\000E\000l\000e\000m\000e\000n\000t}{section.12}% 63
\BOOKMARK [3][-]{proposition.1}{\376\377\000P\000r\000o\000p\000:\000\040\000O\000r\000d\000e\000r\000\040\000D\000i\000v\000i\000s\000i\000b\000i\000l\000i\000t\000y\000\040\000P\000r\000o\000p\000e\000r\000t\000y}{definition.1}% 64
\BOOKMARK [3][-]{proposition.2}{\376\377\000P\000r\000o\000p\000:\000\040\000E\000q\000u\000a\000l\000i\000t\000y\000\040\000o\000f\000\040\000P\000o\000w\000e\000r\000s}{definition.1}% 65
\BOOKMARK [3][-]{definition.2}{\376\377\000D\000e\000f\000:\000\040\000P\000r\000i\000m\000i\000t\000i\000v\000e\000\040\000R\000o\000o\000t}{definition.1}% 66
\BOOKMARK [3][-]{theorem.1}{\376\377\000T\000h\000:\000\040\000P\000r\000i\000m\000i\000t\000i\000v\000e\000\040\000R\000o\000o\000t\000\040\000C\000o\000n\000d\000i\000t\000i\000o\000n}{definition.1}% 67
\BOOKMARK [3][-]{theorem.2}{\376\377\000T\000h\000:\000\040\000C\000h\000a\000r\000a\000c\000t\000e\000r\000i\000z\000a\000t\000i\000o\000n\000\040\000o\000f\000\040\000t\000h\000e\000\040\000P\000r\000i\000m\000i\000t\000i\000v\000e\000\040\000R\000o\000o\000t\000s}{definition.1}% 68
\BOOKMARK [3][-]{theorem.3}{\376\377\000T\000h\000:\000\040\000E\000x\000i\000s\000t\000e\000n\000c\000e\000\040\000o\000f\000\040\000P\000r\000i\000m\000i\000t\000i\000v\000e\000\040\000R\000o\000o\000t\000s}{definition.1}% 69
\BOOKMARK [3][-]{lemma.1}{\376\377\000l\000e\000m\000m\000a\000:\000\040\000E\000f\000f\000e\000c\000t\000i\000v\000e\000\040\000T\000e\000s\000t\000\040\000f\000o\000r\000\040\000a\000\040\000P\000r\000i\000m\000i\000t\000i\000v\000e\000\040\000R\000o\000o\000t\000\040\000C\000a\000n\000d\000i\000d\000a\000t\000e}{definition.1}% 70
\BOOKMARK [3][-]{algorithm.1}{\376\377\000A\000l\000g\000:\000\040\000F\000i\000n\000d\000i\000n\000g\000\040\000a\000\040\000P\000r\000i\000m\000i\000t\000i\000v\000e\000\040\000R\000o\000o\000t}{definition.1}% 71
\BOOKMARK [1][-]{section.13}{\376\377\000N\000u\000m\000b\000e\000r\000\040\000o\000f\000\040\000P\000r\000i\000m\000i\000t\000i\000v\000e\000\040\000R\000o\000o\000t\000s}{}% 72
\BOOKMARK [2][-]{theorem.1}{\376\377\000T\000h\000:\000\040\000C\000h\000a\000r\000a\000c\000t\000e\000r\000i\000z\000a\000t\000i\000o\000n\000\040\000o\000f\000\040\000P\000o\000w\000e\000r\000s\000\040\000a\000s\000\040\000P\000r\000i\000m\000i\000t\000i\000v\000e\000\040\000R\000o\000o\000t\000s}{section.13}% 73
\BOOKMARK [3][-]{proposition.1}{\376\377\000P\000r\000o\000p\000:\000\040\000T\000h\000e\000\040\000O\000r\000d\000e\000r\000\040\000o\000f\000\040\000a\000\040\000P\000o\000w\000e\000r}{theorem.1}% 74
\BOOKMARK [3][-]{corollary.1}{\376\377\000C\000o\000r\000:\000\040\000A\000l\000t\000e\000r\000n\000a\000t\000i\000v\000e\000\040\000P\000r\000o\000o\000f}{theorem.1}% 75
\BOOKMARK [3][-]{theorem.2}{\376\377\000T\000h\000:\000\040\000A\000r\000t\000i\000n\000'\000s\000\040\000C\000o\000n\000j\000e\000c\000t\000u\000r\000e\000\040\000\050\000H\000o\000o\000l\000e\000y\000,\000\040\0001\0009\0006\0007\000\040\000-\000\040\000u\000n\000d\000e\000r\000\040\000G\000R\000H\000\051}{theorem.1}% 76
\BOOKMARK [3][-]{theorem.3}{\376\377\000T\000h\000:\000\040\000R\000o\000g\000e\000r\000-\000H\000e\000a\000t\000h\000-\000B\000r\000o\000w\000n\000,\000\040\0001\0009\0008\0005\000\040\000-\000\040\000u\000n\000c\000o\000n\000d\000i\000t\000i\000o\000n\000a\000l}{theorem.1}% 77
